#
# There is insufficient memory for the Java Runtime Environment to continue.
# Native memory allocation (malloc) failed to allocate 275296 bytes. Error detail: Chunk::new
# Possible reasons:
#   The system is out of physical RAM or swap space
#   This process is running with CompressedOops enabled, and the Java Heap may be blocking the growth of the native heap
# Possible solutions:
#   Reduce memory load on the system
#   Increase physical memory or swap space
#   Check if swap backing store is full
#   Decrease Java heap size (-Xmx/-Xms)
#   Decrease number of Java threads
#   Decrease Java thread stack sizes (-Xss)
#   Set larger code cache with -XX:ReservedCodeCacheSize=
#   JVM is running with Zero Based Compressed Oops mode in which the Java heap is
#     placed in the first 32GB address space. The Java Heap base address is the
#     maximum limit for the native heap growth. Please use -XX:HeapBaseMinAddress
#     to set the Java Heap base and to place the Java Heap above 32GB virtual address.
# This output file may be truncated or incomplete.
#
#  Out of Memory Error (arena.cpp:150), pid=14844, tid=31756
#
# JRE version: Java(TM) SE Runtime Environment (22.0.1+8) (build 22.0.1+8-16)
# Java VM: Java HotSpot(TM) 64-Bit Server VM (22.0.1+8-16, mixed mode, sharing, tiered, compressed oops, compressed class ptrs, g1 gc, windows-amd64)
# No core dump will be written. Minidumps are not enabled by default on client versions of Windows
#

---------------  S U M M A R Y ------------

Command Line: -Dfile.encoding=UTF-8 --module-path=C:\Users\dhond\Documents\NetBeansProjects\Bank management system\build\classes bank.management.system.Signup3

Host: AMD Ryzen 5 5625U with Radeon Graphics         , 12 cores, 15G,  Windows 11 , 64 bit Build 22621 (10.0.22621.4391)
Time: Sun Feb 16 13:52:51 2025 India Standard Time elapsed time: 1.465604 seconds (0d 0h 0m 1s)

---------------  T H R E A D  ---------------

Current thread (0x00000247ad0d01c0):  JavaThread "C2 CompilerThread0" daemon [_thread_in_native, id=31756, stack(0x0000006cd6100000,0x0000006cd6200000) (1024K)]


Current CompileTask:
C2:1465 1043   !   4       sun.font.TrueTypeFont::getTableBuffer (208 bytes)

Stack: [0x0000006cd6100000,0x0000006cd6200000]
Native frames: (J=compiled Java code, j=interpreted, Vv=VM code, C=native code)
V  [jvm.dll+0x6e2279]  (no source info available)
V  [jvm.dll+0x874e33]  (no source info available)
V  [jvm.dll+0x87725e]  (no source info available)
V  [jvm.dll+0x877933]  (no source info available)
V  [jvm.dll+0x27fd76]  (no source info available)
V  [jvm.dll+0xc3d0f]  (no source info available)
V  [jvm.dll+0xc3f6b]  (no source info available)
V  [jvm.dll+0x2f3c2f]  (no source info available)
V  [jvm.dll+0x60bc9a]  (no source info available)
V  [jvm.dll+0x249a35]  (no source info available)
V  [jvm.dll+0x246ec6]  (no source info available)
V  [jvm.dll+0x1c4e90]  (no source info available)
V  [jvm.dll+0x2569fe]  (no source info available)
V  [jvm.dll+0x254cba]  (no source info available)
V  [jvm.dll+0x3f5336]  (no source info available)
V  [jvm.dll+0x81d44b]  (no source info available)
V  [jvm.dll+0x6e0915]  (no source info available)
C  [ucrtbase.dll+0x29333]  (no source info available)
C  [KERNEL32.DLL+0x1259d]  (no source info available)
C  [ntdll.dll+0x5af38]  (no source info available)


---------------  P R O C E S S  ---------------

Threads class SMR info:
_java_thread_list=0x00000247f3c3a0d0, length=16, elements={
0x00000247ad0b7440, 0x00000247ad0b8160, 0x00000247ad0bcbe0, 0x00000247ad0bd640,
0x00000247ad0be0a0, 0x00000247ad0c1250, 0x00000247ad0d01c0, 0x00000247ad0d4c80,
0x00000247ad0869c0, 0x00000247ad3f7e70, 0x00000247ad57b7b0, 0x00000247ad5828f0,
0x00000247ad586520, 0x00000247f3c24a10, 0x000002478bc89590, 0x00000247f3c80970
}

Java Threads: ( => current thread )
  0x00000247ad0b7440 JavaThread "Reference Handler"          daemon [_thread_blocked, id=32816, stack(0x0000006cd5b00000,0x0000006cd5c00000) (1024K)]
  0x00000247ad0b8160 JavaThread "Finalizer"                  daemon [_thread_blocked, id=13072, stack(0x0000006cd5c00000,0x0000006cd5d00000) (1024K)]
  0x00000247ad0bcbe0 JavaThread "Signal Dispatcher"          daemon [_thread_blocked, id=32444, stack(0x0000006cd5d00000,0x0000006cd5e00000) (1024K)]
  0x00000247ad0bd640 JavaThread "Attach Listener"            daemon [_thread_blocked, id=33228, stack(0x0000006cd5e00000,0x0000006cd5f00000) (1024K)]
  0x00000247ad0be0a0 JavaThread "Service Thread"             daemon [_thread_blocked, id=27892, stack(0x0000006cd5f00000,0x0000006cd6000000) (1024K)]
  0x00000247ad0c1250 JavaThread "Monitor Deflation Thread"   daemon [_thread_blocked, id=24960, stack(0x0000006cd6000000,0x0000006cd6100000) (1024K)]
=>0x00000247ad0d01c0 JavaThread "C2 CompilerThread0"         daemon [_thread_in_native, id=31756, stack(0x0000006cd6100000,0x0000006cd6200000) (1024K)]
  0x00000247ad0d4c80 JavaThread "C1 CompilerThread0"         daemon [_thread_blocked, id=33596, stack(0x0000006cd6200000,0x0000006cd6300000) (1024K)]
  0x00000247ad0869c0 JavaThread "Common-Cleaner"             daemon [_thread_blocked, id=31440, stack(0x0000006cd6300000,0x0000006cd6400000) (1024K)]
  0x00000247ad3f7e70 JavaThread "Notification Thread"        daemon [_thread_blocked, id=32948, stack(0x0000006cd6500000,0x0000006cd6600000) (1024K)]
  0x00000247ad57b7b0 JavaThread "Java2D Disposer"            daemon [_thread_blocked, id=16380, stack(0x0000006cd6600000,0x0000006cd6700000) (1024K)]
  0x00000247ad5828f0 JavaThread "AWT-Shutdown"                      [_thread_blocked, id=33500, stack(0x0000006cd6400000,0x0000006cd6500000) (1024K)]
  0x00000247ad586520 JavaThread "AWT-Windows"                daemon [_thread_in_native, id=13532, stack(0x0000006cd6700000,0x0000006cd6800000) (1024K)]
  0x00000247f3c24a10 JavaThread "AWT-EventQueue-0"                  [_thread_in_vm, id=33212, stack(0x0000006cd7200000,0x0000006cd7300000) (1024K)]
  0x000002478bc89590 JavaThread "DestroyJavaVM"                     [_thread_blocked, id=33248, stack(0x0000006cd5300000,0x0000006cd5400000) (1024K)]
  0x00000247f3c80970 JavaThread "C2 CompilerThread1"         daemon [_thread_blocked, id=33576, stack(0x0000006cd7300000,0x0000006cd7400000) (1024K)]
Total: 16

Other Threads:
  0x00000247ad0a00d0 VMThread "VM Thread"                           [id=31904, stack(0x0000006cd5a00000,0x0000006cd5b00000) (1024K)]
  0x00000247ad082680 WatcherThread "VM Periodic Task Thread"        [id=24992, stack(0x0000006cd5900000,0x0000006cd5a00000) (1024K)]
  0x000002478df4c6f0 WorkerThread "GC Thread#0"                     [id=31084, stack(0x0000006cd5400000,0x0000006cd5500000) (1024K)]
  0x000002478df5d880 ConcurrentGCThread "G1 Main Marker"            [id=32320, stack(0x0000006cd5500000,0x0000006cd5600000) (1024K)]
  0x000002478df5e540 WorkerThread "G1 Conc#0"                       [id=32492, stack(0x0000006cd5600000,0x0000006cd5700000) (1024K)]
  0x00000247acf565b0 ConcurrentGCThread "G1 Refine#0"               [id=18348, stack(0x0000006cd5700000,0x0000006cd5800000) (1024K)]
  0x00000247acf57130 ConcurrentGCThread "G1 Service"                [id=15984, stack(0x0000006cd5800000,0x0000006cd5900000) (1024K)]
Total: 7

Threads with active compile tasks:
C2 CompilerThread0  1582 1043   !   4       sun.font.TrueTypeFont::getTableBuffer (208 bytes)
Total: 1

VM state: not at safepoint (normal execution)

VM Mutex/Monitor currently owned by a thread:  ([mutex/lock_event])
[0x00007ffe909b9b38] Metaspace_lock - owner thread: 0x00000247f3c24a10

Heap address: 0x000000070a600000, size: 3930 MB, Compressed Oops mode: Zero based, Oop shift amount: 3

CDS archive(s) mapped at: [0x00000247ae000000-0x00000247aec60000-0x00000247aec60000), size 12976128, SharedBaseAddress: 0x00000247ae000000, ArchiveRelocationMode: 1.
Compressed class space mapped at: 0x00000247af000000-0x00000247ef000000, reserved size: 1073741824
Narrow klass base: 0x00000247ae000000, Narrow klass shift: 0, Narrow klass range: 0x41000000

GC Precious Log:
 CardTable entry size: 512
 Card Set container configuration: InlinePtr #cards 4 size 8 Array Of Cards #cards 16 size 48 Howl #buckets 8 coarsen threshold 3686 Howl Bitmap #cards 512 size 80 coarsen threshold 460 Card regions per heap region 1 cards per card region 4096
 CPUs: 12 total, 12 available
 Memory: 15712M
 Large Page Support: Disabled
 NUMA Support: Disabled
 Compressed Oops: Enabled (Zero based)
 Heap Region Size: 2M
 Heap Min Capacity: 8M
 Heap Initial Capacity: 246M
 Heap Max Capacity: 3930M
 Pre-touch: Disabled
 Parallel Workers: 10
 Concurrent Workers: 3
 Concurrent Refinement Workers: 10
 Periodic GC: Disabled

Heap:
 garbage-first heap   total reserved 4024320K, committed 251904K, used 22528K [0x000000070a600000, 0x0000000800000000)
  region size 2048K, 9 young (18432K), 0 survivors (0K)
 Metaspace       used 6711K, committed 6912K, reserved 1114112K
  class space    used 732K, committed 832K, reserved 1048576K

Heap Regions: E=young(eden), S=young(survivor), O=old, HS=humongous(starts), HC=humongous(continues), CS=collection set, F=free, TAMS=top-at-mark-start, PB=parsable bottom
|   0|0x000000070a600000, 0x000000070a800000, 0x000000070a800000|100%|HS|  |TAMS 0x000000070a600000| PB 0x000000070a600000| Complete |  0
|   1|0x000000070a800000, 0x000000070aa00000, 0x000000070aa00000|100%|HC|  |TAMS 0x000000070a800000| PB 0x000000070a800000| Complete |  0
|   2|0x000000070aa00000, 0x000000070ac00000, 0x000000070ac00000|100%|HC|  |TAMS 0x000000070aa00000| PB 0x000000070aa00000| Complete |  0
|   3|0x000000070ac00000, 0x000000070ac00000, 0x000000070ae00000|  0%| F|  |TAMS 0x000000070ac00000| PB 0x000000070ac00000| Untracked |  0
|   4|0x000000070ae00000, 0x000000070ae00000, 0x000000070b000000|  0%| F|  |TAMS 0x000000070ae00000| PB 0x000000070ae00000| Untracked |  0
|   5|0x000000070b000000, 0x000000070b000000, 0x000000070b200000|  0%| F|  |TAMS 0x000000070b000000| PB 0x000000070b000000| Untracked |  0
|   6|0x000000070b200000, 0x000000070b200000, 0x000000070b400000|  0%| F|  |TAMS 0x000000070b200000| PB 0x000000070b200000| Untracked |  0
|   7|0x000000070b400000, 0x000000070b400000, 0x000000070b600000|  0%| F|  |TAMS 0x000000070b400000| PB 0x000000070b400000| Untracked |  0
|   8|0x000000070b600000, 0x000000070b600000, 0x000000070b800000|  0%| F|  |TAMS 0x000000070b600000| PB 0x000000070b600000| Untracked |  0
|   9|0x000000070b800000, 0x000000070b800000, 0x000000070ba00000|  0%| F|  |TAMS 0x000000070b800000| PB 0x000000070b800000| Untracked |  0
|  10|0x000000070ba00000, 0x000000070ba00000, 0x000000070bc00000|  0%| F|  |TAMS 0x000000070ba00000| PB 0x000000070ba00000| Untracked |  0
|  11|0x000000070bc00000, 0x000000070bc00000, 0x000000070be00000|  0%| F|  |TAMS 0x000000070bc00000| PB 0x000000070bc00000| Untracked |  0
|  12|0x000000070be00000, 0x000000070be00000, 0x000000070c000000|  0%| F|  |TAMS 0x000000070be00000| PB 0x000000070be00000| Untracked |  0
|  13|0x000000070c000000, 0x000000070c000000, 0x000000070c200000|  0%| F|  |TAMS 0x000000070c000000| PB 0x000000070c000000| Untracked |  0
|  14|0x000000070c200000, 0x000000070c200000, 0x000000070c400000|  0%| F|  |TAMS 0x000000070c200000| PB 0x000000070c200000| Untracked |  0
|  15|0x000000070c400000, 0x000000070c400000, 0x000000070c600000|  0%| F|  |TAMS 0x000000070c400000| PB 0x000000070c400000| Untracked |  0
|  16|0x000000070c600000, 0x000000070c600000, 0x000000070c800000|  0%| F|  |TAMS 0x000000070c600000| PB 0x000000070c600000| Untracked |  0
|  17|0x000000070c800000, 0x000000070c800000, 0x000000070ca00000|  0%| F|  |TAMS 0x000000070c800000| PB 0x000000070c800000| Untracked |  0
|  18|0x000000070ca00000, 0x000000070ca00000, 0x000000070cc00000|  0%| F|  |TAMS 0x000000070ca00000| PB 0x000000070ca00000| Untracked |  0
|  19|0x000000070cc00000, 0x000000070cc00000, 0x000000070ce00000|  0%| F|  |TAMS 0x000000070cc00000| PB 0x000000070cc00000| Untracked |  0
|  20|0x000000070ce00000, 0x000000070ce00000, 0x000000070d000000|  0%| F|  |TAMS 0x000000070ce00000| PB 0x000000070ce00000| Untracked |  0
|  21|0x000000070d000000, 0x000000070d000000, 0x000000070d200000|  0%| F|  |TAMS 0x000000070d000000| PB 0x000000070d000000| Untracked |  0
|  22|0x000000070d200000, 0x000000070d200000, 0x000000070d400000|  0%| F|  |TAMS 0x000000070d200000| PB 0x000000070d200000| Untracked |  0
|  23|0x000000070d400000, 0x000000070d400000, 0x000000070d600000|  0%| F|  |TAMS 0x000000070d400000| PB 0x000000070d400000| Untracked |  0
|  24|0x000000070d600000, 0x000000070d600000, 0x000000070d800000|  0%| F|  |TAMS 0x000000070d600000| PB 0x000000070d600000| Untracked |  0
|  25|0x000000070d800000, 0x000000070d800000, 0x000000070da00000|  0%| F|  |TAMS 0x000000070d800000| PB 0x000000070d800000| Untracked |  0
|  26|0x000000070da00000, 0x000000070da00000, 0x000000070dc00000|  0%| F|  |TAMS 0x000000070da00000| PB 0x000000070da00000| Untracked |  0
|  27|0x000000070dc00000, 0x000000070dc00000, 0x000000070de00000|  0%| F|  |TAMS 0x000000070dc00000| PB 0x000000070dc00000| Untracked |  0
|  28|0x000000070de00000, 0x000000070de00000, 0x000000070e000000|  0%| F|  |TAMS 0x000000070de00000| PB 0x000000070de00000| Untracked |  0
|  29|0x000000070e000000, 0x000000070e000000, 0x000000070e200000|  0%| F|  |TAMS 0x000000070e000000| PB 0x000000070e000000| Untracked |  0
|  30|0x000000070e200000, 0x000000070e200000, 0x000000070e400000|  0%| F|  |TAMS 0x000000070e200000| PB 0x000000070e200000| Untracked |  0
|  31|0x000000070e400000, 0x000000070e400000, 0x000000070e600000|  0%| F|  |TAMS 0x000000070e400000| PB 0x000000070e400000| Untracked |  0
|  32|0x000000070e600000, 0x000000070e600000, 0x000000070e800000|  0%| F|  |TAMS 0x000000070e600000| PB 0x000000070e600000| Untracked |  0
|  33|0x000000070e800000, 0x000000070e800000, 0x000000070ea00000|  0%| F|  |TAMS 0x000000070e800000| PB 0x000000070e800000| Untracked |  0
|  34|0x000000070ea00000, 0x000000070ea00000, 0x000000070ec00000|  0%| F|  |TAMS 0x000000070ea00000| PB 0x000000070ea00000| Untracked |  0
|  35|0x000000070ec00000, 0x000000070ec00000, 0x000000070ee00000|  0%| F|  |TAMS 0x000000070ec00000| PB 0x000000070ec00000| Untracked |  0
|  36|0x000000070ee00000, 0x000000070ee00000, 0x000000070f000000|  0%| F|  |TAMS 0x000000070ee00000| PB 0x000000070ee00000| Untracked |  0
|  37|0x000000070f000000, 0x000000070f000000, 0x000000070f200000|  0%| F|  |TAMS 0x000000070f000000| PB 0x000000070f000000| Untracked |  0
|  38|0x000000070f200000, 0x000000070f200000, 0x000000070f400000|  0%| F|  |TAMS 0x000000070f200000| PB 0x000000070f200000| Untracked |  0
|  39|0x000000070f400000, 0x000000070f400000, 0x000000070f600000|  0%| F|  |TAMS 0x000000070f400000| PB 0x000000070f400000| Untracked |  0
|  40|0x000000070f600000, 0x000000070f600000, 0x000000070f800000|  0%| F|  |TAMS 0x000000070f600000| PB 0x000000070f600000| Untracked |  0
|  41|0x000000070f800000, 0x000000070f800000, 0x000000070fa00000|  0%| F|  |TAMS 0x000000070f800000| PB 0x000000070f800000| Untracked |  0
|  42|0x000000070fa00000, 0x000000070fa00000, 0x000000070fc00000|  0%| F|  |TAMS 0x000000070fa00000| PB 0x000000070fa00000| Untracked |  0
|  43|0x000000070fc00000, 0x000000070fc00000, 0x000000070fe00000|  0%| F|  |TAMS 0x000000070fc00000| PB 0x000000070fc00000| Untracked |  0
|  44|0x000000070fe00000, 0x000000070fe00000, 0x0000000710000000|  0%| F|  |TAMS 0x000000070fe00000| PB 0x000000070fe00000| Untracked |  0
|  45|0x0000000710000000, 0x0000000710000000, 0x0000000710200000|  0%| F|  |TAMS 0x0000000710000000| PB 0x0000000710000000| Untracked |  0
|  46|0x0000000710200000, 0x0000000710200000, 0x0000000710400000|  0%| F|  |TAMS 0x0000000710200000| PB 0x0000000710200000| Untracked |  0
|  47|0x0000000710400000, 0x0000000710400000, 0x0000000710600000|  0%| F|  |TAMS 0x0000000710400000| PB 0x0000000710400000| Untracked |  0
|  48|0x0000000710600000, 0x0000000710600000, 0x0000000710800000|  0%| F|  |TAMS 0x0000000710600000| PB 0x0000000710600000| Untracked |  0
|  49|0x0000000710800000, 0x0000000710800000, 0x0000000710a00000|  0%| F|  |TAMS 0x0000000710800000| PB 0x0000000710800000| Untracked |  0
|  50|0x0000000710a00000, 0x0000000710a00000, 0x0000000710c00000|  0%| F|  |TAMS 0x0000000710a00000| PB 0x0000000710a00000| Untracked |  0
|  51|0x0000000710c00000, 0x0000000710c00000, 0x0000000710e00000|  0%| F|  |TAMS 0x0000000710c00000| PB 0x0000000710c00000| Untracked |  0
|  52|0x0000000710e00000, 0x0000000710e00000, 0x0000000711000000|  0%| F|  |TAMS 0x0000000710e00000| PB 0x0000000710e00000| Untracked |  0
|  53|0x0000000711000000, 0x0000000711000000, 0x0000000711200000|  0%| F|  |TAMS 0x0000000711000000| PB 0x0000000711000000| Untracked |  0
|  54|0x0000000711200000, 0x0000000711200000, 0x0000000711400000|  0%| F|  |TAMS 0x0000000711200000| PB 0x0000000711200000| Untracked |  0
|  55|0x0000000711400000, 0x0000000711400000, 0x0000000711600000|  0%| F|  |TAMS 0x0000000711400000| PB 0x0000000711400000| Untracked |  0
|  56|0x0000000711600000, 0x0000000711600000, 0x0000000711800000|  0%| F|  |TAMS 0x0000000711600000| PB 0x0000000711600000| Untracked |  0
|  57|0x0000000711800000, 0x0000000711800000, 0x0000000711a00000|  0%| F|  |TAMS 0x0000000711800000| PB 0x0000000711800000| Untracked |  0
|  58|0x0000000711a00000, 0x0000000711a00000, 0x0000000711c00000|  0%| F|  |TAMS 0x0000000711a00000| PB 0x0000000711a00000| Untracked |  0
|  59|0x0000000711c00000, 0x0000000711c00000, 0x0000000711e00000|  0%| F|  |TAMS 0x0000000711c00000| PB 0x0000000711c00000| Untracked |  0
|  60|0x0000000711e00000, 0x0000000711e00000, 0x0000000712000000|  0%| F|  |TAMS 0x0000000711e00000| PB 0x0000000711e00000| Untracked |  0
|  61|0x0000000712000000, 0x0000000712000000, 0x0000000712200000|  0%| F|  |TAMS 0x0000000712000000| PB 0x0000000712000000| Untracked |  0
|  62|0x0000000712200000, 0x0000000712200000, 0x0000000712400000|  0%| F|  |TAMS 0x0000000712200000| PB 0x0000000712200000| Untracked |  0
|  63|0x0000000712400000, 0x0000000712400000, 0x0000000712600000|  0%| F|  |TAMS 0x0000000712400000| PB 0x0000000712400000| Untracked |  0
|  64|0x0000000712600000, 0x0000000712600000, 0x0000000712800000|  0%| F|  |TAMS 0x0000000712600000| PB 0x0000000712600000| Untracked |  0
|  65|0x0000000712800000, 0x0000000712800000, 0x0000000712a00000|  0%| F|  |TAMS 0x0000000712800000| PB 0x0000000712800000| Untracked |  0
|  66|0x0000000712a00000, 0x0000000712a00000, 0x0000000712c00000|  0%| F|  |TAMS 0x0000000712a00000| PB 0x0000000712a00000| Untracked |  0
|  67|0x0000000712c00000, 0x0000000712c00000, 0x0000000712e00000|  0%| F|  |TAMS 0x0000000712c00000| PB 0x0000000712c00000| Untracked |  0
|  68|0x0000000712e00000, 0x0000000712e00000, 0x0000000713000000|  0%| F|  |TAMS 0x0000000712e00000| PB 0x0000000712e00000| Untracked |  0
|  69|0x0000000713000000, 0x0000000713000000, 0x0000000713200000|  0%| F|  |TAMS 0x0000000713000000| PB 0x0000000713000000| Untracked |  0
|  70|0x0000000713200000, 0x0000000713200000, 0x0000000713400000|  0%| F|  |TAMS 0x0000000713200000| PB 0x0000000713200000| Untracked |  0
|  71|0x0000000713400000, 0x0000000713400000, 0x0000000713600000|  0%| F|  |TAMS 0x0000000713400000| PB 0x0000000713400000| Untracked |  0
|  72|0x0000000713600000, 0x0000000713600000, 0x0000000713800000|  0%| F|  |TAMS 0x0000000713600000| PB 0x0000000713600000| Untracked |  0
|  73|0x0000000713800000, 0x0000000713800000, 0x0000000713a00000|  0%| F|  |TAMS 0x0000000713800000| PB 0x0000000713800000| Untracked |  0
|  74|0x0000000713a00000, 0x0000000713a00000, 0x0000000713c00000|  0%| F|  |TAMS 0x0000000713a00000| PB 0x0000000713a00000| Untracked |  0
|  75|0x0000000713c00000, 0x0000000713c00000, 0x0000000713e00000|  0%| F|  |TAMS 0x0000000713c00000| PB 0x0000000713c00000| Untracked |  0
|  76|0x0000000713e00000, 0x0000000713e00000, 0x0000000714000000|  0%| F|  |TAMS 0x0000000713e00000| PB 0x0000000713e00000| Untracked |  0
|  77|0x0000000714000000, 0x0000000714000000, 0x0000000714200000|  0%| F|  |TAMS 0x0000000714000000| PB 0x0000000714000000| Untracked |  0
|  78|0x0000000714200000, 0x0000000714200000, 0x0000000714400000|  0%| F|  |TAMS 0x0000000714200000| PB 0x0000000714200000| Untracked |  0
|  79|0x0000000714400000, 0x0000000714400000, 0x0000000714600000|  0%| F|  |TAMS 0x0000000714400000| PB 0x0000000714400000| Untracked |  0
|  80|0x0000000714600000, 0x0000000714600000, 0x0000000714800000|  0%| F|  |TAMS 0x0000000714600000| PB 0x0000000714600000| Untracked |  0
|  81|0x0000000714800000, 0x0000000714800000, 0x0000000714a00000|  0%| F|  |TAMS 0x0000000714800000| PB 0x0000000714800000| Untracked |  0
|  82|0x0000000714a00000, 0x0000000714a00000, 0x0000000714c00000|  0%| F|  |TAMS 0x0000000714a00000| PB 0x0000000714a00000| Untracked |  0
|  83|0x0000000714c00000, 0x0000000714c00000, 0x0000000714e00000|  0%| F|  |TAMS 0x0000000714c00000| PB 0x0000000714c00000| Untracked |  0
|  84|0x0000000714e00000, 0x0000000714e00000, 0x0000000715000000|  0%| F|  |TAMS 0x0000000714e00000| PB 0x0000000714e00000| Untracked |  0
|  85|0x0000000715000000, 0x0000000715000000, 0x0000000715200000|  0%| F|  |TAMS 0x0000000715000000| PB 0x0000000715000000| Untracked |  0
|  86|0x0000000715200000, 0x0000000715200000, 0x0000000715400000|  0%| F|  |TAMS 0x0000000715200000| PB 0x0000000715200000| Untracked |  0
|  87|0x0000000715400000, 0x0000000715400000, 0x0000000715600000|  0%| F|  |TAMS 0x0000000715400000| PB 0x0000000715400000| Untracked |  0
|  88|0x0000000715600000, 0x0000000715600000, 0x0000000715800000|  0%| F|  |TAMS 0x0000000715600000| PB 0x0000000715600000| Untracked |  0
|  89|0x0000000715800000, 0x0000000715800000, 0x0000000715a00000|  0%| F|  |TAMS 0x0000000715800000| PB 0x0000000715800000| Untracked |  0
|  90|0x0000000715a00000, 0x0000000715a00000, 0x0000000715c00000|  0%| F|  |TAMS 0x0000000715a00000| PB 0x0000000715a00000| Untracked |  0
|  91|0x0000000715c00000, 0x0000000715c00000, 0x0000000715e00000|  0%| F|  |TAMS 0x0000000715c00000| PB 0x0000000715c00000| Untracked |  0
|  92|0x0000000715e00000, 0x0000000715e00000, 0x0000000716000000|  0%| F|  |TAMS 0x0000000715e00000| PB 0x0000000715e00000| Untracked |  0
|  93|0x0000000716000000, 0x0000000716000000, 0x0000000716200000|  0%| F|  |TAMS 0x0000000716000000| PB 0x0000000716000000| Untracked |  0
|  94|0x0000000716200000, 0x0000000716200000, 0x0000000716400000|  0%| F|  |TAMS 0x0000000716200000| PB 0x0000000716200000| Untracked |  0
|  95|0x0000000716400000, 0x0000000716400000, 0x0000000716600000|  0%| F|  |TAMS 0x0000000716400000| PB 0x0000000716400000| Untracked |  0
|  96|0x0000000716600000, 0x0000000716600000, 0x0000000716800000|  0%| F|  |TAMS 0x0000000716600000| PB 0x0000000716600000| Untracked |  0
|  97|0x0000000716800000, 0x0000000716800000, 0x0000000716a00000|  0%| F|  |TAMS 0x0000000716800000| PB 0x0000000716800000| Untracked |  0
|  98|0x0000000716a00000, 0x0000000716a00000, 0x0000000716c00000|  0%| F|  |TAMS 0x0000000716a00000| PB 0x0000000716a00000| Untracked |  0
|  99|0x0000000716c00000, 0x0000000716c00000, 0x0000000716e00000|  0%| F|  |TAMS 0x0000000716c00000| PB 0x0000000716c00000| Untracked |  0
| 100|0x0000000716e00000, 0x0000000716e00000, 0x0000000717000000|  0%| F|  |TAMS 0x0000000716e00000| PB 0x0000000716e00000| Untracked |  0
| 101|0x0000000717000000, 0x0000000717000000, 0x0000000717200000|  0%| F|  |TAMS 0x0000000717000000| PB 0x0000000717000000| Untracked |  0
| 102|0x0000000717200000, 0x0000000717200000, 0x0000000717400000|  0%| F|  |TAMS 0x0000000717200000| PB 0x0000000717200000| Untracked |  0
| 103|0x0000000717400000, 0x0000000717400000, 0x0000000717600000|  0%| F|  |TAMS 0x0000000717400000| PB 0x0000000717400000| Untracked |  0
| 104|0x0000000717600000, 0x0000000717600000, 0x0000000717800000|  0%| F|  |TAMS 0x0000000717600000| PB 0x0000000717600000| Untracked |  0
| 105|0x0000000717800000, 0x0000000717800000, 0x0000000717a00000|  0%| F|  |TAMS 0x0000000717800000| PB 0x0000000717800000| Untracked |  0
| 106|0x0000000717a00000, 0x0000000717a00000, 0x0000000717c00000|  0%| F|  |TAMS 0x0000000717a00000| PB 0x0000000717a00000| Untracked |  0
| 107|0x0000000717c00000, 0x0000000717c00000, 0x0000000717e00000|  0%| F|  |TAMS 0x0000000717c00000| PB 0x0000000717c00000| Untracked |  0
| 108|0x0000000717e00000, 0x0000000717e00000, 0x0000000718000000|  0%| F|  |TAMS 0x0000000717e00000| PB 0x0000000717e00000| Untracked |  0
| 109|0x0000000718000000, 0x0000000718000000, 0x0000000718200000|  0%| F|  |TAMS 0x0000000718000000| PB 0x0000000718000000| Untracked |  0
| 110|0x0000000718200000, 0x0000000718200000, 0x0000000718400000|  0%| F|  |TAMS 0x0000000718200000| PB 0x0000000718200000| Untracked |  0
| 111|0x0000000718400000, 0x0000000718400000, 0x0000000718600000|  0%| F|  |TAMS 0x0000000718400000| PB 0x0000000718400000| Untracked |  0
| 112|0x0000000718600000, 0x0000000718600000, 0x0000000718800000|  0%| F|  |TAMS 0x0000000718600000| PB 0x0000000718600000| Untracked |  0
| 113|0x0000000718800000, 0x0000000718800000, 0x0000000718a00000|  0%| F|  |TAMS 0x0000000718800000| PB 0x0000000718800000| Untracked |  0
| 114|0x0000000718a00000, 0x0000000718a7b298, 0x0000000718c00000| 24%| E|  |TAMS 0x0000000718a00000| PB 0x0000000718a00000| Complete |  0
| 115|0x0000000718c00000, 0x0000000718e00000, 0x0000000718e00000|100%| E|CS|TAMS 0x0000000718c00000| PB 0x0000000718c00000| Complete |  0
| 116|0x0000000718e00000, 0x0000000719000000, 0x0000000719000000|100%| E|CS|TAMS 0x0000000718e00000| PB 0x0000000718e00000| Complete |  0
| 117|0x0000000719000000, 0x0000000719200000, 0x0000000719200000|100%| E|CS|TAMS 0x0000000719000000| PB 0x0000000719000000| Complete |  0
| 118|0x0000000719200000, 0x0000000719400000, 0x0000000719400000|100%| E|CS|TAMS 0x0000000719200000| PB 0x0000000719200000| Complete |  0
| 119|0x0000000719400000, 0x0000000719600000, 0x0000000719600000|100%| E|CS|TAMS 0x0000000719400000| PB 0x0000000719400000| Complete |  0
| 120|0x0000000719600000, 0x0000000719800000, 0x0000000719800000|100%| E|CS|TAMS 0x0000000719600000| PB 0x0000000719600000| Complete |  0
| 121|0x0000000719800000, 0x0000000719a00000, 0x0000000719a00000|100%| E|CS|TAMS 0x0000000719800000| PB 0x0000000719800000| Complete |  0
| 122|0x0000000719a00000, 0x0000000719c00000, 0x0000000719c00000|100%| E|CS|TAMS 0x0000000719a00000| PB 0x0000000719a00000| Complete |  0

Card table byte_map: [0x00000247a5f40000,0x00000247a66f0000] _byte_map_base: 0x00000247a26ed000

Marking Bits: (CMBitMap*) 0x000002478df4da10
 Bits: [0x00000247a66f0000, 0x00000247aa458000)

Polling page: 0x000002478bea0000

Metaspace:

Usage:
  Non-class:      5.84 MB used.
      Class:    732.11 KB used.
       Both:      6.55 MB used.

Virtual space:
  Non-class space:       64.00 MB reserved,       5.94 MB (  9%) committed,  1 nodes.
      Class space:        1.00 GB reserved,     832.00 KB ( <1%) committed,  1 nodes.
             Both:        1.06 GB reserved,       6.75 MB ( <1%) committed. 

Chunk freelists:
   Non-Class:  10.05 MB
       Class:  15.24 MB
        Both:  25.29 MB

MaxMetaspaceSize: unlimited
CompressedClassSpaceSize: 1.00 GB
Initial GC threshold: 21.00 MB
Current GC threshold: 21.00 MB
CDS: on
 - commit_granule_bytes: 65536.
 - commit_granule_words: 8192.
 - virtual_space_node_default_size: 8388608.
 - enlarge_chunks_in_place: 1.
 - use_allocation_guard: 0.


Internal statistics:

num_allocs_failed_limit: 0.
num_arena_births: 140.
num_arena_deaths: 0.
num_vsnodes_births: 2.
num_vsnodes_deaths: 0.
num_space_committed: 108.
num_space_uncommitted: 0.
num_chunks_returned_to_freelist: 0.
num_chunks_taken_from_freelist: 174.
num_chunk_merges: 0.
num_chunk_splits: 104.
num_chunks_enlarged: 38.
num_inconsistent_stats: 0.

CodeHeap 'non-profiled nmethods': size=120000Kb used=299Kb max_used=299Kb free=119701Kb
 bounds [0x000002479dd00000, 0x000002479df70000, 0x00000247a5230000]
CodeHeap 'profiled nmethods': size=120000Kb used=1656Kb max_used=1656Kb free=118343Kb
 bounds [0x0000024796230000, 0x00000247964a0000, 0x000002479d760000]
CodeHeap 'non-nmethods': size=5760Kb used=1527Kb max_used=1542Kb free=4233Kb
 bounds [0x000002479d760000, 0x000002479d9d0000, 0x000002479dd00000]
 total_blobs=1661 nmethods=1064 adapters=502
 compilation: enabled
              stopped_count=0, restarted_count=0
 full_count=0

Compilation events (20 events):
Event: 1.432 Thread 0x00000247ad0d4c80 nmethod 1052 0x00000247963cb290 code [0x00000247963cb440, 0x00000247963cb650]
Event: 1.435 Thread 0x00000247f3c80970 1053       4       java.nio.ByteBuffer::<init> (47 bytes)
Event: 1.441 Thread 0x00000247f3c80970 nmethod 1053 0x000002479dd46e90 code [0x000002479dd47020, 0x000002479dd47358]
Event: 1.441 Thread 0x00000247f3c80970 1055       4       java.nio.channels.spi.AbstractInterruptibleChannel::begin (48 bytes)
Event: 1.448 Thread 0x00000247f3c80970 nmethod 1055 0x000002479dd47490 code [0x000002479dd47640, 0x000002479dd47b88]
Event: 1.449 Thread 0x00000247f3c80970 1056   !   4       sun.nio.ch.NativeThreadSet::remove (90 bytes)
Event: 1.450 Thread 0x00000247f3c80970 nmethod 1056 0x000002479dd47d90 code [0x000002479dd47f20, 0x000002479dd48198]
Event: 1.450 Thread 0x00000247f3c80970 1057   !   4       sun.nio.ch.NativeThreadSet::add (155 bytes)
Event: 1.452 Thread 0x00000247f3c80970 nmethod 1057 0x000002479dd48310 code [0x000002479dd484a0, 0x000002479dd48728]
Event: 1.452 Thread 0x00000247f3c80970 1054       4       java.nio.ByteBuffer::position (6 bytes)
Event: 1.454 Thread 0x00000247f3c80970 nmethod 1054 0x000002479dd48890 code [0x000002479dd48a20, 0x000002479dd48b40]
Event: 1.455 Thread 0x00000247f3c80970 1058       4       java.lang.ThreadLocal::get (35 bytes)
Event: 1.457 Thread 0x00000247f3c80970 nmethod 1058 0x000002479dd48c90 code [0x000002479dd48e20, 0x000002479dd48fc0]
Event: 1.458 Thread 0x00000247f3c80970 1059   !   4       sun.nio.cs.UnicodeDecoder::decodeLoop (304 bytes)
Event: 1.458 Thread 0x00000247ad0d4c80 1060   !   3       sun.font.TrueTypeFont::getAllFullNames (30 bytes)
Event: 1.459 Thread 0x00000247ad0d4c80 nmethod 1060 0x00000247963cb710 code [0x00000247963cb940, 0x00000247963cc210]
Event: 1.459 Thread 0x00000247ad0d4c80 1062  s    3       sun.font.FontFamily::addLocaleNames (45 bytes)
Event: 1.460 Thread 0x00000247ad0d4c80 nmethod 1062 0x00000247963cc510 code [0x00000247963cc740, 0x00000247963ccfe0]
Event: 1.460 Thread 0x00000247ad0d4c80 1061   !   3       sun.font.TrueTypeFont::getAllFamilyNames (30 bytes)
Event: 1.460 Thread 0x00000247ad0d4c80 nmethod 1061 0x00000247963cd310 code [0x00000247963cd540, 0x00000247963cde10]

GC Heap History (0 events):
No events

Dll operation events (9 events):
Event: 0.014 Loaded shared library C:\Program Files\Java\jdk-22\bin\java.dll
Event: 0.426 Loaded shared library C:\Program Files\Java\jdk-22\bin\jsvml.dll
Event: 0.475 Loaded shared library C:\Program Files\Java\jdk-22\bin\net.dll
Event: 0.478 Loaded shared library C:\Program Files\Java\jdk-22\bin\nio.dll
Event: 0.508 Loaded shared library C:\Program Files\Java\jdk-22\bin\zip.dll
Event: 0.531 Loaded shared library C:\Program Files\Java\jdk-22\bin\jimage.dll
Event: 0.555 Loaded shared library C:\Program Files\Java\jdk-22\bin\awt.dll
Event: 0.926 Loaded shared library C:\Program Files\Java\jdk-22\bin\freetype.dll
Event: 0.927 Loaded shared library C:\Program Files\Java\jdk-22\bin\fontmanager.dll

Deoptimization events (20 events):
Event: 1.113 Thread 0x00000247f3c24a10 Uncommon trap: trap_request=0xffffff45 fr.pc=0x000002479dd34bf4 relative=0x0000000000000414
Event: 1.113 Thread 0x00000247f3c24a10 Uncommon trap: reason=unstable_if action=reinterpret pc=0x000002479dd34bf4 method=java.lang.CharacterDataLatin1.isUpperCase(I)Z @ 7 c2
Event: 1.113 Thread 0x00000247f3c24a10 DEOPT PACKING pc=0x000002479dd34bf4 sp=0x0000006cd72fced0
Event: 1.113 Thread 0x00000247f3c24a10 DEOPT UNPACKING pc=0x000002479d7b46a2 sp=0x0000006cd72fcdd8 mode 2
Event: 1.280 Thread 0x00000247f3c24a10 DEOPT PACKING pc=0x0000024796249f7c sp=0x0000006cd72fc4a0
Event: 1.280 Thread 0x00000247f3c24a10 DEOPT UNPACKING pc=0x000002479d7b4e42 sp=0x0000006cd72fb8c0 mode 0
Event: 1.377 Thread 0x00000247f3c24a10 DEOPT PACKING pc=0x000002479623a4cc sp=0x0000006cd72fc540
Event: 1.377 Thread 0x00000247f3c24a10 DEOPT UNPACKING pc=0x000002479d7b4e42 sp=0x0000006cd72fb9a8 mode 0
Event: 1.386 Thread 0x00000247f3c24a10 Uncommon trap: trap_request=0xffffff45 fr.pc=0x000002479dd0a2cc relative=0x00000000000000ac
Event: 1.386 Thread 0x00000247f3c24a10 Uncommon trap: reason=unstable_if action=reinterpret pc=0x000002479dd0a2cc method=java.lang.String.isLatin1()Z @ 10 c2
Event: 1.386 Thread 0x00000247f3c24a10 DEOPT PACKING pc=0x000002479dd0a2cc sp=0x0000006cd72fccd0
Event: 1.386 Thread 0x00000247f3c24a10 DEOPT UNPACKING pc=0x000002479d7b46a2 sp=0x0000006cd72fcc00 mode 2
Event: 1.386 Thread 0x00000247f3c24a10 Uncommon trap: trap_request=0xffffff45 fr.pc=0x000002479dd27930 relative=0x0000000000000190
Event: 1.386 Thread 0x00000247f3c24a10 Uncommon trap: reason=unstable_if action=reinterpret pc=0x000002479dd27930 method=jdk.internal.util.ArraysSupport.vectorizedHashCode(Ljava/lang/Object;IIII)I @ 2 c2
Event: 1.386 Thread 0x00000247f3c24a10 DEOPT PACKING pc=0x000002479dd27930 sp=0x0000006cd72fcbd0
Event: 1.386 Thread 0x00000247f3c24a10 DEOPT UNPACKING pc=0x000002479d7b46a2 sp=0x0000006cd72fcb80 mode 2
Event: 1.417 Thread 0x00000247f3c24a10 Uncommon trap: trap_request=0xffffff45 fr.pc=0x000002479dd4432c relative=0x00000000000003cc
Event: 1.417 Thread 0x00000247f3c24a10 Uncommon trap: reason=unstable_if action=reinterpret pc=0x000002479dd4432c method=java.lang.Character.isSurrogate(C)Z @ 3 c2
Event: 1.417 Thread 0x00000247f3c24a10 DEOPT PACKING pc=0x000002479dd4432c sp=0x0000006cd72fc990
Event: 1.417 Thread 0x00000247f3c24a10 DEOPT UNPACKING pc=0x000002479d7b46a2 sp=0x0000006cd72fc898 mode 2

Classes loaded (20 events):
Event: 1.103 Loading class java/nio/ByteBufferAsShortBufferB
Event: 1.103 Loading class java/nio/ShortBuffer
Event: 1.103 Loading class java/nio/ShortBuffer done
Event: 1.103 Loading class java/nio/ByteBufferAsShortBufferB done
Event: 1.104 Loading class sun/nio/cs/UTF_16$Decoder
Event: 1.104 Loading class sun/nio/cs/UnicodeDecoder
Event: 1.104 Loading class sun/nio/cs/UnicodeDecoder done
Event: 1.104 Loading class sun/nio/cs/UTF_16$Decoder done
Event: 1.113 Loading class sun/font/SunFontManager$3
Event: 1.114 Loading class sun/font/SunFontManager$3 done
Event: 1.128 Loading class jdk/internal/foreign/MemorySessionImpl
Event: 1.129 Loading class java/lang/foreign/MemorySegment$Scope
Event: 1.129 Loading class java/lang/foreign/MemorySegment$Scope done
Event: 1.129 Loading class jdk/internal/foreign/MemorySessionImpl done
Event: 1.139 Loading class sun/font/SunFontManager$8
Event: 1.139 Loading class sun/font/SunFontManager$8 done
Event: 1.140 Loading class sun/font/SunFontManager$9
Event: 1.140 Loading class sun/font/SunFontManager$9 done
Event: 1.388 Loading class java/lang/foreign/MemorySegment
Event: 1.388 Loading class java/lang/foreign/MemorySegment done

Classes unloaded (0 events):
No events

Classes redefined (0 events):
No events

Internal exceptions (14 events):
Event: 0.480 Thread 0x000002478bc89590 Exception <a 'sun/nio/fs/WindowsException'{0x00000007198a85f8}> (0x00000007198a85f8) 
thrown [s\open\src\hotspot\share\prims\jni.cpp, line 520]
Event: 0.483 Thread 0x000002478bc89590 Exception <a 'sun/nio/fs/WindowsException'{0x00000007198aab20}> (0x00000007198aab20) 
thrown [s\open\src\hotspot\share\prims\jni.cpp, line 520]
Event: 0.483 Thread 0x000002478bc89590 Exception <a 'sun/nio/fs/WindowsException'{0x00000007198ab628}> (0x00000007198ab628) 
thrown [s\open\src\hotspot\share\prims\jni.cpp, line 520]
Event: 0.539 Thread 0x000002478bc89590 Exception <a 'java/lang/ClassNotFoundException'{0x0000000719977008}: sun/awt/resources/spi/awtProvider> (0x0000000719977008) 
thrown [s\open\src\hotspot\share\classfile\systemDictionary.cpp, line 313]
Event: 0.572 Thread 0x000002478bc89590 Exception <a 'java/io/FileNotFoundException'{0x00000007199cac18}> (0x00000007199cac18) 
thrown [s\open\src\hotspot\share\prims\jni.cpp, line 520]
Event: 0.582 Thread 0x000002478bc89590 Exception <a 'java/io/FileNotFoundException'{0x00000007199f90a8}> (0x00000007199f90a8) 
thrown [s\open\src\hotspot\share\prims\jni.cpp, line 520]
Event: 0.790 Thread 0x000002478bc89590 Exception <a 'java/lang/NoSuchMethodError'{0x0000000719788478}: 'void java.lang.invoke.DirectMethodHandle$Holder.invokeSpecial(java.lang.Object, java.lang.Object, java.lang.Object)'> (0x0000000719788478) 
thrown [s\open\src\hotspot\share\interpreter\linkResolver.cpp, line 774]
Event: 0.801 Thread 0x000002478bc89590 Exception <a 'java/lang/NoSuchMethodError'{0x00000007197ae750}: 'java.lang.Object java.lang.invoke.DirectMethodHandle$Holder.newInvokeSpecial(java.lang.Object, java.lang.Object, java.lang.Object, java.lang.Object, java.lang.Object)'> (0x00000007197ae750) 
thrown [s\open\src\hotspot\share\interpreter\linkResolver.cpp, line 774]
Event: 0.809 Thread 0x000002478bc89590 Exception <a 'java/lang/NoSuchMethodError'{0x00000007197db068}: 'java.lang.Object java.lang.invoke.DirectMethodHandle$Holder.invokeStatic(java.lang.Object, int, java.lang.Object)'> (0x00000007197db068) 
thrown [s\open\src\hotspot\share\interpreter\linkResolver.cpp, line 774]
Event: 0.841 Thread 0x000002478bc89590 Exception <a 'java/lang/ClassNotFoundException'{0x000000071947d720}: com/sun/swing/internal/plaf/metal/resources/spi/metalProvider> (0x000000071947d720) 
thrown [s\open\src\hotspot\share\classfile\systemDictionary.cpp, line 313]
Event: 0.842 Thread 0x000002478bc89590 Exception <a 'java/lang/ClassNotFoundException'{0x00000007194816d0}: com/sun/swing/internal/plaf/basic/resources/spi/basicProvider> (0x00000007194816d0) 
thrown [s\open\src\hotspot\share\classfile\systemDictionary.cpp, line 313]
Event: 0.856 Thread 0x000002478bc89590 Exception <a 'java/lang/NoSuchMethodError'{0x00000007194a0dc0}: 'int java.lang.invoke.Invokers$Holder.invokeExact_MT(java.lang.Object, java.lang.Object)'> (0x00000007194a0dc0) 
thrown [s\open\src\hotspot\share\interpreter\linkResolver.cpp, line 774]
Event: 0.895 Thread 0x00000247ad586520 Exception <a 'java/lang/NoSuchMethodError'{0x0000000719704c28}: 'void java.lang.invoke.DirectMethodHandle$Holder.invokeVirtual(java.lang.Object, java.lang.Object)'> (0x0000000719704c28) 
thrown [s\open\src\hotspot\share\interpreter\linkResolver.cpp, line 774]
Event: 0.919 Thread 0x000002478bc89590 Exception <a 'java/lang/NoSuchMethodError'{0x00000007194e0728}: 'void java.lang.invoke.DirectMethodHandle$Holder.invokeStaticInit(java.lang.Object)'> (0x00000007194e0728) 
thrown [s\open\src\hotspot\share\interpreter\linkResolver.cpp, line 774]

ZGC Phase Switch (0 events):
No events

VM Operations (4 events):
Event: 0.485 Executing VM operation: HandshakeAllThreads (Deoptimize)
Event: 0.485 Executing VM operation: HandshakeAllThreads (Deoptimize) done
Event: 0.863 Executing VM operation: HandshakeAllThreads (Deoptimize)
Event: 0.863 Executing VM operation: HandshakeAllThreads (Deoptimize) done

Events (20 events):
Event: 0.397 Thread 0x000002478bc89590 Thread added: 0x000002478bc89590
Event: 0.422 Thread 0x00000247ad0b7440 Thread added: 0x00000247ad0b7440
Event: 0.422 Thread 0x00000247ad0b8160 Thread added: 0x00000247ad0b8160
Event: 0.423 Thread 0x00000247ad0bcbe0 Thread added: 0x00000247ad0bcbe0
Event: 0.423 Thread 0x00000247ad0bd640 Thread added: 0x00000247ad0bd640
Event: 0.423 Thread 0x00000247ad0be0a0 Thread added: 0x00000247ad0be0a0
Event: 0.423 Thread 0x00000247ad0c1250 Thread added: 0x00000247ad0c1250
Event: 0.423 Thread 0x00000247ad0d01c0 Thread added: 0x00000247ad0d01c0
Event: 0.424 Thread 0x00000247ad0d4c80 Thread added: 0x00000247ad0d4c80
Event: 0.460 Thread 0x00000247ad0869c0 Thread added: 0x00000247ad0869c0
Event: 0.498 Thread 0x00000247ad3d6720 Thread added: 0x00000247ad3d6720
Event: 0.501 Thread 0x00000247ad3f7e70 Thread added: 0x00000247ad3f7e70
Event: 0.654 Thread 0x00000247ad57b7b0 Thread added: 0x00000247ad57b7b0
Event: 0.654 Thread 0x00000247ad3d6720 Thread exited: 0x00000247ad3d6720
Event: 0.655 Thread 0x00000247ad5828f0 Thread added: 0x00000247ad5828f0
Event: 0.657 Thread 0x00000247ad586520 Thread added: 0x00000247ad586520
Event: 0.894 Thread 0x00000247f3c24a10 Thread added: 0x00000247f3c24a10
Event: 1.031 Thread 0x000002478bc89590 Thread exited: 0x000002478bc89590
Event: 1.031 Thread 0x000002478bc89590 Thread added: 0x000002478bc89590
Event: 1.421 Thread 0x00000247f3c80970 Thread added: 0x00000247f3c80970


Dynamic libraries:
0x00007ff710f90000 - 0x00007ff710fa0000 	C:\Program Files\Java\jdk-22\bin\java.exe
0x00007ffedd0d0000 - 0x00007ffedd2e7000 	C:\windows\SYSTEM32\ntdll.dll
0x00007ffedb930000 - 0x00007ffedb9f4000 	C:\windows\System32\KERNEL32.DLL
0x00007ffeda910000 - 0x00007ffedacc9000 	C:\windows\System32\KERNELBASE.dll
0x00007ffeda610000 - 0x00007ffeda721000 	C:\windows\System32\ucrtbase.dll
0x00007ffeb4bf0000 - 0x00007ffeb4c0b000 	C:\Program Files\Java\jdk-22\bin\VCRUNTIME140.dll
0x00007ffec5430000 - 0x00007ffec5447000 	C:\Program Files\Java\jdk-22\bin\jli.dll
0x00007ffedc5e0000 - 0x00007ffedc692000 	C:\windows\System32\ADVAPI32.dll
0x00007ffedaf20000 - 0x00007ffedafc7000 	C:\windows\System32\msvcrt.dll
0x00007ffedc140000 - 0x00007ffedc1e7000 	C:\windows\System32\sechost.dll
0x00007ffeda3d0000 - 0x00007ffeda3f8000 	C:\windows\System32\bcrypt.dll
0x00007ffedb5a0000 - 0x00007ffedb6b4000 	C:\windows\System32\RPCRT4.dll
0x00007ffedc1f0000 - 0x00007ffedc39e000 	C:\windows\System32\USER32.dll
0x00007ffeda520000 - 0x00007ffeda546000 	C:\windows\System32\win32u.dll
0x00007ffedaef0000 - 0x00007ffedaf19000 	C:\windows\System32\GDI32.dll
0x00007ffebe8c0000 - 0x00007ffebeb52000 	C:\windows\WinSxS\amd64_microsoft.windows.common-controls_6595b64144ccf1df_6.0.22621.4391_none_2715d37f73803e96\COMCTL32.dll
0x00007ffedacd0000 - 0x00007ffedadeb000 	C:\windows\System32\gdi32full.dll
0x00007ffeda400000 - 0x00007ffeda49a000 	C:\windows\System32\msvcp_win.dll
0x00007ffed2c70000 - 0x00007ffed2c7a000 	C:\windows\SYSTEM32\VERSION.dll
0x00007ffedadf0000 - 0x00007ffedae21000 	C:\windows\System32\IMM32.DLL
0x00007ffec3500000 - 0x00007ffec350c000 	C:\Program Files\Java\jdk-22\bin\vcruntime140_1.dll
0x00007ffe8f8c0000 - 0x00007ffe8f94e000 	C:\Program Files\Java\jdk-22\bin\msvcp140.dll
0x00007ffe8fd50000 - 0x00007ffe90a97000 	C:\Program Files\Java\jdk-22\bin\server\jvm.dll
0x00007ffedb8b0000 - 0x00007ffedb921000 	C:\windows\System32\WS2_32.dll
0x00007ffed9c50000 - 0x00007ffed9c9d000 	C:\windows\SYSTEM32\POWRPROF.dll
0x00007ffed56e0000 - 0x00007ffed5714000 	C:\windows\SYSTEM32\WINMM.dll
0x00007ffed9c30000 - 0x00007ffed9c43000 	C:\windows\SYSTEM32\UMPDC.dll
0x00007ffed9410000 - 0x00007ffed9428000 	C:\windows\SYSTEM32\kernel.appcore.dll
0x00007ffec24c0000 - 0x00007ffec24ca000 	C:\Program Files\Java\jdk-22\bin\jimage.dll
0x00007ffed7d60000 - 0x00007ffed7f92000 	C:\windows\SYSTEM32\DBGHELP.DLL
0x00007ffedbd90000 - 0x00007ffedc11f000 	C:\windows\System32\combase.dll
0x00007ffedbcb0000 - 0x00007ffedbd87000 	C:\windows\System32\OLEAUT32.dll
0x00007ffecfd40000 - 0x00007ffecfd72000 	C:\windows\SYSTEM32\dbgcore.DLL
0x00007ffeda4a0000 - 0x00007ffeda51b000 	C:\windows\System32\bcryptPrimitives.dll
0x00007ffead610000 - 0x00007ffead62e000 	C:\Program Files\Java\jdk-22\bin\java.dll
0x00007ffedc790000 - 0x00007ffedd006000 	C:\windows\System32\SHELL32.dll
0x00007ffedba00000 - 0x00007ffedbba5000 	C:\windows\System32\ole32.dll
0x00007ffed8310000 - 0x00007ffed8c13000 	C:\windows\SYSTEM32\windows.storage.dll
0x00007ffed81d0000 - 0x00007ffed830f000 	C:\windows\SYSTEM32\wintypes.dll
0x00007ffedbbb0000 - 0x00007ffedbca9000 	C:\windows\System32\SHCORE.dll
0x00007ffedae90000 - 0x00007ffedaeee000 	C:\windows\System32\shlwapi.dll
0x00007ffeda300000 - 0x00007ffeda32b000 	C:\windows\SYSTEM32\profapi.dll
0x00007ffe91440000 - 0x00007ffe91517000 	C:\Program Files\Java\jdk-22\bin\jsvml.dll
0x00007ffec2320000 - 0x00007ffec2330000 	C:\Program Files\Java\jdk-22\bin\net.dll
0x00007ffed9900000 - 0x00007ffed9969000 	C:\windows\system32\mswsock.dll
0x00007ffea5140000 - 0x00007ffea5156000 	C:\Program Files\Java\jdk-22\bin\nio.dll
0x00007ffea3830000 - 0x00007ffea3847000 	C:\Program Files\Java\jdk-22\bin\zip.dll
0x00007ffe8f950000 - 0x00007ffe8fade000 	C:\Program Files\Java\jdk-22\bin\awt.dll
0x00007ffed4e00000 - 0x00007ffed4e97000 	C:\windows\SYSTEM32\apphelp.dll
0x00007ffed77f0000 - 0x00007ffed781b000 	C:\windows\system32\DWMAPI.DLL
0x00007ffed7530000 - 0x00007ffed75e1000 	C:\windows\system32\uxtheme.dll
0x00007ffe8f7c0000 - 0x00007ffe8f8c0000 	C:\windows\system32\opengl32.dll
0x00007ffe9e520000 - 0x00007ffe9e54d000 	C:\windows\SYSTEM32\GLU32.dll
0x00007ffed7680000 - 0x00007ffed76b7000 	C:\windows\SYSTEM32\dxcore.dll
0x00007ffedc460000 - 0x00007ffedc5c0000 	C:\windows\System32\MSCTF.dll
0x00007ffe9cd30000 - 0x00007ffe9ced8000 	C:\windows\system32\d3d9.dll
0x00007ffed05c0000 - 0x00007ffed077b000 	C:\windows\System32\DriverStore\FileRepository\u0387389.inf_amd64_995be970e30b8c79\B385477\aticfx64.dll
0x00007ffec6ac0000 - 0x00007ffec6af4000 	C:\windows\System32\DriverStore\FileRepository\u0387389.inf_amd64_995be970e30b8c79\B385477\atiu9p64.dll
0x00007ffe647b0000 - 0x00007ffe65505000 	C:\windows\System32\DriverStore\FileRepository\u0387389.inf_amd64_995be970e30b8c79\B385477\atiumd64.dll
0x000000006b2c0000 - 0x000000006c1e7000 	C:\windows\System32\DriverStore\FileRepository\u0387389.inf_amd64_995be970e30b8c79\B385477\atiumd6a.dll
0x00007ffedafd0000 - 0x00007ffedb444000 	C:\windows\System32\SETUPAPI.dll
0x00007ffecda80000 - 0x00007ffecdab5000 	C:\windows\SYSTEM32\amdihk64.dll
0x00007ffed2f60000 - 0x00007ffed2fa9000 	C:\windows\SYSTEM32\directxdatabasehelper.dll
0x00007ffe8f730000 - 0x00007ffe8f7b7000 	C:\Program Files\Java\jdk-22\bin\freetype.dll
0x00007ffe8f650000 - 0x00007ffe8f727000 	C:\Program Files\Java\jdk-22\bin\fontmanager.dll
0x00007ffec4cd0000 - 0x00007ffec4e15000 	C:\windows\SYSTEM32\textinputframework.dll
0x00007ffebcdd0000 - 0x00007ffebce39000 	C:\windows\system32\Oleacc.dll

dbghelp: loaded successfully - version: 4.0.5 - missing functions: none
symbol engine: initialized successfully - sym options: 0x614 - pdb path: .;C:\Program Files\Java\jdk-22\bin;C:\windows\SYSTEM32;C:\windows\WinSxS\amd64_microsoft.windows.common-controls_6595b64144ccf1df_6.0.22621.4391_none_2715d37f73803e96;C:\Program Files\Java\jdk-22\bin\server;C:\windows\System32\DriverStore\FileRepository\u0387389.inf_amd64_995be970e30b8c79\B385477

VM Arguments:
jvm_args: -Dfile.encoding=UTF-8 --module-path=C:\Users\dhond\Documents\NetBeansProjects\Bank management system\build\classes 
java_command: bank.management.system.Signup3
java_class_path (initial): C:\Users\dhond\Downloads\jcalendar-tz-1.3.3-4.jar;C:\Users\dhond\Downloads\mysql-connector-java-8.0.28.jar;C:\Users\dhond\Documents\NetBeansProjects\Bank management system\build\classes
Launcher Type: SUN_STANDARD

[Global flags]
     intx CICompilerCount                          = 4                                         {product} {ergonomic}
     uint ConcGCThreads                            = 3                                         {product} {ergonomic}
     uint G1ConcRefinementThreads                  = 10                                        {product} {ergonomic}
   size_t G1HeapRegionSize                         = 2097152                                   {product} {ergonomic}
   size_t InitialHeapSize                          = 257949696                                 {product} {ergonomic}
   size_t MarkStackSize                            = 4194304                                   {product} {ergonomic}
   size_t MaxHeapSize                              = 4120903680                                {product} {ergonomic}
   size_t MaxNewSize                               = 2472542208                                {product} {ergonomic}
   size_t MinHeapDeltaBytes                        = 2097152                                   {product} {ergonomic}
   size_t MinHeapSize                              = 8388608                                   {product} {ergonomic}
    uintx NonNMethodCodeHeapSize                   = 5839372                                {pd product} {ergonomic}
    uintx NonProfiledCodeHeapSize                  = 122909434                              {pd product} {ergonomic}
    uintx ProfiledCodeHeapSize                     = 122909434                              {pd product} {ergonomic}
    uintx ReservedCodeCacheSize                    = 251658240                              {pd product} {ergonomic}
     bool SegmentedCodeCache                       = true                                      {product} {ergonomic}
   size_t SoftMaxHeapSize                          = 4120903680                             {manageable} {ergonomic}
     bool UseCompressedOops                        = true                           {product lp64_product} {ergonomic}
     bool UseG1GC                                  = true                                      {product} {ergonomic}
     bool UseLargePagesIndividualAllocation        = false                                  {pd product} {ergonomic}

Logging:
Log output configuration:
 #0: stdout all=warning uptime,level,tags foldmultilines=false
 #1: stderr all=off uptime,level,tags foldmultilines=false

Environment Variables:
PATH=C:\Program Files\Common Files\Oracle\Java\javapath;C:\Python312\Scripts\;C:\Python312\;C:\Program Files\Microsoft MPI\Bin\;C:\windows\system32;C:\windows;C:\windows\System32\Wbem;C:\windows\System32\WindowsPowerShell\v1.0\;C:\windows\System32\OpenSSH\;C:\Program Files\Azure Data Studio\bin;C:\Program Files\MySQL\MySQL Server 8.0\bin;C:\Program Files\nodejs\;C:\ProgramData\chocolatey\bin;C:\Program Files\Java\jdk-22\bin;C:\Program Files\MySQL\MySQL Shell 8.0\bin\;C:\Users\dhond\AppData\Local\Programs\Python\Python312\Scripts\;C:\Users\dhond\AppData\Local\Programs\Python\Python312\;C:\Program Files\Python312;C:\Users\dhond\AppData\Local\Programs\Microsoft VS Code\bin;C:\Program Files\Java\jdk-17\bin;
USERNAME=dhond
OS=Windows_NT
PROCESSOR_IDENTIFIER=AMD64 Family 25 Model 80 Stepping 0, AuthenticAMD
TMP=C:\Users\dhond\AppData\Local\Temp
TEMP=C:\Users\dhond\AppData\Local\Temp




Periodic native trim disabled

---------------  S Y S T E M  ---------------

OS:
 Windows 11 , 64 bit Build 22621 (10.0.22621.4391)
OS uptime: 13 days 18:49 hours

CPU: total 12 (initial active 12) (12 cores per cpu, 2 threads per core) family 25 model 80 stepping 0 microcode 0x0, cx8, cmov, fxsr, ht, mmx, 3dnowpref, sse, sse2, sse3, ssse3, sse4a, sse4.1, sse4.2, popcnt, lzcnt, tsc, tscinvbit, avx, avx2, aes, erms, clmul, bmi1, bmi2, adx, sha, fma, vzeroupper, clflush, clflushopt, rdtscp, rdpid, fsrm, f16c, pku, cet_ss
Processor Information for processor 0
  Max Mhz: 2301, Current Mhz: 1798, Mhz Limit: 2301
Processor Information for processor 1
  Max Mhz: 2301, Current Mhz: 1904, Mhz Limit: 2301
Processor Information for processor 2
  Max Mhz: 2301, Current Mhz: 1798, Mhz Limit: 2301
Processor Information for processor 3
  Max Mhz: 2301, Current Mhz: 1904, Mhz Limit: 2301
Processor Information for processor 4
  Max Mhz: 2301, Current Mhz: 1798, Mhz Limit: 2301
Processor Information for processor 5
  Max Mhz: 2301, Current Mhz: 1798, Mhz Limit: 2301
Processor Information for processor 6
  Max Mhz: 2301, Current Mhz: 1904, Mhz Limit: 2301
Processor Information for processor 7
  Max Mhz: 2301, Current Mhz: 1798, Mhz Limit: 2301
Processor Information for processor 8
  Max Mhz: 2301, Current Mhz: 1904, Mhz Limit: 2301
Processor Information for processor 9
  Max Mhz: 2301, Current Mhz: 1798, Mhz Limit: 2301
Processor Information for processor 10
  Max Mhz: 2301, Current Mhz: 1904, Mhz Limit: 2301
Processor Information for processor 11
  Max Mhz: 2301, Current Mhz: 1904, Mhz Limit: 2301

Memory: 4k page, system-wide physical 15712M (6146M free)
TotalPageFile size 48275M (AvailPageFile size 0M)
current process WorkingSet (physical memory assigned to process): 86M, peak: 86M
current process commit charge ("private bytes"): 364M, peak: 365M

vm_info: Java HotSpot(TM) 64-Bit Server VM (22.0.1+8-16) for windows-amd64 JRE (22.0.1+8-16), built on 2024-03-12T10:33:16Z by "mach5one" with MS VC++ 17.6 (VS2022)

END.
