#
# There is insufficient memory for the Java Runtime Environment to continue.
# Native memory allocation (mmap) failed to map 257949696 bytes. Error detail: G1 virtual space
# Possible reasons:
#   The system is out of physical RAM or swap space
#   This process is running with CompressedOops enabled, and the Java Heap may be blocking the growth of the native heap
# Possible solutions:
#   Reduce memory load on the system
#   Increase physical memory or swap space
#   Check if swap backing store is full
#   Decrease Java heap size (-Xmx/-Xms)
#   Decrease number of Java threads
#   Decrease Java thread stack sizes (-Xss)
#   Set larger code cache with -XX:ReservedCodeCacheSize=
#   JVM is running with Zero Based Compressed Oops mode in which the Java heap is
#     placed in the first 32GB address space. The Java Heap base address is the
#     maximum limit for the native heap growth. Please use -XX:HeapBaseMinAddress
#     to set the Java Heap base and to place the Java Heap above 32GB virtual address.
# This output file may be truncated or incomplete.
#
#  Out of Memory Error (os_windows.cpp:3631), pid=38180, tid=37440
#
# JRE version:  (22.0.1+8) (build )
# Java VM: Java HotSpot(TM) 64-Bit Server VM (22.0.1+8-16, mixed mode, sharing, tiered, compressed oops, compressed class ptrs, g1 gc, windows-amd64)
# No core dump will be written. Minidumps are not enabled by default on client versions of Windows
#

---------------  S U M M A R Y ------------

Command Line: -Dfile.encoding=UTF-8 --module-path=C:\Users\dhond\Documents\NetBeansProjects\Bank management system\build\classes bank.management.system.SignupOne

Host: AMD Ryzen 5 5625U with Radeon Graphics         , 12 cores, 15G,  Windows 11 , 64 bit Build 22621 (10.0.22621.4391)
Time: Sun Feb 16 14:10:47 2025 India Standard Time elapsed time: 0.011295 seconds (0d 0h 0m 0s)

---------------  T H R E A D  ---------------

Current thread (0x000002750bf4ff60):  JavaThread "Unknown thread" [_thread_in_vm, id=37440, stack(0x000000ee4dc00000,0x000000ee4dd00000) (1024K)]

Stack: [0x000000ee4dc00000,0x000000ee4dd00000]
Native frames: (J=compiled Java code, j=interpreted, Vv=VM code, C=native code)
V  [jvm.dll+0x6e2279]  (no source info available)
V  [jvm.dll+0x874e33]  (no source info available)
V  [jvm.dll+0x87725e]  (no source info available)
V  [jvm.dll+0x877933]  (no source info available)
V  [jvm.dll+0x27fd76]  (no source info available)
V  [jvm.dll+0x6de915]  (no source info available)
V  [jvm.dll+0x6d341a]  (no source info available)
V  [jvm.dll+0x3589da]  (no source info available)
V  [jvm.dll+0x360f06]  (no source info available)
V  [jvm.dll+0x3b3e2e]  (no source info available)
V  [jvm.dll+0x3b40d8]  (no source info available)
V  [jvm.dll+0x32c59c]  (no source info available)
V  [jvm.dll+0x32d158]  (no source info available)
V  [jvm.dll+0x83ccdc]  (no source info available)
V  [jvm.dll+0x3c0d71]  (no source info available)
V  [jvm.dll+0x825ccc]  (no source info available)
V  [jvm.dll+0x45b8fe]  (no source info available)
V  [jvm.dll+0x45d781]  (no source info available)
C  [jli.dll+0x52a3]  (no source info available)
C  [ucrtbase.dll+0x29333]  (no source info available)
C  [KERNEL32.DLL+0x1259d]  (no source info available)
C  [ntdll.dll+0x5af38]  (no source info available)


---------------  P R O C E S S  ---------------

Threads class SMR info:
_java_thread_list=0x00007ffe9093b1c8, length=0, elements={
}

Java Threads: ( => current thread )
Total: 0

Other Threads:
  0x000002750e2003d0 WorkerThread "GC Thread#0"                     [id=39648, stack(0x000000ee4dd00000,0x000000ee4de00000) (1024K)]
  0x000002750e210a90 ConcurrentGCThread "G1 Main Marker"            [id=37468, stack(0x000000ee4de00000,0x000000ee4df00000) (1024K)]
  0x000002750e211c50 WorkerThread "G1 Conc#0"                       [id=37268, stack(0x000000ee4df00000,0x000000ee4e000000) (1024K)]

[error occurred during error reporting (printing all threads), id 0xc0000005, EXCEPTION_ACCESS_VIOLATION (0xc0000005) at pc=0x00007ffe9008f367]
VM state: not at safepoint (not fully initialized)

VM Mutex/Monitor currently owned by a thread:  ([mutex/lock_event])
[0x00007ffe909bbcb8] Heap_lock - owner thread: 0x000002750bf4ff60

Heap address: 0x000000070a600000, size: 3930 MB, Compressed Oops mode: Zero based, Oop shift amount: 3

CDS archive(s) mapped at: [0x0000000000000000-0x0000000000000000-0x0000000000000000), size 0, SharedBaseAddress: 0x0000000800000000, ArchiveRelocationMode: 1.
Narrow klass base: 0x0000000000000000, Narrow klass shift: 0, Narrow klass range: 0x0

GC Precious Log:
 CardTable entry size: 512
 Card Set container configuration: InlinePtr #cards 4 size 8 Array Of Cards #cards 16 size 48 Howl #buckets 8 coarsen threshold 3686 Howl Bitmap #cards 512 size 80 coarsen threshold 460 Card regions per heap region 1 cards per card region 4096

Heap:
 garbage-first heap   total reserved 4024320K, committed 0K, used 0K [0x000000070a600000, 0x0000000800000000)
  region size 2048K, 0 young (0K), 0 survivors (0K)

[error occurred during error reporting (printing heap information), id 0xc0000005, EXCEPTION_ACCESS_VIOLATION (0xc0000005) at pc=0x00007ffe9048e429]
GC Heap History (0 events):
No events

Dll operation events (1 events):
Event: 0.008 Loaded shared library C:\Program Files\Java\jdk-22\bin\java.dll

Deoptimization events (0 events):
No events

Classes loaded (0 events):
No events

Classes unloaded (0 events):
No events

Classes redefined (0 events):
No events

Internal exceptions (0 events):
No events

ZGC Phase Switch (0 events):
No events

VM Operations (0 events):
No events

Events (0 events):
No events


Dynamic libraries:
0x00007ff710f90000 - 0x00007ff710fa0000 	C:\Program Files\Java\jdk-22\bin\java.exe
0x00007ffedd0d0000 - 0x00007ffedd2e7000 	C:\windows\SYSTEM32\ntdll.dll
0x00007ffedb930000 - 0x00007ffedb9f4000 	C:\windows\System32\KERNEL32.DLL
0x00007ffeda910000 - 0x00007ffedacc9000 	C:\windows\System32\KERNELBASE.dll
0x00007ffeda610000 - 0x00007ffeda721000 	C:\windows\System32\ucrtbase.dll
0x00007ffeb4bf0000 - 0x00007ffeb4c0b000 	C:\Program Files\Java\jdk-22\bin\VCRUNTIME140.dll
0x00007ffec5430000 - 0x00007ffec5447000 	C:\Program Files\Java\jdk-22\bin\jli.dll
0x00007ffedc5e0000 - 0x00007ffedc692000 	C:\windows\System32\ADVAPI32.dll
0x00007ffedaf20000 - 0x00007ffedafc7000 	C:\windows\System32\msvcrt.dll
0x00007ffedc140000 - 0x00007ffedc1e7000 	C:\windows\System32\sechost.dll
0x00007ffeda3d0000 - 0x00007ffeda3f8000 	C:\windows\System32\bcrypt.dll
0x00007ffedb5a0000 - 0x00007ffedb6b4000 	C:\windows\System32\RPCRT4.dll
0x00007ffedc1f0000 - 0x00007ffedc39e000 	C:\windows\System32\USER32.dll
0x00007ffeda520000 - 0x00007ffeda546000 	C:\windows\System32\win32u.dll
0x00007ffebe8c0000 - 0x00007ffebeb52000 	C:\windows\WinSxS\amd64_microsoft.windows.common-controls_6595b64144ccf1df_6.0.22621.4391_none_2715d37f73803e96\COMCTL32.dll
0x00007ffedaef0000 - 0x00007ffedaf19000 	C:\windows\System32\GDI32.dll
0x00007ffedacd0000 - 0x00007ffedadeb000 	C:\windows\System32\gdi32full.dll
0x00007ffeda400000 - 0x00007ffeda49a000 	C:\windows\System32\msvcp_win.dll
0x00007ffed2c70000 - 0x00007ffed2c7a000 	C:\windows\SYSTEM32\VERSION.dll
0x00007ffedadf0000 - 0x00007ffedae21000 	C:\windows\System32\IMM32.DLL
0x00007ffec3500000 - 0x00007ffec350c000 	C:\Program Files\Java\jdk-22\bin\vcruntime140_1.dll
0x00007ffe8f8c0000 - 0x00007ffe8f94e000 	C:\Program Files\Java\jdk-22\bin\msvcp140.dll
0x00007ffe8fd50000 - 0x00007ffe90a97000 	C:\Program Files\Java\jdk-22\bin\server\jvm.dll
0x00007ffedb8b0000 - 0x00007ffedb921000 	C:\windows\System32\WS2_32.dll
0x00007ffed9c50000 - 0x00007ffed9c9d000 	C:\windows\SYSTEM32\POWRPROF.dll
0x00007ffed56e0000 - 0x00007ffed5714000 	C:\windows\SYSTEM32\WINMM.dll
0x00007ffed9c30000 - 0x00007ffed9c43000 	C:\windows\SYSTEM32\UMPDC.dll
0x00007ffed9410000 - 0x00007ffed9428000 	C:\windows\SYSTEM32\kernel.appcore.dll
0x00007ffec24c0000 - 0x00007ffec24ca000 	C:\Program Files\Java\jdk-22\bin\jimage.dll
0x00007ffed7d60000 - 0x00007ffed7f92000 	C:\windows\SYSTEM32\DBGHELP.DLL
0x00007ffedbd90000 - 0x00007ffedc11f000 	C:\windows\System32\combase.dll
0x00007ffedbcb0000 - 0x00007ffedbd87000 	C:\windows\System32\OLEAUT32.dll
0x00007ffecfd40000 - 0x00007ffecfd72000 	C:\windows\SYSTEM32\dbgcore.DLL
0x00007ffeda4a0000 - 0x00007ffeda51b000 	C:\windows\System32\bcryptPrimitives.dll
0x00007ffead610000 - 0x00007ffead62e000 	C:\Program Files\Java\jdk-22\bin\java.dll
0x00007ffedc790000 - 0x00007ffedd006000 	C:\windows\System32\SHELL32.dll
0x00007ffedba00000 - 0x00007ffedbba5000 	C:\windows\System32\ole32.dll

dbghelp: loaded successfully - version: 4.0.5 - missing functions: none
symbol engine: initialized successfully - sym options: 0x614 - pdb path: .;C:\Program Files\Java\jdk-22\bin;C:\windows\SYSTEM32;C:\windows\WinSxS\amd64_microsoft.windows.common-controls_6595b64144ccf1df_6.0.22621.4391_none_2715d37f73803e96;C:\Program Files\Java\jdk-22\bin\server

VM Arguments:
jvm_args: -Dfile.encoding=UTF-8 --module-path=C:\Users\dhond\Documents\NetBeansProjects\Bank management system\build\classes 
java_command: bank.management.system.SignupOne
java_class_path (initial): C:\Users\dhond\Downloads\jcalendar-tz-1.3.3-4.jar;C:\Users\dhond\Downloads\mysql-connector-java-8.0.28.jar;C:\Users\dhond\Documents\NetBeansProjects\Bank management system\build\classes
Launcher Type: SUN_STANDARD

[Global flags]
     intx CICompilerCount                          = 4                                         {product} {ergonomic}
     uint ConcGCThreads                            = 3                                         {product} {ergonomic}
     uint G1ConcRefinementThreads                  = 10                                        {product} {ergonomic}
   size_t G1HeapRegionSize                         = 2097152                                   {product} {ergonomic}
   size_t InitialHeapSize                          = 257949696                                 {product} {ergonomic}
   size_t MarkStackSize                            = 4194304                                   {product} {ergonomic}
   size_t MaxHeapSize                              = 4120903680                                {product} {ergonomic}
   size_t MinHeapDeltaBytes                        = 2097152                                   {product} {ergonomic}
   size_t MinHeapSize                              = 8388608                                   {product} {ergonomic}
    uintx NonNMethodCodeHeapSize                   = 5839372                                {pd product} {ergonomic}
    uintx NonProfiledCodeHeapSize                  = 122909434                              {pd product} {ergonomic}
    uintx ProfiledCodeHeapSize                     = 122909434                              {pd product} {ergonomic}
    uintx ReservedCodeCacheSize                    = 251658240                              {pd product} {ergonomic}
     bool SegmentedCodeCache                       = true                                      {product} {ergonomic}
   size_t SoftMaxHeapSize                          = 4120903680                             {manageable} {ergonomic}
     bool UseCompressedOops                        = true                           {product lp64_product} {ergonomic}
     bool UseG1GC                                  = true                                      {product} {ergonomic}
     bool UseLargePagesIndividualAllocation        = false                                  {pd product} {ergonomic}

Logging:
Log output configuration:
 #0: stdout all=warning uptime,level,tags foldmultilines=false
 #1: stderr all=off uptime,level,tags foldmultilines=false

Environment Variables:
PATH=C:\Program Files\Common Files\Oracle\Java\javapath;C:\Python312\Scripts\;C:\Python312\;C:\Program Files\Microsoft MPI\Bin\;C:\windows\system32;C:\windows;C:\windows\System32\Wbem;C:\windows\System32\WindowsPowerShell\v1.0\;C:\windows\System32\OpenSSH\;C:\Program Files\Azure Data Studio\bin;C:\Program Files\MySQL\MySQL Server 8.0\bin;C:\Program Files\nodejs\;C:\ProgramData\chocolatey\bin;C:\Program Files\Java\jdk-22\bin;C:\Program Files\MySQL\MySQL Shell 8.0\bin\;C:\Users\dhond\AppData\Local\Programs\Python\Python312\Scripts\;C:\Users\dhond\AppData\Local\Programs\Python\Python312\;C:\Program Files\Python312;C:\Users\dhond\AppData\Local\Programs\Microsoft VS Code\bin;C:\Program Files\Java\jdk-17\bin;
USERNAME=dhond
OS=Windows_NT
PROCESSOR_IDENTIFIER=AMD64 Family 25 Model 80 Stepping 0, AuthenticAMD
TMP=C:\Users\dhond\AppData\Local\Temp
TEMP=C:\Users\dhond\AppData\Local\Temp




Periodic native trim disabled

---------------  S Y S T E M  ---------------

OS:
 Windows 11 , 64 bit Build 22621 (10.0.22621.4391)
OS uptime: 13 days 19:07 hours

CPU: total 12 (initial active 12) (12 cores per cpu, 2 threads per core) family 25 model 80 stepping 0 microcode 0x0, cx8, cmov, fxsr, ht, mmx, 3dnowpref, sse, sse2, sse3, ssse3, sse4a, sse4.1, sse4.2, popcnt, lzcnt, tsc, tscinvbit, avx, avx2, aes, erms, clmul, bmi1, bmi2, adx, sha, fma, vzeroupper, clflush, clflushopt, rdtscp, rdpid, fsrm, f16c, pku, cet_ss
Processor Information for processor 0
  Max Mhz: 2301, Current Mhz: 2010, Mhz Limit: 2301
Processor Information for processor 1
  Max Mhz: 2301, Current Mhz: 2010, Mhz Limit: 2301
Processor Information for processor 2
  Max Mhz: 2301, Current Mhz: 2010, Mhz Limit: 2301
Processor Information for processor 3
  Max Mhz: 2301, Current Mhz: 2301, Mhz Limit: 2301
Processor Information for processor 4
  Max Mhz: 2301, Current Mhz: 2010, Mhz Limit: 2301
Processor Information for processor 5
  Max Mhz: 2301, Current Mhz: 2010, Mhz Limit: 2301
Processor Information for processor 6
  Max Mhz: 2301, Current Mhz: 2010, Mhz Limit: 2301
Processor Information for processor 7
  Max Mhz: 2301, Current Mhz: 2010, Mhz Limit: 2301
Processor Information for processor 8
  Max Mhz: 2301, Current Mhz: 2010, Mhz Limit: 2301
Processor Information for processor 9
  Max Mhz: 2301, Current Mhz: 2010, Mhz Limit: 2301
Processor Information for processor 10
  Max Mhz: 2301, Current Mhz: 2010, Mhz Limit: 2301
Processor Information for processor 11
  Max Mhz: 2301, Current Mhz: 2010, Mhz Limit: 2301

Memory: 4k page, system-wide physical 15712M (5691M free)
TotalPageFile size 48275M (AvailPageFile size 119M)
current process WorkingSet (physical memory assigned to process): 12M, peak: 12M
current process commit charge ("private bytes"): 64M, peak: 310M

vm_info: Java HotSpot(TM) 64-Bit Server VM (22.0.1+8-16) for windows-amd64 JRE (22.0.1+8-16), built on 2024-03-12T10:33:16Z by "mach5one" with MS VC++ 17.6 (VS2022)

END.
