#
# There is insufficient memory for the Java Runtime Environment to continue.
# Native memory allocation (mmap) failed to map 65536 bytes. Error detail: Failed to commit metaspace.
# Possible reasons:
#   The system is out of physical RAM or swap space
#   This process is running with CompressedOops enabled, and the Java Heap may be blocking the growth of the native heap
# Possible solutions:
#   Reduce memory load on the system
#   Increase physical memory or swap space
#   Check if swap backing store is full
#   Decrease Java heap size (-Xmx/-Xms)
#   Decrease number of Java threads
#   Decrease Java thread stack sizes (-Xss)
#   Set larger code cache with -XX:ReservedCodeCacheSize=
#   JVM is running with Zero Based Compressed Oops mode in which the Java heap is
#     placed in the first 32GB address space. The Java Heap base address is the
#     maximum limit for the native heap growth. Please use -XX:HeapBaseMinAddress
#     to set the Java Heap base and to place the Java Heap above 32GB virtual address.
# This output file may be truncated or incomplete.
#
#  Out of Memory Error (virtualSpaceNode.cpp:112), pid=38236, tid=37900
#
# JRE version: Java(TM) SE Runtime Environment (22.0.1+8) (build 22.0.1+8-16)
# Java VM: Java HotSpot(TM) 64-Bit Server VM (22.0.1+8-16, mixed mode, sharing, tiered, compressed oops, compressed class ptrs, g1 gc, windows-amd64)
# No core dump will be written. Minidumps are not enabled by default on client versions of Windows
#

---------------  S U M M A R Y ------------

Command Line: -Dfile.encoding=UTF-8 --module-path=C:\Users\dhond\Documents\NetBeansProjects\Bank management system\build\classes bank.management.system.Signup3

Host: AMD Ryzen 5 5625U with Radeon Graphics         , 12 cores, 15G,  Windows 11 , 64 bit Build 22621 (10.0.22621.4391)
Time: Sun Feb 16 14:30:46 2025 India Standard Time elapsed time: 0.775762 seconds (0d 0h 0m 0s)

---------------  T H R E A D  ---------------

Current thread (0x000001cf5b2e4580):  JavaThread "AWT-EventQueue-0"        [_thread_in_vm, id=37900, stack(0x0000001bf2800000,0x0000001bf2900000) (1024K)]

Stack: [0x0000001bf2800000,0x0000001bf2900000]
Native frames: (J=compiled Java code, j=interpreted, Vv=VM code, C=native code)
V  [jvm.dll+0x6e2279]  (no source info available)
V  [jvm.dll+0x874e33]  (no source info available)
V  [jvm.dll+0x87725e]  (no source info available)
V  [jvm.dll+0x877933]  (no source info available)
V  [jvm.dll+0x27fd76]  (no source info available)
V  [jvm.dll+0x870a7e]  (no source info available)
V  [jvm.dll+0x6852e5]  (no source info available)
V  [jvm.dll+0x68534a]  (no source info available)
V  [jvm.dll+0x687b8a]  (no source info available)
V  [jvm.dll+0x2250ac]  (no source info available)
V  [jvm.dll+0x685cfe]  (no source info available)
V  [jvm.dll+0x26b217]  (no source info available)
V  [jvm.dll+0x211028]  (no source info available)
V  [jvm.dll+0x215d20]  (no source info available)
V  [jvm.dll+0x20b4ee]  (no source info available)
V  [jvm.dll+0x5c462f]  (no source info available)
V  [jvm.dll+0x21cc6a]  (no source info available)
V  [jvm.dll+0x7eb6dc]  (no source info available)
V  [jvm.dll+0x7ec776]  (no source info available)
V  [jvm.dll+0x7ecd84]  (no source info available)
V  [jvm.dll+0x7eca08]  (no source info available)
V  [jvm.dll+0x26d79b]  (no source info available)
V  [jvm.dll+0x3d9b4e]  (no source info available)
C  0x000001cf0754abdf  (no source info available)

The last pc belongs to new (printed below).
Java frames: (J=compiled Java code, j=interpreted, Vv=VM code)
j  java.awt.geom.Ellipse2D.getPathIterator(Ljava/awt/geom/AffineTransform;)Ljava/awt/geom/PathIterator;+0 java.desktop@22.0.1
j  sun.java2d.marlin.DMarlinRenderingEngine.strokeTo(Lsun/java2d/marlin/RendererContext;Ljava/awt/Shape;Ljava/awt/geom/AffineTransform;DLsun/java2d/marlin/DMarlinRenderingEngine$NormMode;IIF[FFLsun/java2d/marlin/DPathConsumer2D;)V+378 java.desktop@22.0.1
j  sun.java2d.marlin.DMarlinRenderingEngine.strokeTo(Lsun/java2d/marlin/RendererContext;Ljava/awt/Shape;Ljava/awt/geom/AffineTransform;Ljava/awt/BasicStroke;ZLsun/java2d/marlin/DMarlinRenderingEngine$NormMode;ZLsun/java2d/marlin/DPathConsumer2D;)V+78 java.desktop@22.0.1
j  sun.java2d.marlin.DMarlinRenderingEngine.getAATileGenerator(Ljava/awt/Shape;Ljava/awt/geom/AffineTransform;Lsun/java2d/pipe/Region;Ljava/awt/BasicStroke;ZZ[I)Lsun/java2d/pipe/AATileGenerator;+320 java.desktop@22.0.1
j  sun.java2d.pipe.AAShapePipe.renderPath(Lsun/java2d/SunGraphics2D;Ljava/awt/Shape;Ljava/awt/BasicStroke;)V+71 java.desktop@22.0.1
j  sun.java2d.pipe.AAShapePipe.draw(Lsun/java2d/SunGraphics2D;Ljava/awt/Shape;)V+38 java.desktop@22.0.1
j  sun.java2d.pipe.PixelToParallelogramConverter.draw(Lsun/java2d/SunGraphics2D;Ljava/awt/Shape;)V+156 java.desktop@22.0.1
j  sun.java2d.pipe.PixelToShapeConverter.drawOval(Lsun/java2d/SunGraphics2D;IIII)V+22 java.desktop@22.0.1
j  sun.java2d.SunGraphics2D.drawOval(IIII)V+10 java.desktop@22.0.1
j  javax.swing.plaf.metal.MetalIconFactory$RadioButtonIcon.paintOceanIcon(Ljava/awt/Component;Ljava/awt/Graphics;II)V+222 java.desktop@22.0.1
j  javax.swing.plaf.metal.MetalIconFactory$RadioButtonIcon.paintIcon(Ljava/awt/Component;Ljava/awt/Graphics;II)V+18 java.desktop@22.0.1
j  javax.swing.plaf.metal.MetalRadioButtonUI.paint(Ljava/awt/Graphics;Ljavax/swing/JComponent;)V+465 java.desktop@22.0.1
j  javax.swing.plaf.ComponentUI.update(Ljava/awt/Graphics;Ljavax/swing/JComponent;)V+32 java.desktop@22.0.1
j  javax.swing.JComponent.paintComponent(Ljava/awt/Graphics;)V+26 java.desktop@22.0.1
j  javax.swing.JComponent.paint(Ljava/awt/Graphics;)V+286 java.desktop@22.0.1
j  javax.swing.JComponent.paintChildren(Ljava/awt/Graphics;)V+516 java.desktop@22.0.1
j  javax.swing.JComponent.paint(Ljava/awt/Graphics;)V+318 java.desktop@22.0.1
j  javax.swing.JComponent.paintChildren(Ljava/awt/Graphics;)V+516 java.desktop@22.0.1
j  javax.swing.JComponent.paint(Ljava/awt/Graphics;)V+318 java.desktop@22.0.1
j  javax.swing.JLayeredPane.paint(Ljava/awt/Graphics;)V+73 java.desktop@22.0.1
j  javax.swing.JComponent.paintChildren(Ljava/awt/Graphics;)V+516 java.desktop@22.0.1
j  javax.swing.JComponent.paintToOffscreen(Ljava/awt/Graphics;IIIIII)V+72 java.desktop@22.0.1
j  javax.swing.RepaintManager$PaintManager.paintDoubleBufferedFPScales(Ljavax/swing/JComponent;Ljava/awt/Image;Ljava/awt/Graphics;IIII)V+320 java.desktop@22.0.1
j  javax.swing.RepaintManager$PaintManager.paintDoubleBuffered(Ljavax/swing/JComponent;Ljava/awt/Image;Ljava/awt/Graphics;IIII)V+28 java.desktop@22.0.1
j  javax.swing.RepaintManager$PaintManager.paint(Ljavax/swing/JComponent;Ljavax/swing/JComponent;Ljava/awt/Graphics;IIII)Z+128 java.desktop@22.0.1
j  javax.swing.RepaintManager.paint(Ljavax/swing/JComponent;Ljavax/swing/JComponent;Ljava/awt/Graphics;IIII)V+52 java.desktop@22.0.1
j  javax.swing.JComponent.paint(Ljava/awt/Graphics;)V+221 java.desktop@22.0.1
j  java.awt.GraphicsCallback$PaintCallback.run(Ljava/awt/Component;Ljava/awt/Graphics;)V+2 java.desktop@22.0.1
j  sun.awt.SunGraphicsCallback.runOneComponent(Ljava/awt/Component;Ljava/awt/Rectangle;Ljava/awt/Graphics;Ljava/awt/Shape;I)V+130 java.desktop@22.0.1
j  sun.awt.SunGraphicsCallback.runComponents([Ljava/awt/Component;Ljava/awt/Graphics;I)V+157 java.desktop@22.0.1
j  java.awt.Container.paint(Ljava/awt/Graphics;)V+58 java.desktop@22.0.1
j  java.awt.Window.paint(Ljava/awt/Graphics;)V+68 java.desktop@22.0.1
j  javax.swing.RepaintManager$4.run()Ljava/lang/Void;+142 java.desktop@22.0.1
j  javax.swing.RepaintManager$4.run()Ljava/lang/Object;+1 java.desktop@22.0.1
j  java.security.AccessController.executePrivileged(Ljava/security/PrivilegedAction;Ljava/security/AccessControlContext;Ljava/lang/Class;)Ljava/lang/Object;+29 java.base@22.0.1
j  java.security.AccessController.doPrivileged(Ljava/security/PrivilegedAction;Ljava/security/AccessControlContext;)Ljava/lang/Object;+13 java.base@22.0.1
j  java.security.ProtectionDomain$JavaSecurityAccessImpl.doIntersectionPrivilege(Ljava/security/PrivilegedAction;Ljava/security/AccessControlContext;Ljava/security/AccessControlContext;)Ljava/lang/Object;+18 java.base@22.0.1
j  javax.swing.RepaintManager.paintDirtyRegions(Ljava/util/Map;)V+154 java.desktop@22.0.1
j  javax.swing.RepaintManager.paintDirtyRegions()V+46 java.desktop@22.0.1
j  javax.swing.RepaintManager.prePaintDirtyRegions()V+73 java.desktop@22.0.1
j  javax.swing.RepaintManager$ProcessingRunnable.run()V+37 java.desktop@22.0.1
j  java.awt.event.InvocationEvent.dispatch()V+47 java.desktop@22.0.1
j  java.awt.EventQueue.dispatchEventImpl(Ljava/awt/AWTEvent;Ljava/lang/Object;)V+21 java.desktop@22.0.1
j  java.awt.EventQueue$4.run()Ljava/lang/Void;+32 java.desktop@22.0.1
j  java.awt.EventQueue$4.run()Ljava/lang/Object;+1 java.desktop@22.0.1
j  java.security.AccessController.executePrivileged(Ljava/security/PrivilegedAction;Ljava/security/AccessControlContext;Ljava/lang/Class;)Ljava/lang/Object;+29 java.base@22.0.1
j  java.security.AccessController.doPrivileged(Ljava/security/PrivilegedAction;Ljava/security/AccessControlContext;)Ljava/lang/Object;+13 java.base@22.0.1
j  java.security.ProtectionDomain$JavaSecurityAccessImpl.doIntersectionPrivilege(Ljava/security/PrivilegedAction;Ljava/security/AccessControlContext;Ljava/security/AccessControlContext;)Ljava/lang/Object;+18 java.base@22.0.1
j  java.awt.EventQueue.dispatchEvent(Ljava/awt/AWTEvent;)V+46 java.desktop@22.0.1
j  java.awt.EventDispatchThread.pumpOneEventForFilters(I)V+81 java.desktop@22.0.1
j  java.awt.EventDispatchThread.pumpEventsForFilter(ILjava/awt/Conditional;Ljava/awt/EventFilter;)V+35 java.desktop@22.0.1
j  java.awt.EventDispatchThread.pumpEventsForHierarchy(ILjava/awt/Conditional;Ljava/awt/Component;)V+11 java.desktop@22.0.1
j  java.awt.EventDispatchThread.pumpEvents(ILjava/awt/Conditional;)V+4 java.desktop@22.0.1
j  java.awt.EventDispatchThread.pumpEvents(Ljava/awt/Conditional;)V+3 java.desktop@22.0.1
j  java.awt.EventDispatchThread.run()V+9 java.desktop@22.0.1
v  ~StubRoutines::call_stub 0x000001cf0753100d
new  187 new  [0x000001cf0754aa60, 0x000001cf0754ac68]  520 bytes
[MachCode]
  0x000001cf0754aa60: 4883 ec08 | c5fa 1104 | 24eb 1f48 | 83ec 10c5 | fb11 0424 | eb14 4883 | ec10 4889 | 0424 48c7 
  0x000001cf0754aa80: 4424 0800 | 0000 00eb | 0150 410f | b755 010f | cac1 ea10 | 488b 4de8 | 488b 4908 | 488b 4908 
  0x000001cf0754aaa0: 488b 4108 | 807c 1004 | 070f 85d3 | 0000 0066 | 8b54 d148 | 488b 4928 | 488b 4cd1 | 0851 80b9 
  0x000001cf0754aac0: 2001 0000 | 050f 85b6 | 0000 008b | 5108 f6c2 | 010f 85aa | 0000 0049 | 8b87 b801 | 0000 488d 
  0x000001cf0754aae0: 1c10 493b | 9fc8 0100 | 000f 8792 | 0000 0049 | 899f b801 | 0000 4883 | ea10 0f84 | 0f00 0000 
  0x000001cf0754ab00: 33c9 c1ea | 0348 894c | d008 48ff | ca75 f648 | c700 0100 | 0000 5933 | f689 700c | 49ba 0000 
  0x000001cf0754ab20: 0016 cf01 | 0000 492b | ca89 4808 | 49ba 9d30 | 9990 fe7f | 0000 4180 | 3a00 0f84 | 3c00 0000 
  0x000001cf0754ab40: 5048 8bc8 | 4883 ec20 | 40f6 c40f | 0f84 1900 | 0000 4883 | ec08 48b8 | 80b5 4990 | fe7f 0000 
  0x000001cf0754ab60: ffd0 4883 | c408 e90c | 0000 0048 | b880 b549 | 90fe 7f00 | 00ff d048 | 83c4 2058 | e9cb 0000 
  0x000001cf0754ab80: 0059 488b | 55e8 488b | 5208 488b | 5208 450f | b745 0141 | 0fc8 41c1 | e810 e805 | 0000 00e9 
  0x000001cf0754aba0: a800 0000 | 488d 4424 | 084c 896d | c049 8bcf | c5f8 7749 | 89af b003 | 0000 4989 | 87a0 0300 
  0x000001cf0754abc0: 0048 83ec | 2040 f6c4 | 0f0f 8419 | 0000 0048 | 83ec 0848 | b800 9b12 | 90fe 7f00 | 00ff d048 
  0x000001cf0754abe0: 83c4 08e9 | 0c00 0000 | 48b8 009b | 1290 fe7f | 0000 ffd0 | 4883 c420 | 49c7 87a0 | 0300 0000 
  0x000001cf0754ac00: 0000 0049 | c787 b003 | 0000 0000 | 0000 49c7 | 87a8 0300 | 0000 0000 | 00c5 f877 | 4983 7f08 
  0x000001cf0754ac20: 000f 8405 | 0000 00e9 | d462 feff | 498b 87f8 | 0300 0049 | c787 f803 | 0000 0000 | 0000 4c8b 
  0x000001cf0754ac40: 6dc0 4c8b | 75c8 4e8d | 74f5 00c3 | 410f b65d | 0349 83c5 | 0349 baf0 | f99c 90fe | 7f00 0041 
  0x000001cf0754ac60: ff24 da0f | 1f44 0000 
[/MachCode]

---------------  P R O C E S S  ---------------

Threads class SMR info:
_java_thread_list=0x000001cf5b28fe60, length=17, elements={
0x000001cf157a7e90, 0x000001cf157a88f0, 0x000001cf157abea0, 0x000001cf157acc60,
0x000001cf157ae630, 0x000001cf157b21e0, 0x000001cf157c6fa0, 0x000001cf157c8a60,
0x000001cf159cc6f0, 0x000001cf15b1e500, 0x000001cf15b5fbd0, 0x000001cf5b033dc0,
0x000001cf5b0394f0, 0x000001cf5b03ee80, 0x000001cf5b2e4580, 0x000001cf742b8c70,
0x000001cf159f75b0
}

Java Threads: ( => current thread )
  0x000001cf157a7e90 JavaThread "Reference Handler"          daemon [_thread_blocked, id=9468, stack(0x0000001bf1000000,0x0000001bf1100000) (1024K)]
  0x000001cf157a88f0 JavaThread "Finalizer"                  daemon [_thread_blocked, id=33756, stack(0x0000001bf1100000,0x0000001bf1200000) (1024K)]
  0x000001cf157abea0 JavaThread "Signal Dispatcher"          daemon [_thread_blocked, id=33768, stack(0x0000001bf1200000,0x0000001bf1300000) (1024K)]
  0x000001cf157acc60 JavaThread "Attach Listener"            daemon [_thread_blocked, id=38816, stack(0x0000001bf1300000,0x0000001bf1400000) (1024K)]
  0x000001cf157ae630 JavaThread "Service Thread"             daemon [_thread_blocked, id=35060, stack(0x0000001bf1400000,0x0000001bf1500000) (1024K)]
  0x000001cf157b21e0 JavaThread "Monitor Deflation Thread"   daemon [_thread_blocked, id=12844, stack(0x0000001bf1500000,0x0000001bf1600000) (1024K)]
  0x000001cf157c6fa0 JavaThread "C2 CompilerThread0"         daemon [_thread_blocked, id=35560, stack(0x0000001bf1600000,0x0000001bf1700000) (1024K)]
  0x000001cf157c8a60 JavaThread "C1 CompilerThread0"         daemon [_thread_blocked, id=38636, stack(0x0000001bf1700000,0x0000001bf1800000) (1024K)]
  0x000001cf159cc6f0 JavaThread "Common-Cleaner"             daemon [_thread_blocked, id=17156, stack(0x0000001bf1800000,0x0000001bf1900000) (1024K)]
  0x000001cf15b1e500 JavaThread "Notification Thread"        daemon [_thread_blocked, id=32424, stack(0x0000001bf1900000,0x0000001bf1a00000) (1024K)]
  0x000001cf15b5fbd0 JavaThread "C2 CompilerThread1"         daemon [_thread_blocked, id=11780, stack(0x0000001bf1a00000,0x0000001bf1b00000) (1024K)]
  0x000001cf5b033dc0 JavaThread "Java2D Disposer"            daemon [_thread_blocked, id=38304, stack(0x0000001bf1b00000,0x0000001bf1c00000) (1024K)]
  0x000001cf5b0394f0 JavaThread "AWT-Shutdown"                      [_thread_blocked, id=37000, stack(0x0000001bf1c00000,0x0000001bf1d00000) (1024K)]
  0x000001cf5b03ee80 JavaThread "AWT-Windows"                daemon [_thread_in_native, id=29484, stack(0x0000001bf1d00000,0x0000001bf1e00000) (1024K)]
=>0x000001cf5b2e4580 JavaThread "AWT-EventQueue-0"                  [_thread_in_vm, id=37900, stack(0x0000001bf2800000,0x0000001bf2900000) (1024K)]
  0x000001cf742b8c70 JavaThread "DestroyJavaVM"                     [_thread_blocked, id=14692, stack(0x0000001bf0800000,0x0000001bf0900000) (1024K)]
  0x000001cf159f75b0 JavaThread "D3D Screen Updater"         daemon [_thread_blocked, id=36524, stack(0x0000001bf2900000,0x0000001bf2a00000) (1024K)]
Total: 17

Other Threads:
  0x000001cf1578e900 VMThread "VM Thread"                           [id=12656, stack(0x0000001bf0f00000,0x0000001bf1000000) (1024K)]
  0x000001cf15775040 WatcherThread "VM Periodic Task Thread"        [id=13940, stack(0x0000001bf0e00000,0x0000001bf0f00000) (1024K)]
  0x000001cf7658c4f0 WorkerThread "GC Thread#0"                     [id=18824, stack(0x0000001bf0900000,0x0000001bf0a00000) (1024K)]
  0x000001cf7659dc30 ConcurrentGCThread "G1 Main Marker"            [id=29488, stack(0x0000001bf0a00000,0x0000001bf0b00000) (1024K)]
  0x000001cf7659eee0 WorkerThread "G1 Conc#0"                       [id=39836, stack(0x0000001bf0b00000,0x0000001bf0c00000) (1024K)]
  0x000001cf15641570 ConcurrentGCThread "G1 Refine#0"               [id=9864, stack(0x0000001bf0c00000,0x0000001bf0d00000) (1024K)]
  0x000001cf15641da0 ConcurrentGCThread "G1 Service"                [id=29508, stack(0x0000001bf0d00000,0x0000001bf0e00000) (1024K)]
Total: 7

Threads with active compile tasks:
Total: 0

VM state: not at safepoint (normal execution)

VM Mutex/Monitor currently owned by a thread:  ([mutex/lock_event])
[0x00007ffe909b9b38] Metaspace_lock - owner thread: 0x000001cf5b2e4580

Heap address: 0x000000070a600000, size: 3930 MB, Compressed Oops mode: Zero based, Oop shift amount: 3

CDS archive(s) mapped at: [0x000001cf16000000-0x000001cf16c60000-0x000001cf16c60000), size 12976128, SharedBaseAddress: 0x000001cf16000000, ArchiveRelocationMode: 1.
Compressed class space mapped at: 0x000001cf17000000-0x000001cf57000000, reserved size: 1073741824
Narrow klass base: 0x000001cf16000000, Narrow klass shift: 0, Narrow klass range: 0x41000000

GC Precious Log:
 CardTable entry size: 512
 Card Set container configuration: InlinePtr #cards 4 size 8 Array Of Cards #cards 16 size 48 Howl #buckets 8 coarsen threshold 3686 Howl Bitmap #cards 512 size 80 coarsen threshold 460 Card regions per heap region 1 cards per card region 4096
 CPUs: 12 total, 12 available
 Memory: 15712M
 Large Page Support: Disabled
 NUMA Support: Disabled
 Compressed Oops: Enabled (Zero based)
 Heap Region Size: 2M
 Heap Min Capacity: 8M
 Heap Initial Capacity: 246M
 Heap Max Capacity: 3930M
 Pre-touch: Disabled
 Parallel Workers: 10
 Concurrent Workers: 3
 Concurrent Refinement Workers: 10
 Periodic GC: Disabled

Heap:
 garbage-first heap   total reserved 4024320K, committed 251904K, used 16384K [0x000000070a600000, 0x0000000800000000)
  region size 2048K, 9 young (18432K), 0 survivors (0K)
 Metaspace       used 7136K, committed 7296K, reserved 1114112K
  class space    used 788K, committed 896K, reserved 1048576K

Heap Regions: E=young(eden), S=young(survivor), O=old, HS=humongous(starts), HC=humongous(continues), CS=collection set, F=free, TAMS=top-at-mark-start, PB=parsable bottom
|   0|0x000000070a600000, 0x000000070a600000, 0x000000070a800000|  0%| F|  |TAMS 0x000000070a600000| PB 0x000000070a600000| Untracked |  0
|   1|0x000000070a800000, 0x000000070a800000, 0x000000070aa00000|  0%| F|  |TAMS 0x000000070a800000| PB 0x000000070a800000| Untracked |  0
|   2|0x000000070aa00000, 0x000000070aa00000, 0x000000070ac00000|  0%| F|  |TAMS 0x000000070aa00000| PB 0x000000070aa00000| Untracked |  0
|   3|0x000000070ac00000, 0x000000070ac00000, 0x000000070ae00000|  0%| F|  |TAMS 0x000000070ac00000| PB 0x000000070ac00000| Untracked |  0
|   4|0x000000070ae00000, 0x000000070ae00000, 0x000000070b000000|  0%| F|  |TAMS 0x000000070ae00000| PB 0x000000070ae00000| Untracked |  0
|   5|0x000000070b000000, 0x000000070b000000, 0x000000070b200000|  0%| F|  |TAMS 0x000000070b000000| PB 0x000000070b000000| Untracked |  0
|   6|0x000000070b200000, 0x000000070b200000, 0x000000070b400000|  0%| F|  |TAMS 0x000000070b200000| PB 0x000000070b200000| Untracked |  0
|   7|0x000000070b400000, 0x000000070b400000, 0x000000070b600000|  0%| F|  |TAMS 0x000000070b400000| PB 0x000000070b400000| Untracked |  0
|   8|0x000000070b600000, 0x000000070b600000, 0x000000070b800000|  0%| F|  |TAMS 0x000000070b600000| PB 0x000000070b600000| Untracked |  0
|   9|0x000000070b800000, 0x000000070b800000, 0x000000070ba00000|  0%| F|  |TAMS 0x000000070b800000| PB 0x000000070b800000| Untracked |  0
|  10|0x000000070ba00000, 0x000000070ba00000, 0x000000070bc00000|  0%| F|  |TAMS 0x000000070ba00000| PB 0x000000070ba00000| Untracked |  0
|  11|0x000000070bc00000, 0x000000070bc00000, 0x000000070be00000|  0%| F|  |TAMS 0x000000070bc00000| PB 0x000000070bc00000| Untracked |  0
|  12|0x000000070be00000, 0x000000070be00000, 0x000000070c000000|  0%| F|  |TAMS 0x000000070be00000| PB 0x000000070be00000| Untracked |  0
|  13|0x000000070c000000, 0x000000070c000000, 0x000000070c200000|  0%| F|  |TAMS 0x000000070c000000| PB 0x000000070c000000| Untracked |  0
|  14|0x000000070c200000, 0x000000070c200000, 0x000000070c400000|  0%| F|  |TAMS 0x000000070c200000| PB 0x000000070c200000| Untracked |  0
|  15|0x000000070c400000, 0x000000070c400000, 0x000000070c600000|  0%| F|  |TAMS 0x000000070c400000| PB 0x000000070c400000| Untracked |  0
|  16|0x000000070c600000, 0x000000070c600000, 0x000000070c800000|  0%| F|  |TAMS 0x000000070c600000| PB 0x000000070c600000| Untracked |  0
|  17|0x000000070c800000, 0x000000070c800000, 0x000000070ca00000|  0%| F|  |TAMS 0x000000070c800000| PB 0x000000070c800000| Untracked |  0
|  18|0x000000070ca00000, 0x000000070ca00000, 0x000000070cc00000|  0%| F|  |TAMS 0x000000070ca00000| PB 0x000000070ca00000| Untracked |  0
|  19|0x000000070cc00000, 0x000000070cc00000, 0x000000070ce00000|  0%| F|  |TAMS 0x000000070cc00000| PB 0x000000070cc00000| Untracked |  0
|  20|0x000000070ce00000, 0x000000070ce00000, 0x000000070d000000|  0%| F|  |TAMS 0x000000070ce00000| PB 0x000000070ce00000| Untracked |  0
|  21|0x000000070d000000, 0x000000070d000000, 0x000000070d200000|  0%| F|  |TAMS 0x000000070d000000| PB 0x000000070d000000| Untracked |  0
|  22|0x000000070d200000, 0x000000070d200000, 0x000000070d400000|  0%| F|  |TAMS 0x000000070d200000| PB 0x000000070d200000| Untracked |  0
|  23|0x000000070d400000, 0x000000070d400000, 0x000000070d600000|  0%| F|  |TAMS 0x000000070d400000| PB 0x000000070d400000| Untracked |  0
|  24|0x000000070d600000, 0x000000070d600000, 0x000000070d800000|  0%| F|  |TAMS 0x000000070d600000| PB 0x000000070d600000| Untracked |  0
|  25|0x000000070d800000, 0x000000070d800000, 0x000000070da00000|  0%| F|  |TAMS 0x000000070d800000| PB 0x000000070d800000| Untracked |  0
|  26|0x000000070da00000, 0x000000070da00000, 0x000000070dc00000|  0%| F|  |TAMS 0x000000070da00000| PB 0x000000070da00000| Untracked |  0
|  27|0x000000070dc00000, 0x000000070dc00000, 0x000000070de00000|  0%| F|  |TAMS 0x000000070dc00000| PB 0x000000070dc00000| Untracked |  0
|  28|0x000000070de00000, 0x000000070de00000, 0x000000070e000000|  0%| F|  |TAMS 0x000000070de00000| PB 0x000000070de00000| Untracked |  0
|  29|0x000000070e000000, 0x000000070e000000, 0x000000070e200000|  0%| F|  |TAMS 0x000000070e000000| PB 0x000000070e000000| Untracked |  0
|  30|0x000000070e200000, 0x000000070e200000, 0x000000070e400000|  0%| F|  |TAMS 0x000000070e200000| PB 0x000000070e200000| Untracked |  0
|  31|0x000000070e400000, 0x000000070e400000, 0x000000070e600000|  0%| F|  |TAMS 0x000000070e400000| PB 0x000000070e400000| Untracked |  0
|  32|0x000000070e600000, 0x000000070e600000, 0x000000070e800000|  0%| F|  |TAMS 0x000000070e600000| PB 0x000000070e600000| Untracked |  0
|  33|0x000000070e800000, 0x000000070e800000, 0x000000070ea00000|  0%| F|  |TAMS 0x000000070e800000| PB 0x000000070e800000| Untracked |  0
|  34|0x000000070ea00000, 0x000000070ea00000, 0x000000070ec00000|  0%| F|  |TAMS 0x000000070ea00000| PB 0x000000070ea00000| Untracked |  0
|  35|0x000000070ec00000, 0x000000070ec00000, 0x000000070ee00000|  0%| F|  |TAMS 0x000000070ec00000| PB 0x000000070ec00000| Untracked |  0
|  36|0x000000070ee00000, 0x000000070ee00000, 0x000000070f000000|  0%| F|  |TAMS 0x000000070ee00000| PB 0x000000070ee00000| Untracked |  0
|  37|0x000000070f000000, 0x000000070f000000, 0x000000070f200000|  0%| F|  |TAMS 0x000000070f000000| PB 0x000000070f000000| Untracked |  0
|  38|0x000000070f200000, 0x000000070f200000, 0x000000070f400000|  0%| F|  |TAMS 0x000000070f200000| PB 0x000000070f200000| Untracked |  0
|  39|0x000000070f400000, 0x000000070f400000, 0x000000070f600000|  0%| F|  |TAMS 0x000000070f400000| PB 0x000000070f400000| Untracked |  0
|  40|0x000000070f600000, 0x000000070f600000, 0x000000070f800000|  0%| F|  |TAMS 0x000000070f600000| PB 0x000000070f600000| Untracked |  0
|  41|0x000000070f800000, 0x000000070f800000, 0x000000070fa00000|  0%| F|  |TAMS 0x000000070f800000| PB 0x000000070f800000| Untracked |  0
|  42|0x000000070fa00000, 0x000000070fa00000, 0x000000070fc00000|  0%| F|  |TAMS 0x000000070fa00000| PB 0x000000070fa00000| Untracked |  0
|  43|0x000000070fc00000, 0x000000070fc00000, 0x000000070fe00000|  0%| F|  |TAMS 0x000000070fc00000| PB 0x000000070fc00000| Untracked |  0
|  44|0x000000070fe00000, 0x000000070fe00000, 0x0000000710000000|  0%| F|  |TAMS 0x000000070fe00000| PB 0x000000070fe00000| Untracked |  0
|  45|0x0000000710000000, 0x0000000710000000, 0x0000000710200000|  0%| F|  |TAMS 0x0000000710000000| PB 0x0000000710000000| Untracked |  0
|  46|0x0000000710200000, 0x0000000710200000, 0x0000000710400000|  0%| F|  |TAMS 0x0000000710200000| PB 0x0000000710200000| Untracked |  0
|  47|0x0000000710400000, 0x0000000710400000, 0x0000000710600000|  0%| F|  |TAMS 0x0000000710400000| PB 0x0000000710400000| Untracked |  0
|  48|0x0000000710600000, 0x0000000710600000, 0x0000000710800000|  0%| F|  |TAMS 0x0000000710600000| PB 0x0000000710600000| Untracked |  0
|  49|0x0000000710800000, 0x0000000710800000, 0x0000000710a00000|  0%| F|  |TAMS 0x0000000710800000| PB 0x0000000710800000| Untracked |  0
|  50|0x0000000710a00000, 0x0000000710a00000, 0x0000000710c00000|  0%| F|  |TAMS 0x0000000710a00000| PB 0x0000000710a00000| Untracked |  0
|  51|0x0000000710c00000, 0x0000000710c00000, 0x0000000710e00000|  0%| F|  |TAMS 0x0000000710c00000| PB 0x0000000710c00000| Untracked |  0
|  52|0x0000000710e00000, 0x0000000710e00000, 0x0000000711000000|  0%| F|  |TAMS 0x0000000710e00000| PB 0x0000000710e00000| Untracked |  0
|  53|0x0000000711000000, 0x0000000711000000, 0x0000000711200000|  0%| F|  |TAMS 0x0000000711000000| PB 0x0000000711000000| Untracked |  0
|  54|0x0000000711200000, 0x0000000711200000, 0x0000000711400000|  0%| F|  |TAMS 0x0000000711200000| PB 0x0000000711200000| Untracked |  0
|  55|0x0000000711400000, 0x0000000711400000, 0x0000000711600000|  0%| F|  |TAMS 0x0000000711400000| PB 0x0000000711400000| Untracked |  0
|  56|0x0000000711600000, 0x0000000711600000, 0x0000000711800000|  0%| F|  |TAMS 0x0000000711600000| PB 0x0000000711600000| Untracked |  0
|  57|0x0000000711800000, 0x0000000711800000, 0x0000000711a00000|  0%| F|  |TAMS 0x0000000711800000| PB 0x0000000711800000| Untracked |  0
|  58|0x0000000711a00000, 0x0000000711a00000, 0x0000000711c00000|  0%| F|  |TAMS 0x0000000711a00000| PB 0x0000000711a00000| Untracked |  0
|  59|0x0000000711c00000, 0x0000000711c00000, 0x0000000711e00000|  0%| F|  |TAMS 0x0000000711c00000| PB 0x0000000711c00000| Untracked |  0
|  60|0x0000000711e00000, 0x0000000711e00000, 0x0000000712000000|  0%| F|  |TAMS 0x0000000711e00000| PB 0x0000000711e00000| Untracked |  0
|  61|0x0000000712000000, 0x0000000712000000, 0x0000000712200000|  0%| F|  |TAMS 0x0000000712000000| PB 0x0000000712000000| Untracked |  0
|  62|0x0000000712200000, 0x0000000712200000, 0x0000000712400000|  0%| F|  |TAMS 0x0000000712200000| PB 0x0000000712200000| Untracked |  0
|  63|0x0000000712400000, 0x0000000712400000, 0x0000000712600000|  0%| F|  |TAMS 0x0000000712400000| PB 0x0000000712400000| Untracked |  0
|  64|0x0000000712600000, 0x0000000712600000, 0x0000000712800000|  0%| F|  |TAMS 0x0000000712600000| PB 0x0000000712600000| Untracked |  0
|  65|0x0000000712800000, 0x0000000712800000, 0x0000000712a00000|  0%| F|  |TAMS 0x0000000712800000| PB 0x0000000712800000| Untracked |  0
|  66|0x0000000712a00000, 0x0000000712a00000, 0x0000000712c00000|  0%| F|  |TAMS 0x0000000712a00000| PB 0x0000000712a00000| Untracked |  0
|  67|0x0000000712c00000, 0x0000000712c00000, 0x0000000712e00000|  0%| F|  |TAMS 0x0000000712c00000| PB 0x0000000712c00000| Untracked |  0
|  68|0x0000000712e00000, 0x0000000712e00000, 0x0000000713000000|  0%| F|  |TAMS 0x0000000712e00000| PB 0x0000000712e00000| Untracked |  0
|  69|0x0000000713000000, 0x0000000713000000, 0x0000000713200000|  0%| F|  |TAMS 0x0000000713000000| PB 0x0000000713000000| Untracked |  0
|  70|0x0000000713200000, 0x0000000713200000, 0x0000000713400000|  0%| F|  |TAMS 0x0000000713200000| PB 0x0000000713200000| Untracked |  0
|  71|0x0000000713400000, 0x0000000713400000, 0x0000000713600000|  0%| F|  |TAMS 0x0000000713400000| PB 0x0000000713400000| Untracked |  0
|  72|0x0000000713600000, 0x0000000713600000, 0x0000000713800000|  0%| F|  |TAMS 0x0000000713600000| PB 0x0000000713600000| Untracked |  0
|  73|0x0000000713800000, 0x0000000713800000, 0x0000000713a00000|  0%| F|  |TAMS 0x0000000713800000| PB 0x0000000713800000| Untracked |  0
|  74|0x0000000713a00000, 0x0000000713a00000, 0x0000000713c00000|  0%| F|  |TAMS 0x0000000713a00000| PB 0x0000000713a00000| Untracked |  0
|  75|0x0000000713c00000, 0x0000000713c00000, 0x0000000713e00000|  0%| F|  |TAMS 0x0000000713c00000| PB 0x0000000713c00000| Untracked |  0
|  76|0x0000000713e00000, 0x0000000713e00000, 0x0000000714000000|  0%| F|  |TAMS 0x0000000713e00000| PB 0x0000000713e00000| Untracked |  0
|  77|0x0000000714000000, 0x0000000714000000, 0x0000000714200000|  0%| F|  |TAMS 0x0000000714000000| PB 0x0000000714000000| Untracked |  0
|  78|0x0000000714200000, 0x0000000714200000, 0x0000000714400000|  0%| F|  |TAMS 0x0000000714200000| PB 0x0000000714200000| Untracked |  0
|  79|0x0000000714400000, 0x0000000714400000, 0x0000000714600000|  0%| F|  |TAMS 0x0000000714400000| PB 0x0000000714400000| Untracked |  0
|  80|0x0000000714600000, 0x0000000714600000, 0x0000000714800000|  0%| F|  |TAMS 0x0000000714600000| PB 0x0000000714600000| Untracked |  0
|  81|0x0000000714800000, 0x0000000714800000, 0x0000000714a00000|  0%| F|  |TAMS 0x0000000714800000| PB 0x0000000714800000| Untracked |  0
|  82|0x0000000714a00000, 0x0000000714a00000, 0x0000000714c00000|  0%| F|  |TAMS 0x0000000714a00000| PB 0x0000000714a00000| Untracked |  0
|  83|0x0000000714c00000, 0x0000000714c00000, 0x0000000714e00000|  0%| F|  |TAMS 0x0000000714c00000| PB 0x0000000714c00000| Untracked |  0
|  84|0x0000000714e00000, 0x0000000714e00000, 0x0000000715000000|  0%| F|  |TAMS 0x0000000714e00000| PB 0x0000000714e00000| Untracked |  0
|  85|0x0000000715000000, 0x0000000715000000, 0x0000000715200000|  0%| F|  |TAMS 0x0000000715000000| PB 0x0000000715000000| Untracked |  0
|  86|0x0000000715200000, 0x0000000715200000, 0x0000000715400000|  0%| F|  |TAMS 0x0000000715200000| PB 0x0000000715200000| Untracked |  0
|  87|0x0000000715400000, 0x0000000715400000, 0x0000000715600000|  0%| F|  |TAMS 0x0000000715400000| PB 0x0000000715400000| Untracked |  0
|  88|0x0000000715600000, 0x0000000715600000, 0x0000000715800000|  0%| F|  |TAMS 0x0000000715600000| PB 0x0000000715600000| Untracked |  0
|  89|0x0000000715800000, 0x0000000715800000, 0x0000000715a00000|  0%| F|  |TAMS 0x0000000715800000| PB 0x0000000715800000| Untracked |  0
|  90|0x0000000715a00000, 0x0000000715a00000, 0x0000000715c00000|  0%| F|  |TAMS 0x0000000715a00000| PB 0x0000000715a00000| Untracked |  0
|  91|0x0000000715c00000, 0x0000000715c00000, 0x0000000715e00000|  0%| F|  |TAMS 0x0000000715c00000| PB 0x0000000715c00000| Untracked |  0
|  92|0x0000000715e00000, 0x0000000715e00000, 0x0000000716000000|  0%| F|  |TAMS 0x0000000715e00000| PB 0x0000000715e00000| Untracked |  0
|  93|0x0000000716000000, 0x0000000716000000, 0x0000000716200000|  0%| F|  |TAMS 0x0000000716000000| PB 0x0000000716000000| Untracked |  0
|  94|0x0000000716200000, 0x0000000716200000, 0x0000000716400000|  0%| F|  |TAMS 0x0000000716200000| PB 0x0000000716200000| Untracked |  0
|  95|0x0000000716400000, 0x0000000716400000, 0x0000000716600000|  0%| F|  |TAMS 0x0000000716400000| PB 0x0000000716400000| Untracked |  0
|  96|0x0000000716600000, 0x0000000716600000, 0x0000000716800000|  0%| F|  |TAMS 0x0000000716600000| PB 0x0000000716600000| Untracked |  0
|  97|0x0000000716800000, 0x0000000716800000, 0x0000000716a00000|  0%| F|  |TAMS 0x0000000716800000| PB 0x0000000716800000| Untracked |  0
|  98|0x0000000716a00000, 0x0000000716a00000, 0x0000000716c00000|  0%| F|  |TAMS 0x0000000716a00000| PB 0x0000000716a00000| Untracked |  0
|  99|0x0000000716c00000, 0x0000000716c00000, 0x0000000716e00000|  0%| F|  |TAMS 0x0000000716c00000| PB 0x0000000716c00000| Untracked |  0
| 100|0x0000000716e00000, 0x0000000716e00000, 0x0000000717000000|  0%| F|  |TAMS 0x0000000716e00000| PB 0x0000000716e00000| Untracked |  0
| 101|0x0000000717000000, 0x0000000717000000, 0x0000000717200000|  0%| F|  |TAMS 0x0000000717000000| PB 0x0000000717000000| Untracked |  0
| 102|0x0000000717200000, 0x0000000717200000, 0x0000000717400000|  0%| F|  |TAMS 0x0000000717200000| PB 0x0000000717200000| Untracked |  0
| 103|0x0000000717400000, 0x0000000717400000, 0x0000000717600000|  0%| F|  |TAMS 0x0000000717400000| PB 0x0000000717400000| Untracked |  0
| 104|0x0000000717600000, 0x0000000717600000, 0x0000000717800000|  0%| F|  |TAMS 0x0000000717600000| PB 0x0000000717600000| Untracked |  0
| 105|0x0000000717800000, 0x0000000717800000, 0x0000000717a00000|  0%| F|  |TAMS 0x0000000717800000| PB 0x0000000717800000| Untracked |  0
| 106|0x0000000717a00000, 0x0000000717a00000, 0x0000000717c00000|  0%| F|  |TAMS 0x0000000717a00000| PB 0x0000000717a00000| Untracked |  0
| 107|0x0000000717c00000, 0x0000000717c00000, 0x0000000717e00000|  0%| F|  |TAMS 0x0000000717c00000| PB 0x0000000717c00000| Untracked |  0
| 108|0x0000000717e00000, 0x0000000717e00000, 0x0000000718000000|  0%| F|  |TAMS 0x0000000717e00000| PB 0x0000000717e00000| Untracked |  0
| 109|0x0000000718000000, 0x0000000718000000, 0x0000000718200000|  0%| F|  |TAMS 0x0000000718000000| PB 0x0000000718000000| Untracked |  0
| 110|0x0000000718200000, 0x0000000718200000, 0x0000000718400000|  0%| F|  |TAMS 0x0000000718200000| PB 0x0000000718200000| Untracked |  0
| 111|0x0000000718400000, 0x0000000718400000, 0x0000000718600000|  0%| F|  |TAMS 0x0000000718400000| PB 0x0000000718400000| Untracked |  0
| 112|0x0000000718600000, 0x0000000718600000, 0x0000000718800000|  0%| F|  |TAMS 0x0000000718600000| PB 0x0000000718600000| Untracked |  0
| 113|0x0000000718800000, 0x0000000718800000, 0x0000000718a00000|  0%| F|  |TAMS 0x0000000718800000| PB 0x0000000718800000| Untracked |  0
| 114|0x0000000718a00000, 0x0000000718b743e8, 0x0000000718c00000| 72%| E|  |TAMS 0x0000000718a00000| PB 0x0000000718a00000| Complete |  0
| 115|0x0000000718c00000, 0x0000000718e00000, 0x0000000718e00000|100%| E|CS|TAMS 0x0000000718c00000| PB 0x0000000718c00000| Complete |  0
| 116|0x0000000718e00000, 0x0000000719000000, 0x0000000719000000|100%| E|CS|TAMS 0x0000000718e00000| PB 0x0000000718e00000| Complete |  0
| 117|0x0000000719000000, 0x0000000719200000, 0x0000000719200000|100%| E|CS|TAMS 0x0000000719000000| PB 0x0000000719000000| Complete |  0
| 118|0x0000000719200000, 0x0000000719400000, 0x0000000719400000|100%| E|CS|TAMS 0x0000000719200000| PB 0x0000000719200000| Complete |  0
| 119|0x0000000719400000, 0x0000000719600000, 0x0000000719600000|100%| E|CS|TAMS 0x0000000719400000| PB 0x0000000719400000| Complete |  0
| 120|0x0000000719600000, 0x0000000719800000, 0x0000000719800000|100%| E|CS|TAMS 0x0000000719600000| PB 0x0000000719600000| Complete |  0
| 121|0x0000000719800000, 0x0000000719a00000, 0x0000000719a00000|100%| E|CS|TAMS 0x0000000719800000| PB 0x0000000719800000| Complete |  0
| 122|0x0000000719a00000, 0x0000000719c00000, 0x0000000719c00000|100%| E|CS|TAMS 0x0000000719a00000| PB 0x0000000719a00000| Complete |  0

Card table byte_map: [0x000001cf7f570000,0x000001cf7fd20000] _byte_map_base: 0x000001cf7bd1d000

Marking Bits: (CMBitMap*) 0x000001cf7658cc00
 Bits: [0x000001cf0f000000, 0x000001cf12d68000)

Polling page: 0x000001cf74480000

Metaspace:

Usage:
  Non-class:      6.20 MB used.
      Class:    788.12 KB used.
       Both:      6.97 MB used.

Virtual space:
  Non-class space:       64.00 MB reserved,       6.25 MB ( 10%) committed,  1 nodes.
      Class space:        1.00 GB reserved,     896.00 KB ( <1%) committed,  1 nodes.
             Both:        1.06 GB reserved,       7.12 MB ( <1%) committed. 

Chunk freelists:
   Non-Class:  9.00 MB
       Class:  15.11 MB
        Both:  24.11 MB

MaxMetaspaceSize: unlimited
CompressedClassSpaceSize: 1.00 GB
Initial GC threshold: 21.00 MB
Current GC threshold: 21.00 MB
CDS: on
 - commit_granule_bytes: 65536.
 - commit_granule_words: 8192.
 - virtual_space_node_default_size: 8388608.
 - enlarge_chunks_in_place: 1.
 - use_allocation_guard: 0.


Internal statistics:

num_allocs_failed_limit: 0.
num_arena_births: 140.
num_arena_deaths: 0.
num_vsnodes_births: 2.
num_vsnodes_deaths: 0.
num_space_committed: 114.
num_space_uncommitted: 0.
num_chunks_returned_to_freelist: 0.
num_chunks_taken_from_freelist: 180.
num_chunk_merges: 0.
num_chunk_splits: 105.
num_chunks_enlarged: 38.
num_inconsistent_stats: 0.

CodeHeap 'non-profiled nmethods': size=120000Kb used=368Kb max_used=368Kb free=119631Kb
 bounds [0x000001cf07ad0000, 0x000001cf07d40000, 0x000001cf0f000000]
CodeHeap 'profiled nmethods': size=120000Kb used=1790Kb max_used=1790Kb free=118209Kb
 bounds [0x000001cf00000000, 0x000001cf00270000, 0x000001cf07530000]
CodeHeap 'non-nmethods': size=5760Kb used=1540Kb max_used=1553Kb free=4219Kb
 bounds [0x000001cf07530000, 0x000001cf077a0000, 0x000001cf07ad0000]
 total_blobs=1791 nmethods=1182 adapters=514
 compilation: enabled
              stopped_count=0, restarted_count=0
 full_count=0

Compilation events (20 events):
Event: 0.763 Thread 0x000001cf157c8a60 1173       3       sun.awt.image.PixelConverter$ArgbPre::rgbToPixel (100 bytes)
Event: 0.763 Thread 0x000001cf157c8a60 nmethod 1173 0x000001cf001bd490 code [0x000001cf001bd620, 0x000001cf001bd7e0]
Event: 0.765 Thread 0x000001cf157c8a60 1174       1       sun.awt.Win32GraphicsConfig::getDevice (5 bytes)
Event: 0.765 Thread 0x000001cf157c8a60 nmethod 1174 0x000001cf07b2b090 code [0x000001cf07b2b220, 0x000001cf07b2b2f0]
Event: 0.767 Thread 0x000001cf157c8a60 1175       1       java.awt.geom.AffineTransform::getTranslateX (5 bytes)
Event: 0.767 Thread 0x000001cf157c8a60 nmethod 1175 0x000001cf07b2b390 code [0x000001cf07b2b520, 0x000001cf07b2b5e8]
Event: 0.767 Thread 0x000001cf157c8a60 1176       3       java.awt.geom.AffineTransform::equals (104 bytes)
Event: 0.767 Thread 0x000001cf157c8a60 nmethod 1176 0x000001cf001bd890 code [0x000001cf001bdb40, 0x000001cf001bf070]
Event: 0.767 Thread 0x000001cf157c8a60 1177       1       java.awt.Component::getX (5 bytes)
Event: 0.768 Thread 0x000001cf157c8a60 nmethod 1177 0x000001cf07b2b690 code [0x000001cf07b2b820, 0x000001cf07b2b8e8]
Event: 0.768 Thread 0x000001cf157c8a60 1178       1       java.awt.Component::getY (5 bytes)
Event: 0.768 Thread 0x000001cf157c8a60 nmethod 1178 0x000001cf07b2b990 code [0x000001cf07b2bb20, 0x000001cf07b2bbe8]
Event: 0.768 Thread 0x000001cf157c8a60 1179       1       java.awt.geom.Rectangle2D$Double::getWidth (5 bytes)
Event: 0.768 Thread 0x000001cf157c8a60 nmethod 1179 0x000001cf07b2bc90 code [0x000001cf07b2be20, 0x000001cf07b2bee8]
Event: 0.768 Thread 0x000001cf157c8a60 1180       1       java.awt.geom.Rectangle2D$Double::getHeight (5 bytes)
Event: 0.768 Thread 0x000001cf157c8a60 nmethod 1180 0x000001cf07b2bf90 code [0x000001cf07b2c120, 0x000001cf07b2c1e8]
Event: 0.772 Thread 0x000001cf157c8a60 1181       3       java.awt.geom.Point2D$Float::getX (6 bytes)
Event: 0.772 Thread 0x000001cf157c8a60 nmethod 1181 0x000001cf001bf390 code [0x000001cf001bf520, 0x000001cf001bf638]
Event: 0.772 Thread 0x000001cf157c8a60 1182       3       java.awt.geom.Point2D$Float::getY (6 bytes)
Event: 0.772 Thread 0x000001cf157c8a60 nmethod 1182 0x000001cf001bf710 code [0x000001cf001bf8a0, 0x000001cf001bf9b8]

GC Heap History (0 events):
No events

Dll operation events (9 events):
Event: 0.008 Loaded shared library C:\Program Files\Java\jdk-22\bin\java.dll
Event: 0.059 Loaded shared library C:\Program Files\Java\jdk-22\bin\jsvml.dll
Event: 0.093 Loaded shared library C:\Program Files\Java\jdk-22\bin\net.dll
Event: 0.095 Loaded shared library C:\Program Files\Java\jdk-22\bin\nio.dll
Event: 0.114 Loaded shared library C:\Program Files\Java\jdk-22\bin\zip.dll
Event: 0.130 Loaded shared library C:\Program Files\Java\jdk-22\bin\jimage.dll
Event: 0.147 Loaded shared library C:\Program Files\Java\jdk-22\bin\awt.dll
Event: 0.359 Loaded shared library C:\Program Files\Java\jdk-22\bin\freetype.dll
Event: 0.359 Loaded shared library C:\Program Files\Java\jdk-22\bin\fontmanager.dll

Deoptimization events (20 events):
Event: 0.656 Thread 0x000001cf5b2e4580 DEOPT PACKING pc=0x000001cf07b0eb80 sp=0x0000001bf28fd5b0
Event: 0.656 Thread 0x000001cf5b2e4580 DEOPT UNPACKING pc=0x000001cf075846a2 sp=0x0000001bf28fd4c8 mode 2
Event: 0.658 Thread 0x000001cf5b2e4580 Uncommon trap: trap_request=0xffffffc6 fr.pc=0x000001cf07b0eb80 relative=0x0000000000000380
Event: 0.658 Thread 0x000001cf5b2e4580 Uncommon trap: reason=bimorphic_or_optimized_type_check action=maybe_recompile pc=0x000001cf07b0eb80 method=java.util.HashMap.getNode(Ljava/lang/Object;)Ljava/util/HashMap$Node; @ 63 c2
Event: 0.658 Thread 0x000001cf5b2e4580 DEOPT PACKING pc=0x000001cf07b0eb80 sp=0x0000001bf28fd4a0
Event: 0.658 Thread 0x000001cf5b2e4580 DEOPT UNPACKING pc=0x000001cf075846a2 sp=0x0000001bf28fd3b8 mode 2
Event: 0.658 Thread 0x000001cf5b2e4580 Uncommon trap: trap_request=0xffffffc6 fr.pc=0x000001cf07b0eb80 relative=0x0000000000000380
Event: 0.658 Thread 0x000001cf5b2e4580 Uncommon trap: reason=bimorphic_or_optimized_type_check action=maybe_recompile pc=0x000001cf07b0eb80 method=java.util.HashMap.getNode(Ljava/lang/Object;)Ljava/util/HashMap$Node; @ 63 c2
Event: 0.658 Thread 0x000001cf5b2e4580 DEOPT PACKING pc=0x000001cf07b0eb80 sp=0x0000001bf28fd630
Event: 0.659 Thread 0x000001cf5b2e4580 DEOPT UNPACKING pc=0x000001cf075846a2 sp=0x0000001bf28fd548 mode 2
Event: 0.676 Thread 0x000001cf5b2e4580 Uncommon trap: trap_request=0xffffffc6 fr.pc=0x000001cf07b022c8 relative=0x0000000000000348
Event: 0.676 Thread 0x000001cf5b2e4580 Uncommon trap: reason=bimorphic_or_optimized_type_check action=maybe_recompile pc=0x000001cf07b022c8 method=java.util.HashMap.getNode(Ljava/lang/Object;)Ljava/util/HashMap$Node; @ 63 c2
Event: 0.676 Thread 0x000001cf5b2e4580 DEOPT PACKING pc=0x000001cf07b022c8 sp=0x0000001bf28fd5c0
Event: 0.676 Thread 0x000001cf5b2e4580 DEOPT UNPACKING pc=0x000001cf075846a2 sp=0x0000001bf28fd548 mode 2
Event: 0.733 Thread 0x000001cf5b2e4580 Uncommon trap: trap_request=0xffffff45 fr.pc=0x000001cf07b11d5c relative=0x000000000000013c
Event: 0.733 Thread 0x000001cf5b2e4580 Uncommon trap: reason=unstable_if action=reinterpret pc=0x000001cf07b11d5c method=java.lang.ThreadLocal$ThreadLocalMap.getEntry(Ljava/lang/ThreadLocal;)Ljava/lang/ThreadLocal$ThreadLocalMap$Entry; @ 21 c2
Event: 0.733 Thread 0x000001cf5b2e4580 DEOPT PACKING pc=0x000001cf07b11d5c sp=0x0000001bf28fd330
Event: 0.733 Thread 0x000001cf5b2e4580 DEOPT UNPACKING pc=0x000001cf075846a2 sp=0x0000001bf28fd250 mode 2
Event: 0.748 Thread 0x000001cf5b2e4580 DEOPT PACKING pc=0x000001cf000ff864 sp=0x0000001bf28fda70
Event: 0.748 Thread 0x000001cf5b2e4580 DEOPT UNPACKING pc=0x000001cf07584e42 sp=0x0000001bf28fcef8 mode 0

Classes loaded (20 events):
Event: 0.773 Loading class sun/java2d/marlin/Stroker done
Event: 0.773 Loading class sun/java2d/marlin/Dasher
Event: 0.773 Loading class sun/java2d/marlin/Dasher done
Event: 0.774 Loading class sun/java2d/marlin/Dasher$LengthIterator
Event: 0.774 Loading class sun/java2d/marlin/Dasher$LengthIterator done
Event: 0.774 Loading class sun/java2d/marlin/MergeSort
Event: 0.774 Loading class sun/java2d/marlin/MergeSort done
Event: 0.774 Loading class sun/java2d/marlin/MarlinUtils
Event: 0.774 Loading class sun/java2d/marlin/MarlinUtils done
Event: 0.774 Loading class sun/java2d/marlin/DPQSSorterContext
Event: 0.774 Loading class sun/java2d/marlin/DPQSSorterContext done
Event: 0.774 Loading class sun/java2d/marlin/DMarlinRenderingEngine$NormMode
Event: 0.774 Loading class sun/java2d/marlin/DMarlinRenderingEngine$NormMode done
Event: 0.774 Loading class sun/java2d/marlin/DMarlinRenderingEngine$NormMode$1
Event: 0.774 Loading class sun/java2d/marlin/DMarlinRenderingEngine$NormMode$1 done
Event: 0.774 Loading class sun/java2d/marlin/DMarlinRenderingEngine$NormMode$2
Event: 0.774 Loading class sun/java2d/marlin/DMarlinRenderingEngine$NormMode$2 done
Event: 0.774 Loading class sun/java2d/marlin/DMarlinRenderingEngine$NormMode$3
Event: 0.774 Loading class sun/java2d/marlin/DMarlinRenderingEngine$NormMode$3 done
Event: 0.774 Loading class java/awt/geom/EllipseIterator

Classes unloaded (0 events):
No events

Classes redefined (0 events):
No events

Internal exceptions (15 events):
Event: 0.096 Thread 0x000001cf742b8c70 Exception <a 'sun/nio/fs/WindowsException'{0x00000007198a85f8}> (0x00000007198a85f8) 
thrown [s\open\src\hotspot\share\prims\jni.cpp, line 520]
Event: 0.098 Thread 0x000001cf742b8c70 Exception <a 'sun/nio/fs/WindowsException'{0x00000007198aab20}> (0x00000007198aab20) 
thrown [s\open\src\hotspot\share\prims\jni.cpp, line 520]
Event: 0.098 Thread 0x000001cf742b8c70 Exception <a 'sun/nio/fs/WindowsException'{0x00000007198ab628}> (0x00000007198ab628) 
thrown [s\open\src\hotspot\share\prims\jni.cpp, line 520]
Event: 0.134 Thread 0x000001cf742b8c70 Exception <a 'java/lang/ClassNotFoundException'{0x0000000719977008}: sun/awt/resources/spi/awtProvider> (0x0000000719977008) 
thrown [s\open\src\hotspot\share\classfile\systemDictionary.cpp, line 313]
Event: 0.160 Thread 0x000001cf742b8c70 Exception <a 'java/io/FileNotFoundException'{0x00000007199cab28}> (0x00000007199cab28) 
thrown [s\open\src\hotspot\share\prims\jni.cpp, line 520]
Event: 0.166 Thread 0x000001cf742b8c70 Exception <a 'java/io/FileNotFoundException'{0x00000007199f8f60}> (0x00000007199f8f60) 
thrown [s\open\src\hotspot\share\prims\jni.cpp, line 520]
Event: 0.282 Thread 0x000001cf742b8c70 Exception <a 'java/lang/NoSuchMethodError'{0x0000000719788468}: 'void java.lang.invoke.DirectMethodHandle$Holder.invokeSpecial(java.lang.Object, java.lang.Object, java.lang.Object)'> (0x0000000719788468) 
thrown [s\open\src\hotspot\share\interpreter\linkResolver.cpp, line 774]
Event: 0.288 Thread 0x000001cf742b8c70 Exception <a 'java/lang/NoSuchMethodError'{0x00000007197ae740}: 'java.lang.Object java.lang.invoke.DirectMethodHandle$Holder.newInvokeSpecial(java.lang.Object, java.lang.Object, java.lang.Object, java.lang.Object, java.lang.Object)'> (0x00000007197ae740) 
thrown [s\open\src\hotspot\share\interpreter\linkResolver.cpp, line 774]
Event: 0.292 Thread 0x000001cf742b8c70 Exception <a 'java/lang/NoSuchMethodError'{0x00000007197db058}: 'java.lang.Object java.lang.invoke.DirectMethodHandle$Holder.invokeStatic(java.lang.Object, int, java.lang.Object)'> (0x00000007197db058) 
thrown [s\open\src\hotspot\share\interpreter\linkResolver.cpp, line 774]
Event: 0.308 Thread 0x000001cf742b8c70 Exception <a 'java/lang/ClassNotFoundException'{0x000000071947d2e8}: com/sun/swing/internal/plaf/metal/resources/spi/metalProvider> (0x000000071947d2e8) 
thrown [s\open\src\hotspot\share\classfile\systemDictionary.cpp, line 313]
Event: 0.309 Thread 0x000001cf742b8c70 Exception <a 'java/lang/ClassNotFoundException'{0x0000000719481298}: com/sun/swing/internal/plaf/basic/resources/spi/basicProvider> (0x0000000719481298) 
thrown [s\open\src\hotspot\share\classfile\systemDictionary.cpp, line 313]
Event: 0.317 Thread 0x000001cf742b8c70 Exception <a 'java/lang/NoSuchMethodError'{0x00000007194a0988}: 'int java.lang.invoke.Invokers$Holder.invokeExact_MT(java.lang.Object, java.lang.Object)'> (0x00000007194a0988) 
thrown [s\open\src\hotspot\share\interpreter\linkResolver.cpp, line 774]
Event: 0.340 Thread 0x000001cf5b03ee80 Exception <a 'java/lang/NoSuchMethodError'{0x0000000719704c18}: 'void java.lang.invoke.DirectMethodHandle$Holder.invokeVirtual(java.lang.Object, java.lang.Object)'> (0x0000000719704c18) 
thrown [s\open\src\hotspot\share\interpreter\linkResolver.cpp, line 774]
Event: 0.355 Thread 0x000001cf742b8c70 Exception <a 'java/lang/NoSuchMethodError'{0x00000007194e02f0}: 'void java.lang.invoke.DirectMethodHandle$Holder.invokeStaticInit(java.lang.Object)'> (0x00000007194e02f0) 
thrown [s\open\src\hotspot\share\interpreter\linkResolver.cpp, line 774]
Event: 0.733 Thread 0x000001cf5b2e4580 Implicit null exception at 0x000001cf07b11c85 to 0x000001cf07b11d3c

ZGC Phase Switch (0 events):
No events

VM Operations (12 events):
Event: 0.099 Executing VM operation: HandshakeAllThreads (Deoptimize)
Event: 0.099 Executing VM operation: HandshakeAllThreads (Deoptimize) done
Event: 0.320 Executing VM operation: HandshakeAllThreads (Deoptimize)
Event: 0.320 Executing VM operation: HandshakeAllThreads (Deoptimize) done
Event: 0.647 Executing VM operation: ICBufferFull
Event: 0.647 Executing VM operation: ICBufferFull done
Event: 0.650 Executing VM operation: HandshakeAllThreads (Deoptimize)
Event: 0.650 Executing VM operation: HandshakeAllThreads (Deoptimize) done
Event: 0.650 Executing VM operation: HandshakeAllThreads (Deoptimize)
Event: 0.650 Executing VM operation: HandshakeAllThreads (Deoptimize) done
Event: 0.748 Executing VM operation: HandshakeAllThreads (Deoptimize)
Event: 0.748 Executing VM operation: HandshakeAllThreads (Deoptimize) done

Events (19 events):
Event: 0.041 Thread 0x000001cf742b8c70 Thread added: 0x000001cf742b8c70
Event: 0.056 Thread 0x000001cf157a7e90 Thread added: 0x000001cf157a7e90
Event: 0.056 Thread 0x000001cf157a88f0 Thread added: 0x000001cf157a88f0
Event: 0.056 Thread 0x000001cf157abea0 Thread added: 0x000001cf157abea0
Event: 0.056 Thread 0x000001cf157acc60 Thread added: 0x000001cf157acc60
Event: 0.057 Thread 0x000001cf157ae630 Thread added: 0x000001cf157ae630
Event: 0.057 Thread 0x000001cf157b21e0 Thread added: 0x000001cf157b21e0
Event: 0.057 Thread 0x000001cf157c6fa0 Thread added: 0x000001cf157c6fa0
Event: 0.057 Thread 0x000001cf157c8a60 Thread added: 0x000001cf157c8a60
Event: 0.082 Thread 0x000001cf159cc6f0 Thread added: 0x000001cf159cc6f0
Event: 0.111 Thread 0x000001cf15b1e500 Thread added: 0x000001cf15b1e500
Event: 0.117 Thread 0x000001cf15b5fbd0 Thread added: 0x000001cf15b5fbd0
Event: 0.206 Thread 0x000001cf5b033dc0 Thread added: 0x000001cf5b033dc0
Event: 0.207 Thread 0x000001cf5b0394f0 Thread added: 0x000001cf5b0394f0
Event: 0.208 Thread 0x000001cf5b03ee80 Thread added: 0x000001cf5b03ee80
Event: 0.340 Thread 0x000001cf5b2e4580 Thread added: 0x000001cf5b2e4580
Event: 0.410 Thread 0x000001cf742b8c70 Thread exited: 0x000001cf742b8c70
Event: 0.410 Thread 0x000001cf742b8c70 Thread added: 0x000001cf742b8c70
Event: 0.418 Thread 0x000001cf159f75b0 Thread added: 0x000001cf159f75b0


Dynamic libraries:
0x00007ff710f90000 - 0x00007ff710fa0000 	C:\Program Files\Java\jdk-22\bin\java.exe
0x00007ffedd0d0000 - 0x00007ffedd2e7000 	C:\windows\SYSTEM32\ntdll.dll
0x00007ffedb930000 - 0x00007ffedb9f4000 	C:\windows\System32\KERNEL32.DLL
0x00007ffeda910000 - 0x00007ffedacc9000 	C:\windows\System32\KERNELBASE.dll
0x00007ffeda610000 - 0x00007ffeda721000 	C:\windows\System32\ucrtbase.dll
0x00007ffeb4bf0000 - 0x00007ffeb4c0b000 	C:\Program Files\Java\jdk-22\bin\VCRUNTIME140.dll
0x00007ffec5430000 - 0x00007ffec5447000 	C:\Program Files\Java\jdk-22\bin\jli.dll
0x00007ffedc5e0000 - 0x00007ffedc692000 	C:\windows\System32\ADVAPI32.dll
0x00007ffedaf20000 - 0x00007ffedafc7000 	C:\windows\System32\msvcrt.dll
0x00007ffedc140000 - 0x00007ffedc1e7000 	C:\windows\System32\sechost.dll
0x00007ffeda3d0000 - 0x00007ffeda3f8000 	C:\windows\System32\bcrypt.dll
0x00007ffedb5a0000 - 0x00007ffedb6b4000 	C:\windows\System32\RPCRT4.dll
0x00007ffedc1f0000 - 0x00007ffedc39e000 	C:\windows\System32\USER32.dll
0x00007ffeda520000 - 0x00007ffeda546000 	C:\windows\System32\win32u.dll
0x00007ffebe8c0000 - 0x00007ffebeb52000 	C:\windows\WinSxS\amd64_microsoft.windows.common-controls_6595b64144ccf1df_6.0.22621.4391_none_2715d37f73803e96\COMCTL32.dll
0x00007ffedaef0000 - 0x00007ffedaf19000 	C:\windows\System32\GDI32.dll
0x00007ffedacd0000 - 0x00007ffedadeb000 	C:\windows\System32\gdi32full.dll
0x00007ffeda400000 - 0x00007ffeda49a000 	C:\windows\System32\msvcp_win.dll
0x00007ffed2c70000 - 0x00007ffed2c7a000 	C:\windows\SYSTEM32\VERSION.dll
0x00007ffedadf0000 - 0x00007ffedae21000 	C:\windows\System32\IMM32.DLL
0x00007ffec3500000 - 0x00007ffec350c000 	C:\Program Files\Java\jdk-22\bin\vcruntime140_1.dll
0x00007ffe8f8c0000 - 0x00007ffe8f94e000 	C:\Program Files\Java\jdk-22\bin\msvcp140.dll
0x00007ffe8fd50000 - 0x00007ffe90a97000 	C:\Program Files\Java\jdk-22\bin\server\jvm.dll
0x00007ffedb8b0000 - 0x00007ffedb921000 	C:\windows\System32\WS2_32.dll
0x00007ffed9c50000 - 0x00007ffed9c9d000 	C:\windows\SYSTEM32\POWRPROF.dll
0x00007ffed56e0000 - 0x00007ffed5714000 	C:\windows\SYSTEM32\WINMM.dll
0x00007ffed9c30000 - 0x00007ffed9c43000 	C:\windows\SYSTEM32\UMPDC.dll
0x00007ffed9410000 - 0x00007ffed9428000 	C:\windows\SYSTEM32\kernel.appcore.dll
0x00007ffec24c0000 - 0x00007ffec24ca000 	C:\Program Files\Java\jdk-22\bin\jimage.dll
0x00007ffed7d60000 - 0x00007ffed7f92000 	C:\windows\SYSTEM32\DBGHELP.DLL
0x00007ffedbd90000 - 0x00007ffedc11f000 	C:\windows\System32\combase.dll
0x00007ffedbcb0000 - 0x00007ffedbd87000 	C:\windows\System32\OLEAUT32.dll
0x00007ffecfd40000 - 0x00007ffecfd72000 	C:\windows\SYSTEM32\dbgcore.DLL
0x00007ffeda4a0000 - 0x00007ffeda51b000 	C:\windows\System32\bcryptPrimitives.dll
0x00007ffead610000 - 0x00007ffead62e000 	C:\Program Files\Java\jdk-22\bin\java.dll
0x00007ffedc790000 - 0x00007ffedd006000 	C:\windows\System32\SHELL32.dll
0x00007ffedba00000 - 0x00007ffedbba5000 	C:\windows\System32\ole32.dll
0x00007ffed8310000 - 0x00007ffed8c13000 	C:\windows\SYSTEM32\windows.storage.dll
0x00007ffed81d0000 - 0x00007ffed830f000 	C:\windows\SYSTEM32\wintypes.dll
0x00007ffedbbb0000 - 0x00007ffedbca9000 	C:\windows\System32\SHCORE.dll
0x00007ffedae90000 - 0x00007ffedaeee000 	C:\windows\System32\shlwapi.dll
0x00007ffeda300000 - 0x00007ffeda32b000 	C:\windows\SYSTEM32\profapi.dll
0x00007ffe91440000 - 0x00007ffe91517000 	C:\Program Files\Java\jdk-22\bin\jsvml.dll
0x00007ffec2320000 - 0x00007ffec2330000 	C:\Program Files\Java\jdk-22\bin\net.dll
0x00007ffed9900000 - 0x00007ffed9969000 	C:\windows\system32\mswsock.dll
0x00007ffea5140000 - 0x00007ffea5156000 	C:\Program Files\Java\jdk-22\bin\nio.dll
0x00007ffea3830000 - 0x00007ffea3847000 	C:\Program Files\Java\jdk-22\bin\zip.dll
0x00007ffe8f950000 - 0x00007ffe8fade000 	C:\Program Files\Java\jdk-22\bin\awt.dll
0x00007ffed4e00000 - 0x00007ffed4e97000 	C:\windows\SYSTEM32\apphelp.dll
0x00007ffed77f0000 - 0x00007ffed781b000 	C:\windows\system32\DWMAPI.DLL
0x00007ffed7530000 - 0x00007ffed75e1000 	C:\windows\system32\uxtheme.dll
0x00007ffe8f7c0000 - 0x00007ffe8f8c0000 	C:\windows\system32\opengl32.dll
0x00007ffe9e520000 - 0x00007ffe9e54d000 	C:\windows\SYSTEM32\GLU32.dll
0x00007ffed7680000 - 0x00007ffed76b7000 	C:\windows\SYSTEM32\dxcore.dll
0x00007ffedc460000 - 0x00007ffedc5c0000 	C:\windows\System32\MSCTF.dll
0x00007ffe9cd30000 - 0x00007ffe9ced8000 	C:\windows\system32\d3d9.dll
0x00007ffed05c0000 - 0x00007ffed077b000 	C:\windows\System32\DriverStore\FileRepository\u0387389.inf_amd64_995be970e30b8c79\B385477\aticfx64.dll
0x00007ffec6ac0000 - 0x00007ffec6af4000 	C:\windows\System32\DriverStore\FileRepository\u0387389.inf_amd64_995be970e30b8c79\B385477\atiu9p64.dll
0x00007ffe647b0000 - 0x00007ffe65505000 	C:\windows\System32\DriverStore\FileRepository\u0387389.inf_amd64_995be970e30b8c79\B385477\atiumd64.dll
0x000000006b2c0000 - 0x000000006c1e7000 	C:\windows\System32\DriverStore\FileRepository\u0387389.inf_amd64_995be970e30b8c79\B385477\atiumd6a.dll
0x00007ffedafd0000 - 0x00007ffedb444000 	C:\windows\System32\SETUPAPI.dll
0x00007ffecda80000 - 0x00007ffecdab5000 	C:\windows\SYSTEM32\amdihk64.dll
0x00007ffed2f60000 - 0x00007ffed2fa9000 	C:\windows\SYSTEM32\directxdatabasehelper.dll
0x00007ffe8f730000 - 0x00007ffe8f7b7000 	C:\Program Files\Java\jdk-22\bin\freetype.dll
0x00007ffe8f650000 - 0x00007ffe8f727000 	C:\Program Files\Java\jdk-22\bin\fontmanager.dll
0x00007ffec4cd0000 - 0x00007ffec4e15000 	C:\windows\SYSTEM32\textinputframework.dll
0x00007ffebcdd0000 - 0x00007ffebce39000 	C:\windows\system32\Oleacc.dll

dbghelp: loaded successfully - version: 4.0.5 - missing functions: none
symbol engine: initialized successfully - sym options: 0x614 - pdb path: .;C:\Program Files\Java\jdk-22\bin;C:\windows\SYSTEM32;C:\windows\WinSxS\amd64_microsoft.windows.common-controls_6595b64144ccf1df_6.0.22621.4391_none_2715d37f73803e96;C:\Program Files\Java\jdk-22\bin\server;C:\windows\System32\DriverStore\FileRepository\u0387389.inf_amd64_995be970e30b8c79\B385477

VM Arguments:
jvm_args: -Dfile.encoding=UTF-8 --module-path=C:\Users\dhond\Documents\NetBeansProjects\Bank management system\build\classes 
java_command: bank.management.system.Signup3
java_class_path (initial): C:\Users\dhond\Downloads\jcalendar-tz-1.3.3-4.jar;C:\Users\dhond\Downloads\mysql-connector-java-8.0.28.jar;C:\Users\dhond\Documents\NetBeansProjects\Bank management system\build\classes
Launcher Type: SUN_STANDARD

[Global flags]
     intx CICompilerCount                          = 4                                         {product} {ergonomic}
     uint ConcGCThreads                            = 3                                         {product} {ergonomic}
     uint G1ConcRefinementThreads                  = 10                                        {product} {ergonomic}
   size_t G1HeapRegionSize                         = 2097152                                   {product} {ergonomic}
   size_t InitialHeapSize                          = 257949696                                 {product} {ergonomic}
   size_t MarkStackSize                            = 4194304                                   {product} {ergonomic}
   size_t MaxHeapSize                              = 4120903680                                {product} {ergonomic}
   size_t MaxNewSize                               = 2472542208                                {product} {ergonomic}
   size_t MinHeapDeltaBytes                        = 2097152                                   {product} {ergonomic}
   size_t MinHeapSize                              = 8388608                                   {product} {ergonomic}
    uintx NonNMethodCodeHeapSize                   = 5839372                                {pd product} {ergonomic}
    uintx NonProfiledCodeHeapSize                  = 122909434                              {pd product} {ergonomic}
    uintx ProfiledCodeHeapSize                     = 122909434                              {pd product} {ergonomic}
    uintx ReservedCodeCacheSize                    = 251658240                              {pd product} {ergonomic}
     bool SegmentedCodeCache                       = true                                      {product} {ergonomic}
   size_t SoftMaxHeapSize                          = 4120903680                             {manageable} {ergonomic}
     bool UseCompressedOops                        = true                           {product lp64_product} {ergonomic}
     bool UseG1GC                                  = true                                      {product} {ergonomic}
     bool UseLargePagesIndividualAllocation        = false                                  {pd product} {ergonomic}

Logging:
Log output configuration:
 #0: stdout all=warning uptime,level,tags foldmultilines=false
 #1: stderr all=off uptime,level,tags foldmultilines=false

Environment Variables:
PATH=C:\Program Files\Common Files\Oracle\Java\javapath;C:\Python312\Scripts\;C:\Python312\;C:\Program Files\Microsoft MPI\Bin\;C:\windows\system32;C:\windows;C:\windows\System32\Wbem;C:\windows\System32\WindowsPowerShell\v1.0\;C:\windows\System32\OpenSSH\;C:\Program Files\Azure Data Studio\bin;C:\Program Files\MySQL\MySQL Server 8.0\bin;C:\Program Files\nodejs\;C:\ProgramData\chocolatey\bin;C:\Program Files\Java\jdk-22\bin;C:\Program Files\MySQL\MySQL Shell 8.0\bin\;C:\Users\dhond\AppData\Local\Programs\Python\Python312\Scripts\;C:\Users\dhond\AppData\Local\Programs\Python\Python312\;C:\Program Files\Python312;C:\Users\dhond\AppData\Local\Programs\Microsoft VS Code\bin;C:\Program Files\Java\jdk-17\bin;
USERNAME=dhond
OS=Windows_NT
PROCESSOR_IDENTIFIER=AMD64 Family 25 Model 80 Stepping 0, AuthenticAMD
TMP=C:\Users\dhond\AppData\Local\Temp
TEMP=C:\Users\dhond\AppData\Local\Temp




Periodic native trim disabled

---------------  S Y S T E M  ---------------

OS:
 Windows 11 , 64 bit Build 22621 (10.0.22621.4391)
OS uptime: 13 days 19:27 hours

CPU: total 12 (initial active 12) (12 cores per cpu, 2 threads per core) family 25 model 80 stepping 0 microcode 0x0, cx8, cmov, fxsr, ht, mmx, 3dnowpref, sse, sse2, sse3, ssse3, sse4a, sse4.1, sse4.2, popcnt, lzcnt, tsc, tscinvbit, avx, avx2, aes, erms, clmul, bmi1, bmi2, adx, sha, fma, vzeroupper, clflush, clflushopt, rdtscp, rdpid, fsrm, f16c, pku, cet_ss
Processor Information for processor 0
  Max Mhz: 2301, Current Mhz: 2301, Mhz Limit: 2301
Processor Information for processor 1
  Max Mhz: 2301, Current Mhz: 2301, Mhz Limit: 2301
Processor Information for processor 2
  Max Mhz: 2301, Current Mhz: 2010, Mhz Limit: 2301
Processor Information for processor 3
  Max Mhz: 2301, Current Mhz: 2010, Mhz Limit: 2301
Processor Information for processor 4
  Max Mhz: 2301, Current Mhz: 2010, Mhz Limit: 2301
Processor Information for processor 5
  Max Mhz: 2301, Current Mhz: 2010, Mhz Limit: 2301
Processor Information for processor 6
  Max Mhz: 2301, Current Mhz: 2010, Mhz Limit: 2301
Processor Information for processor 7
  Max Mhz: 2301, Current Mhz: 2010, Mhz Limit: 2301
Processor Information for processor 8
  Max Mhz: 2301, Current Mhz: 2010, Mhz Limit: 2301
Processor Information for processor 9
  Max Mhz: 2301, Current Mhz: 2301, Mhz Limit: 2301
Processor Information for processor 10
  Max Mhz: 2301, Current Mhz: 2010, Mhz Limit: 2301
Processor Information for processor 11
  Max Mhz: 2301, Current Mhz: 2010, Mhz Limit: 2301

Memory: 4k page, system-wide physical 15712M (5486M free)
TotalPageFile size 48275M (AvailPageFile size 0M)
current process WorkingSet (physical memory assigned to process): 107M, peak: 107M
current process commit charge ("private bytes"): 405M, peak: 406M

vm_info: Java HotSpot(TM) 64-Bit Server VM (22.0.1+8-16) for windows-amd64 JRE (22.0.1+8-16), built on 2024-03-12T10:33:16Z by "mach5one" with MS VC++ 17.6 (VS2022)

END.
