#
# There is insufficient memory for the Java Runtime Environment to continue.
# Native memory allocation (mmap) failed to map 65536 bytes. Error detail: Failed to commit metaspace.
# Possible reasons:
#   The system is out of physical RAM or swap space
#   This process is running with CompressedOops enabled, and the Java Heap may be blocking the growth of the native heap
# Possible solutions:
#   Reduce memory load on the system
#   Increase physical memory or swap space
#   Check if swap backing store is full
#   Decrease Java heap size (-Xmx/-Xms)
#   Decrease number of Java threads
#   Decrease Java thread stack sizes (-Xss)
#   Set larger code cache with -XX:ReservedCodeCacheSize=
#   JVM is running with Zero Based Compressed Oops mode in which the Java heap is
#     placed in the first 32GB address space. The Java Heap base address is the
#     maximum limit for the native heap growth. Please use -XX:HeapBaseMinAddress
#     to set the Java Heap base and to place the Java Heap above 32GB virtual address.
# This output file may be truncated or incomplete.
#
#  Out of Memory Error (virtualSpaceNode.cpp:112), pid=11408, tid=25088
#
# JRE version: Java(TM) SE Runtime Environment (22.0.1+8) (build 22.0.1+8-16)
# Java VM: Java HotSpot(TM) 64-Bit Server VM (22.0.1+8-16, mixed mode, sharing, tiered, compressed oops, compressed class ptrs, g1 gc, windows-amd64)
# No core dump will be written. Minidumps are not enabled by default on client versions of Windows
#

---------------  S U M M A R Y ------------

Command Line: -Dfile.encoding=UTF-8 --module-path=C:\Users\dhond\Documents\NetBeansProjects\Bank management system\build\classes bank.management.system.Signup3

Host: AMD Ryzen 5 5625U with Radeon Graphics         , 12 cores, 15G,  Windows 11 , 64 bit Build 22621 (10.0.22621.4391)
Time: Sun Feb 16 14:37:36 2025 India Standard Time elapsed time: 0.213405 seconds (0d 0h 0m 0s)

---------------  T H R E A D  ---------------

Current thread (0x00000278ed4fd7c0):  JavaThread "main"             [_thread_in_vm, id=25088, stack(0x000000a7a3a00000,0x000000a7a3b00000) (1024K)]

Stack: [0x000000a7a3a00000,0x000000a7a3b00000]
Native frames: (J=compiled Java code, j=interpreted, Vv=VM code, C=native code)
V  [jvm.dll+0x6e2279]  (no source info available)
V  [jvm.dll+0x874e33]  (no source info available)
V  [jvm.dll+0x87725e]  (no source info available)
V  [jvm.dll+0x877933]  (no source info available)
V  [jvm.dll+0x27fd76]  (no source info available)
V  [jvm.dll+0x870a7e]  (no source info available)
V  [jvm.dll+0x6852e5]  (no source info available)
V  [jvm.dll+0x68534a]  (no source info available)
V  [jvm.dll+0x687b8a]  (no source info available)
V  [jvm.dll+0x2250ac]  (no source info available)
V  [jvm.dll+0x685cfe]  (no source info available)
V  [jvm.dll+0x26b190]  (no source info available)
V  [jvm.dll+0x215cf7]  (no source info available)
V  [jvm.dll+0x20b4ee]  (no source info available)
V  [jvm.dll+0x5c462f]  (no source info available)
V  [jvm.dll+0x21cc6a]  (no source info available)
V  [jvm.dll+0x7eb6dc]  (no source info available)
V  [jvm.dll+0x7ec776]  (no source info available)
V  [jvm.dll+0x7ecd84]  (no source info available)
V  [jvm.dll+0x7eca08]  (no source info available)
V  [jvm.dll+0x26d79b]  (no source info available)
V  [jvm.dll+0x26d9ca]  (no source info available)
V  [jvm.dll+0x5e7d27]  (no source info available)
V  [jvm.dll+0x5ead26]  (no source info available)
V  [jvm.dll+0x3dd89d]  (no source info available)
V  [jvm.dll+0x3dce9d]  (no source info available)
C  0x000002788754997c  (no source info available)

The last pc belongs to invokestatic (printed below).
Java frames: (J=compiled Java code, j=interpreted, Vv=VM code)
j  javax.swing.JComponent.getDefaultLocale()Ljava/util/Locale;+3 java.desktop@22.0.1
j  javax.swing.JFrame.frameInit()V+8 java.desktop@22.0.1
j  javax.swing.JFrame.<init>()V+20 java.desktop@22.0.1
j  bank.management.system.Signup3.<init>(Ljava/lang/String;)V+1
j  bank.management.system.Signup3.main([Ljava/lang/String;)V+6
v  ~StubRoutines::call_stub 0x000002788753100d
invokestatic  184 invokestatic  [0x00000278875498e0, 0x0000027887549bc0]  736 bytes
[MachCode]
  0x00000278875498e0: 4883 ec08 | c5fa 1104 | 24eb 1f48 | 83ec 10c5 | fb11 0424 | eb14 4883 | ec10 4889 | 0424 48c7 
  0x0000027887549900: 4424 0800 | 0000 00eb | 0150 488b | 4dd0 410f | b755 0148 | 8b49 306b | d218 488d | 4c11 080f 
  0x0000027887549920: b659 1681 | fbb8 0000 | 000f 84bd | 0000 00bb | b800 0000 | e805 0000 | 00e9 9900 | 0000 488b 
  0x0000027887549940: d348 8d44 | 2408 4c89 | 6dc0 498b | cfc5 f877 | 4989 afb0 | 0300 0049 | 8987 a003 | 0000 4883 
  0x0000027887549960: ec20 40f6 | c40f 0f84 | 1900 0000 | 4883 ec08 | 48b8 30ce | 1290 fe7f | 0000 ffd0 | 4883 c408 
  0x0000027887549980: e90c 0000 | 0048 b830 | ce12 90fe | 7f00 00ff | d048 83c4 | 2049 c787 | a003 0000 | 0000 0000 
  0x00000278875499a0: 49c7 87b0 | 0300 0000 | 0000 0049 | c787 a803 | 0000 0000 | 0000 c5f8 | 7749 837f | 0800 0f84 
  0x00000278875499c0: 0500 0000 | e937 75fe | ff4c 8b6d | c04c 8b75 | c84e 8d74 | f500 c348 | 8b4d d041 | 0fb7 5501 
  0x00000278875499e0: 488b 4930 | 6bd2 1848 | 8d4c 1108 | 488b 1948 | 8b5b 0848 | 8b5b 0848 | 8b5b 1880 | bb20 0100 
  0x0000027887549a00: 0005 0f84 | 0d00 0000 | 4c3b bb30 | 0100 000f | 851a ffff | ff0f b651 | 1548 8b19 | 4c89 6dc0 
  0x0000027887549a20: 448b ea0f | b651 1449 | ba00 b99c | 90fe 7f00 | 0049 8b14 | d252 418b | d54c 8b6d | c048 8b45 
  0x0000027887549a40: d848 85c0 | 0f84 1200 | 0000 4883 | 4008 0148 | 8358 0800 | 4883 c010 | 4889 45d8 | 488b 45d8 
  0x0000027887549a60: 4885 c00f | 843d 0100 | 0080 78f0 | 0a0f 8533 | 0100 0048 | 83c0 084c | 8b68 f841 | 83ed 0041 
  0x0000027887549a80: 83fd 020f | 8c12 0100 | 004c 8b6b | 0845 0fb7 | 6d2e 4c2b | 2841 83ed | 014e 8b6c | ec08 4d85 
  0x0000027887549aa0: ed75 0ef6 | 4008 0175 | 58f0 4883 | 4808 01eb | 5045 8b6d | 0849 ba00 | 0000 8f78 | 0200 004d 
  0x0000027887549ac0: 03ea 4d8b | d54c 3368 | 0849 f7c5 | fcff ffff | 742f 41f6 | c502 7529 | 4883 7808 | 0074 1e48 
  0x0000027887549ae0: 8378 0801 | 7417 4d8b | ea4c 3368 | 0849 f7c5 | fcff ffff | 740b 4883 | 4808 02eb | 044c 8968 
  0x0000027887549b00: 0848 83c0 | 104c 8b68 | e841 83ed | 0241 83fd | 020f 8c84 | 0000 004c | 8b6b 0845 | 0fb7 6d2e 
  0x0000027887549b20: 4c2b 2841 | 83ed 014e | 8b6c ec08 | 4d85 ed75 | 0ef6 4008 | 0175 58f0 | 4883 4808 | 01eb 5045 
  0x0000027887549b40: 8b6d 0849 | ba00 0000 | 8f78 0200 | 004d 03ea | 4d8b d54c | 3368 0849 | f7c5 fcff | ffff 742f 
  0x0000027887549b60: 41f6 c502 | 7529 4883 | 7808 0074 | 1e48 8378 | 0801 7417 | 4d8b ea4c | 3368 0849 | f7c5 fcff 
  0x0000027887549b80: ffff 740b | 4883 4808 | 02eb 044c | 8968 0848 | 83c0 104c | 8b68 d841 | 83ed 0441 | c1e5 0349 
  0x0000027887549ba0: 03c5 4889 | 45d8 4c8d | 6c24 0849 | 8bcd 482b | cd48 c1f9 | 0348 894d | f0ff 6350 | 0f1f 4000 
[/MachCode]

---------------  P R O C E S S  ---------------

Threads class SMR info:
_java_thread_list=0x00000278d43fc520, length=15, elements={
0x00000278ed4fd7c0, 0x00000278ff8d9150, 0x00000278ff8d9e70, 0x00000278ff8de460,
0x00000278ff8e12c0, 0x00000278ff8e1d20, 0x00000278ff8e28b0, 0x00000278ff8f7ca0,
0x00000278ff8f8750, 0x00000278ff91e890, 0x00000278d42e35c0, 0x00000278d431e080,
0x00000278d4444cb0, 0x00000278d4448c10, 0x00000278d44509a0
}

Java Threads: ( => current thread )
=>0x00000278ed4fd7c0 JavaThread "main"                              [_thread_in_vm, id=25088, stack(0x000000a7a3a00000,0x000000a7a3b00000) (1024K)]
  0x00000278ff8d9150 JavaThread "Reference Handler"          daemon [_thread_blocked, id=36856, stack(0x000000a7a4200000,0x000000a7a4300000) (1024K)]
  0x00000278ff8d9e70 JavaThread "Finalizer"                  daemon [_thread_blocked, id=38324, stack(0x000000a7a4300000,0x000000a7a4400000) (1024K)]
  0x00000278ff8de460 JavaThread "Signal Dispatcher"          daemon [_thread_blocked, id=32320, stack(0x000000a7a4400000,0x000000a7a4500000) (1024K)]
  0x00000278ff8e12c0 JavaThread "Attach Listener"            daemon [_thread_blocked, id=32916, stack(0x000000a7a4500000,0x000000a7a4600000) (1024K)]
  0x00000278ff8e1d20 JavaThread "Service Thread"             daemon [_thread_blocked, id=19128, stack(0x000000a7a4600000,0x000000a7a4700000) (1024K)]
  0x00000278ff8e28b0 JavaThread "Monitor Deflation Thread"   daemon [_thread_blocked, id=17940, stack(0x000000a7a4700000,0x000000a7a4800000) (1024K)]
  0x00000278ff8f7ca0 JavaThread "C2 CompilerThread0"         daemon [_thread_blocked, id=34872, stack(0x000000a7a4800000,0x000000a7a4900000) (1024K)]
  0x00000278ff8f8750 JavaThread "C1 CompilerThread0"         daemon [_thread_blocked, id=14576, stack(0x000000a7a4900000,0x000000a7a4a00000) (1024K)]
  0x00000278ff91e890 JavaThread "Common-Cleaner"             daemon [_thread_blocked, id=33656, stack(0x000000a7a4a00000,0x000000a7a4b00000) (1024K)]
  0x00000278d42e35c0 JavaThread "Notification Thread"        daemon [_thread_blocked, id=14868, stack(0x000000a7a4b00000,0x000000a7a4c00000) (1024K)]
  0x00000278d431e080 JavaThread "C2 CompilerThread1"         daemon [_thread_blocked, id=34192, stack(0x000000a7a4c00000,0x000000a7a4d00000) (1024K)]
  0x00000278d4444cb0 JavaThread "Java2D Disposer"            daemon [_thread_blocked, id=33952, stack(0x000000a7a4d00000,0x000000a7a4e00000) (1024K)]
  0x00000278d4448c10 JavaThread "AWT-Shutdown"                      [_thread_blocked, id=38596, stack(0x000000a7a4e00000,0x000000a7a4f00000) (1024K)]
  0x00000278d44509a0 JavaThread "AWT-Windows"                daemon [_thread_in_native, id=38904, stack(0x000000a7a4f00000,0x000000a7a5000000) (1024K)]
Total: 15

Other Threads:
  0x00000278ff8bcf60 VMThread "VM Thread"                           [id=39048, stack(0x000000a7a4100000,0x000000a7a4200000) (1024K)]
  0x00000278ff8a7900 WatcherThread "VM Periodic Task Thread"        [id=28396, stack(0x000000a7a4000000,0x000000a7a4100000) (1024K)]
  0x00000278ef77f260 WorkerThread "GC Thread#0"                     [id=37920, stack(0x000000a7a3b00000,0x000000a7a3c00000) (1024K)]
  0x00000278ef78f990 ConcurrentGCThread "G1 Main Marker"            [id=10628, stack(0x000000a7a3c00000,0x000000a7a3d00000) (1024K)]
  0x00000278ef790c40 WorkerThread "G1 Conc#0"                       [id=39784, stack(0x000000a7a3d00000,0x000000a7a3e00000) (1024K)]
  0x00000278ef7dea80 ConcurrentGCThread "G1 Refine#0"               [id=14252, stack(0x000000a7a3e00000,0x000000a7a3f00000) (1024K)]
  0x00000278ff774bf0 ConcurrentGCThread "G1 Service"                [id=34376, stack(0x000000a7a3f00000,0x000000a7a4000000) (1024K)]
Total: 7

Threads with active compile tasks:
Total: 0

VM state: not at safepoint (normal execution)

VM Mutex/Monitor currently owned by a thread:  ([mutex/lock_event])
[0x00007ffe909b9b38] Metaspace_lock - owner thread: 0x00000278ed4fd7c0

Heap address: 0x000000070a600000, size: 3930 MB, Compressed Oops mode: Zero based, Oop shift amount: 3

CDS archive(s) mapped at: [0x000002788f000000-0x000002788fc60000-0x000002788fc60000), size 12976128, SharedBaseAddress: 0x000002788f000000, ArchiveRelocationMode: 1.
Compressed class space mapped at: 0x0000027890000000-0x00000278d0000000, reserved size: 1073741824
Narrow klass base: 0x000002788f000000, Narrow klass shift: 0, Narrow klass range: 0x41000000

GC Precious Log:
 CardTable entry size: 512
 Card Set container configuration: InlinePtr #cards 4 size 8 Array Of Cards #cards 16 size 48 Howl #buckets 8 coarsen threshold 3686 Howl Bitmap #cards 512 size 80 coarsen threshold 460 Card regions per heap region 1 cards per card region 4096
 CPUs: 12 total, 12 available
 Memory: 15712M
 Large Page Support: Disabled
 NUMA Support: Disabled
 Compressed Oops: Enabled (Zero based)
 Heap Region Size: 2M
 Heap Min Capacity: 8M
 Heap Initial Capacity: 246M
 Heap Max Capacity: 3930M
 Pre-touch: Disabled
 Parallel Workers: 10
 Concurrent Workers: 3
 Concurrent Refinement Workers: 10
 Periodic GC: Disabled

Heap:
 garbage-first heap   total reserved 4024320K, committed 251904K, used 4096K [0x000000070a600000, 0x0000000800000000)
  region size 2048K, 3 young (6144K), 0 survivors (0K)
 Metaspace       used 3061K, committed 3200K, reserved 1114112K
  class space    used 313K, committed 384K, reserved 1048576K

Heap Regions: E=young(eden), S=young(survivor), O=old, HS=humongous(starts), HC=humongous(continues), CS=collection set, F=free, TAMS=top-at-mark-start, PB=parsable bottom
|   0|0x000000070a600000, 0x000000070a600000, 0x000000070a800000|  0%| F|  |TAMS 0x000000070a600000| PB 0x000000070a600000| Untracked |  0
|   1|0x000000070a800000, 0x000000070a800000, 0x000000070aa00000|  0%| F|  |TAMS 0x000000070a800000| PB 0x000000070a800000| Untracked |  0
|   2|0x000000070aa00000, 0x000000070aa00000, 0x000000070ac00000|  0%| F|  |TAMS 0x000000070aa00000| PB 0x000000070aa00000| Untracked |  0
|   3|0x000000070ac00000, 0x000000070ac00000, 0x000000070ae00000|  0%| F|  |TAMS 0x000000070ac00000| PB 0x000000070ac00000| Untracked |  0
|   4|0x000000070ae00000, 0x000000070ae00000, 0x000000070b000000|  0%| F|  |TAMS 0x000000070ae00000| PB 0x000000070ae00000| Untracked |  0
|   5|0x000000070b000000, 0x000000070b000000, 0x000000070b200000|  0%| F|  |TAMS 0x000000070b000000| PB 0x000000070b000000| Untracked |  0
|   6|0x000000070b200000, 0x000000070b200000, 0x000000070b400000|  0%| F|  |TAMS 0x000000070b200000| PB 0x000000070b200000| Untracked |  0
|   7|0x000000070b400000, 0x000000070b400000, 0x000000070b600000|  0%| F|  |TAMS 0x000000070b400000| PB 0x000000070b400000| Untracked |  0
|   8|0x000000070b600000, 0x000000070b600000, 0x000000070b800000|  0%| F|  |TAMS 0x000000070b600000| PB 0x000000070b600000| Untracked |  0
|   9|0x000000070b800000, 0x000000070b800000, 0x000000070ba00000|  0%| F|  |TAMS 0x000000070b800000| PB 0x000000070b800000| Untracked |  0
|  10|0x000000070ba00000, 0x000000070ba00000, 0x000000070bc00000|  0%| F|  |TAMS 0x000000070ba00000| PB 0x000000070ba00000| Untracked |  0
|  11|0x000000070bc00000, 0x000000070bc00000, 0x000000070be00000|  0%| F|  |TAMS 0x000000070bc00000| PB 0x000000070bc00000| Untracked |  0
|  12|0x000000070be00000, 0x000000070be00000, 0x000000070c000000|  0%| F|  |TAMS 0x000000070be00000| PB 0x000000070be00000| Untracked |  0
|  13|0x000000070c000000, 0x000000070c000000, 0x000000070c200000|  0%| F|  |TAMS 0x000000070c000000| PB 0x000000070c000000| Untracked |  0
|  14|0x000000070c200000, 0x000000070c200000, 0x000000070c400000|  0%| F|  |TAMS 0x000000070c200000| PB 0x000000070c200000| Untracked |  0
|  15|0x000000070c400000, 0x000000070c400000, 0x000000070c600000|  0%| F|  |TAMS 0x000000070c400000| PB 0x000000070c400000| Untracked |  0
|  16|0x000000070c600000, 0x000000070c600000, 0x000000070c800000|  0%| F|  |TAMS 0x000000070c600000| PB 0x000000070c600000| Untracked |  0
|  17|0x000000070c800000, 0x000000070c800000, 0x000000070ca00000|  0%| F|  |TAMS 0x000000070c800000| PB 0x000000070c800000| Untracked |  0
|  18|0x000000070ca00000, 0x000000070ca00000, 0x000000070cc00000|  0%| F|  |TAMS 0x000000070ca00000| PB 0x000000070ca00000| Untracked |  0
|  19|0x000000070cc00000, 0x000000070cc00000, 0x000000070ce00000|  0%| F|  |TAMS 0x000000070cc00000| PB 0x000000070cc00000| Untracked |  0
|  20|0x000000070ce00000, 0x000000070ce00000, 0x000000070d000000|  0%| F|  |TAMS 0x000000070ce00000| PB 0x000000070ce00000| Untracked |  0
|  21|0x000000070d000000, 0x000000070d000000, 0x000000070d200000|  0%| F|  |TAMS 0x000000070d000000| PB 0x000000070d000000| Untracked |  0
|  22|0x000000070d200000, 0x000000070d200000, 0x000000070d400000|  0%| F|  |TAMS 0x000000070d200000| PB 0x000000070d200000| Untracked |  0
|  23|0x000000070d400000, 0x000000070d400000, 0x000000070d600000|  0%| F|  |TAMS 0x000000070d400000| PB 0x000000070d400000| Untracked |  0
|  24|0x000000070d600000, 0x000000070d600000, 0x000000070d800000|  0%| F|  |TAMS 0x000000070d600000| PB 0x000000070d600000| Untracked |  0
|  25|0x000000070d800000, 0x000000070d800000, 0x000000070da00000|  0%| F|  |TAMS 0x000000070d800000| PB 0x000000070d800000| Untracked |  0
|  26|0x000000070da00000, 0x000000070da00000, 0x000000070dc00000|  0%| F|  |TAMS 0x000000070da00000| PB 0x000000070da00000| Untracked |  0
|  27|0x000000070dc00000, 0x000000070dc00000, 0x000000070de00000|  0%| F|  |TAMS 0x000000070dc00000| PB 0x000000070dc00000| Untracked |  0
|  28|0x000000070de00000, 0x000000070de00000, 0x000000070e000000|  0%| F|  |TAMS 0x000000070de00000| PB 0x000000070de00000| Untracked |  0
|  29|0x000000070e000000, 0x000000070e000000, 0x000000070e200000|  0%| F|  |TAMS 0x000000070e000000| PB 0x000000070e000000| Untracked |  0
|  30|0x000000070e200000, 0x000000070e200000, 0x000000070e400000|  0%| F|  |TAMS 0x000000070e200000| PB 0x000000070e200000| Untracked |  0
|  31|0x000000070e400000, 0x000000070e400000, 0x000000070e600000|  0%| F|  |TAMS 0x000000070e400000| PB 0x000000070e400000| Untracked |  0
|  32|0x000000070e600000, 0x000000070e600000, 0x000000070e800000|  0%| F|  |TAMS 0x000000070e600000| PB 0x000000070e600000| Untracked |  0
|  33|0x000000070e800000, 0x000000070e800000, 0x000000070ea00000|  0%| F|  |TAMS 0x000000070e800000| PB 0x000000070e800000| Untracked |  0
|  34|0x000000070ea00000, 0x000000070ea00000, 0x000000070ec00000|  0%| F|  |TAMS 0x000000070ea00000| PB 0x000000070ea00000| Untracked |  0
|  35|0x000000070ec00000, 0x000000070ec00000, 0x000000070ee00000|  0%| F|  |TAMS 0x000000070ec00000| PB 0x000000070ec00000| Untracked |  0
|  36|0x000000070ee00000, 0x000000070ee00000, 0x000000070f000000|  0%| F|  |TAMS 0x000000070ee00000| PB 0x000000070ee00000| Untracked |  0
|  37|0x000000070f000000, 0x000000070f000000, 0x000000070f200000|  0%| F|  |TAMS 0x000000070f000000| PB 0x000000070f000000| Untracked |  0
|  38|0x000000070f200000, 0x000000070f200000, 0x000000070f400000|  0%| F|  |TAMS 0x000000070f200000| PB 0x000000070f200000| Untracked |  0
|  39|0x000000070f400000, 0x000000070f400000, 0x000000070f600000|  0%| F|  |TAMS 0x000000070f400000| PB 0x000000070f400000| Untracked |  0
|  40|0x000000070f600000, 0x000000070f600000, 0x000000070f800000|  0%| F|  |TAMS 0x000000070f600000| PB 0x000000070f600000| Untracked |  0
|  41|0x000000070f800000, 0x000000070f800000, 0x000000070fa00000|  0%| F|  |TAMS 0x000000070f800000| PB 0x000000070f800000| Untracked |  0
|  42|0x000000070fa00000, 0x000000070fa00000, 0x000000070fc00000|  0%| F|  |TAMS 0x000000070fa00000| PB 0x000000070fa00000| Untracked |  0
|  43|0x000000070fc00000, 0x000000070fc00000, 0x000000070fe00000|  0%| F|  |TAMS 0x000000070fc00000| PB 0x000000070fc00000| Untracked |  0
|  44|0x000000070fe00000, 0x000000070fe00000, 0x0000000710000000|  0%| F|  |TAMS 0x000000070fe00000| PB 0x000000070fe00000| Untracked |  0
|  45|0x0000000710000000, 0x0000000710000000, 0x0000000710200000|  0%| F|  |TAMS 0x0000000710000000| PB 0x0000000710000000| Untracked |  0
|  46|0x0000000710200000, 0x0000000710200000, 0x0000000710400000|  0%| F|  |TAMS 0x0000000710200000| PB 0x0000000710200000| Untracked |  0
|  47|0x0000000710400000, 0x0000000710400000, 0x0000000710600000|  0%| F|  |TAMS 0x0000000710400000| PB 0x0000000710400000| Untracked |  0
|  48|0x0000000710600000, 0x0000000710600000, 0x0000000710800000|  0%| F|  |TAMS 0x0000000710600000| PB 0x0000000710600000| Untracked |  0
|  49|0x0000000710800000, 0x0000000710800000, 0x0000000710a00000|  0%| F|  |TAMS 0x0000000710800000| PB 0x0000000710800000| Untracked |  0
|  50|0x0000000710a00000, 0x0000000710a00000, 0x0000000710c00000|  0%| F|  |TAMS 0x0000000710a00000| PB 0x0000000710a00000| Untracked |  0
|  51|0x0000000710c00000, 0x0000000710c00000, 0x0000000710e00000|  0%| F|  |TAMS 0x0000000710c00000| PB 0x0000000710c00000| Untracked |  0
|  52|0x0000000710e00000, 0x0000000710e00000, 0x0000000711000000|  0%| F|  |TAMS 0x0000000710e00000| PB 0x0000000710e00000| Untracked |  0
|  53|0x0000000711000000, 0x0000000711000000, 0x0000000711200000|  0%| F|  |TAMS 0x0000000711000000| PB 0x0000000711000000| Untracked |  0
|  54|0x0000000711200000, 0x0000000711200000, 0x0000000711400000|  0%| F|  |TAMS 0x0000000711200000| PB 0x0000000711200000| Untracked |  0
|  55|0x0000000711400000, 0x0000000711400000, 0x0000000711600000|  0%| F|  |TAMS 0x0000000711400000| PB 0x0000000711400000| Untracked |  0
|  56|0x0000000711600000, 0x0000000711600000, 0x0000000711800000|  0%| F|  |TAMS 0x0000000711600000| PB 0x0000000711600000| Untracked |  0
|  57|0x0000000711800000, 0x0000000711800000, 0x0000000711a00000|  0%| F|  |TAMS 0x0000000711800000| PB 0x0000000711800000| Untracked |  0
|  58|0x0000000711a00000, 0x0000000711a00000, 0x0000000711c00000|  0%| F|  |TAMS 0x0000000711a00000| PB 0x0000000711a00000| Untracked |  0
|  59|0x0000000711c00000, 0x0000000711c00000, 0x0000000711e00000|  0%| F|  |TAMS 0x0000000711c00000| PB 0x0000000711c00000| Untracked |  0
|  60|0x0000000711e00000, 0x0000000711e00000, 0x0000000712000000|  0%| F|  |TAMS 0x0000000711e00000| PB 0x0000000711e00000| Untracked |  0
|  61|0x0000000712000000, 0x0000000712000000, 0x0000000712200000|  0%| F|  |TAMS 0x0000000712000000| PB 0x0000000712000000| Untracked |  0
|  62|0x0000000712200000, 0x0000000712200000, 0x0000000712400000|  0%| F|  |TAMS 0x0000000712200000| PB 0x0000000712200000| Untracked |  0
|  63|0x0000000712400000, 0x0000000712400000, 0x0000000712600000|  0%| F|  |TAMS 0x0000000712400000| PB 0x0000000712400000| Untracked |  0
|  64|0x0000000712600000, 0x0000000712600000, 0x0000000712800000|  0%| F|  |TAMS 0x0000000712600000| PB 0x0000000712600000| Untracked |  0
|  65|0x0000000712800000, 0x0000000712800000, 0x0000000712a00000|  0%| F|  |TAMS 0x0000000712800000| PB 0x0000000712800000| Untracked |  0
|  66|0x0000000712a00000, 0x0000000712a00000, 0x0000000712c00000|  0%| F|  |TAMS 0x0000000712a00000| PB 0x0000000712a00000| Untracked |  0
|  67|0x0000000712c00000, 0x0000000712c00000, 0x0000000712e00000|  0%| F|  |TAMS 0x0000000712c00000| PB 0x0000000712c00000| Untracked |  0
|  68|0x0000000712e00000, 0x0000000712e00000, 0x0000000713000000|  0%| F|  |TAMS 0x0000000712e00000| PB 0x0000000712e00000| Untracked |  0
|  69|0x0000000713000000, 0x0000000713000000, 0x0000000713200000|  0%| F|  |TAMS 0x0000000713000000| PB 0x0000000713000000| Untracked |  0
|  70|0x0000000713200000, 0x0000000713200000, 0x0000000713400000|  0%| F|  |TAMS 0x0000000713200000| PB 0x0000000713200000| Untracked |  0
|  71|0x0000000713400000, 0x0000000713400000, 0x0000000713600000|  0%| F|  |TAMS 0x0000000713400000| PB 0x0000000713400000| Untracked |  0
|  72|0x0000000713600000, 0x0000000713600000, 0x0000000713800000|  0%| F|  |TAMS 0x0000000713600000| PB 0x0000000713600000| Untracked |  0
|  73|0x0000000713800000, 0x0000000713800000, 0x0000000713a00000|  0%| F|  |TAMS 0x0000000713800000| PB 0x0000000713800000| Untracked |  0
|  74|0x0000000713a00000, 0x0000000713a00000, 0x0000000713c00000|  0%| F|  |TAMS 0x0000000713a00000| PB 0x0000000713a00000| Untracked |  0
|  75|0x0000000713c00000, 0x0000000713c00000, 0x0000000713e00000|  0%| F|  |TAMS 0x0000000713c00000| PB 0x0000000713c00000| Untracked |  0
|  76|0x0000000713e00000, 0x0000000713e00000, 0x0000000714000000|  0%| F|  |TAMS 0x0000000713e00000| PB 0x0000000713e00000| Untracked |  0
|  77|0x0000000714000000, 0x0000000714000000, 0x0000000714200000|  0%| F|  |TAMS 0x0000000714000000| PB 0x0000000714000000| Untracked |  0
|  78|0x0000000714200000, 0x0000000714200000, 0x0000000714400000|  0%| F|  |TAMS 0x0000000714200000| PB 0x0000000714200000| Untracked |  0
|  79|0x0000000714400000, 0x0000000714400000, 0x0000000714600000|  0%| F|  |TAMS 0x0000000714400000| PB 0x0000000714400000| Untracked |  0
|  80|0x0000000714600000, 0x0000000714600000, 0x0000000714800000|  0%| F|  |TAMS 0x0000000714600000| PB 0x0000000714600000| Untracked |  0
|  81|0x0000000714800000, 0x0000000714800000, 0x0000000714a00000|  0%| F|  |TAMS 0x0000000714800000| PB 0x0000000714800000| Untracked |  0
|  82|0x0000000714a00000, 0x0000000714a00000, 0x0000000714c00000|  0%| F|  |TAMS 0x0000000714a00000| PB 0x0000000714a00000| Untracked |  0
|  83|0x0000000714c00000, 0x0000000714c00000, 0x0000000714e00000|  0%| F|  |TAMS 0x0000000714c00000| PB 0x0000000714c00000| Untracked |  0
|  84|0x0000000714e00000, 0x0000000714e00000, 0x0000000715000000|  0%| F|  |TAMS 0x0000000714e00000| PB 0x0000000714e00000| Untracked |  0
|  85|0x0000000715000000, 0x0000000715000000, 0x0000000715200000|  0%| F|  |TAMS 0x0000000715000000| PB 0x0000000715000000| Untracked |  0
|  86|0x0000000715200000, 0x0000000715200000, 0x0000000715400000|  0%| F|  |TAMS 0x0000000715200000| PB 0x0000000715200000| Untracked |  0
|  87|0x0000000715400000, 0x0000000715400000, 0x0000000715600000|  0%| F|  |TAMS 0x0000000715400000| PB 0x0000000715400000| Untracked |  0
|  88|0x0000000715600000, 0x0000000715600000, 0x0000000715800000|  0%| F|  |TAMS 0x0000000715600000| PB 0x0000000715600000| Untracked |  0
|  89|0x0000000715800000, 0x0000000715800000, 0x0000000715a00000|  0%| F|  |TAMS 0x0000000715800000| PB 0x0000000715800000| Untracked |  0
|  90|0x0000000715a00000, 0x0000000715a00000, 0x0000000715c00000|  0%| F|  |TAMS 0x0000000715a00000| PB 0x0000000715a00000| Untracked |  0
|  91|0x0000000715c00000, 0x0000000715c00000, 0x0000000715e00000|  0%| F|  |TAMS 0x0000000715c00000| PB 0x0000000715c00000| Untracked |  0
|  92|0x0000000715e00000, 0x0000000715e00000, 0x0000000716000000|  0%| F|  |TAMS 0x0000000715e00000| PB 0x0000000715e00000| Untracked |  0
|  93|0x0000000716000000, 0x0000000716000000, 0x0000000716200000|  0%| F|  |TAMS 0x0000000716000000| PB 0x0000000716000000| Untracked |  0
|  94|0x0000000716200000, 0x0000000716200000, 0x0000000716400000|  0%| F|  |TAMS 0x0000000716200000| PB 0x0000000716200000| Untracked |  0
|  95|0x0000000716400000, 0x0000000716400000, 0x0000000716600000|  0%| F|  |TAMS 0x0000000716400000| PB 0x0000000716400000| Untracked |  0
|  96|0x0000000716600000, 0x0000000716600000, 0x0000000716800000|  0%| F|  |TAMS 0x0000000716600000| PB 0x0000000716600000| Untracked |  0
|  97|0x0000000716800000, 0x0000000716800000, 0x0000000716a00000|  0%| F|  |TAMS 0x0000000716800000| PB 0x0000000716800000| Untracked |  0
|  98|0x0000000716a00000, 0x0000000716a00000, 0x0000000716c00000|  0%| F|  |TAMS 0x0000000716a00000| PB 0x0000000716a00000| Untracked |  0
|  99|0x0000000716c00000, 0x0000000716c00000, 0x0000000716e00000|  0%| F|  |TAMS 0x0000000716c00000| PB 0x0000000716c00000| Untracked |  0
| 100|0x0000000716e00000, 0x0000000716e00000, 0x0000000717000000|  0%| F|  |TAMS 0x0000000716e00000| PB 0x0000000716e00000| Untracked |  0
| 101|0x0000000717000000, 0x0000000717000000, 0x0000000717200000|  0%| F|  |TAMS 0x0000000717000000| PB 0x0000000717000000| Untracked |  0
| 102|0x0000000717200000, 0x0000000717200000, 0x0000000717400000|  0%| F|  |TAMS 0x0000000717200000| PB 0x0000000717200000| Untracked |  0
| 103|0x0000000717400000, 0x0000000717400000, 0x0000000717600000|  0%| F|  |TAMS 0x0000000717400000| PB 0x0000000717400000| Untracked |  0
| 104|0x0000000717600000, 0x0000000717600000, 0x0000000717800000|  0%| F|  |TAMS 0x0000000717600000| PB 0x0000000717600000| Untracked |  0
| 105|0x0000000717800000, 0x0000000717800000, 0x0000000717a00000|  0%| F|  |TAMS 0x0000000717800000| PB 0x0000000717800000| Untracked |  0
| 106|0x0000000717a00000, 0x0000000717a00000, 0x0000000717c00000|  0%| F|  |TAMS 0x0000000717a00000| PB 0x0000000717a00000| Untracked |  0
| 107|0x0000000717c00000, 0x0000000717c00000, 0x0000000717e00000|  0%| F|  |TAMS 0x0000000717c00000| PB 0x0000000717c00000| Untracked |  0
| 108|0x0000000717e00000, 0x0000000717e00000, 0x0000000718000000|  0%| F|  |TAMS 0x0000000717e00000| PB 0x0000000717e00000| Untracked |  0
| 109|0x0000000718000000, 0x0000000718000000, 0x0000000718200000|  0%| F|  |TAMS 0x0000000718000000| PB 0x0000000718000000| Untracked |  0
| 110|0x0000000718200000, 0x0000000718200000, 0x0000000718400000|  0%| F|  |TAMS 0x0000000718200000| PB 0x0000000718200000| Untracked |  0
| 111|0x0000000718400000, 0x0000000718400000, 0x0000000718600000|  0%| F|  |TAMS 0x0000000718400000| PB 0x0000000718400000| Untracked |  0
| 112|0x0000000718600000, 0x0000000718600000, 0x0000000718800000|  0%| F|  |TAMS 0x0000000718600000| PB 0x0000000718600000| Untracked |  0
| 113|0x0000000718800000, 0x0000000718800000, 0x0000000718a00000|  0%| F|  |TAMS 0x0000000718800000| PB 0x0000000718800000| Untracked |  0
| 114|0x0000000718a00000, 0x0000000718a00000, 0x0000000718c00000|  0%| F|  |TAMS 0x0000000718a00000| PB 0x0000000718a00000| Untracked |  0
| 115|0x0000000718c00000, 0x0000000718c00000, 0x0000000718e00000|  0%| F|  |TAMS 0x0000000718c00000| PB 0x0000000718c00000| Untracked |  0
| 116|0x0000000718e00000, 0x0000000718e00000, 0x0000000719000000|  0%| F|  |TAMS 0x0000000718e00000| PB 0x0000000718e00000| Untracked |  0
| 117|0x0000000719000000, 0x0000000719000000, 0x0000000719200000|  0%| F|  |TAMS 0x0000000719000000| PB 0x0000000719000000| Untracked |  0
| 118|0x0000000719200000, 0x0000000719200000, 0x0000000719400000|  0%| F|  |TAMS 0x0000000719200000| PB 0x0000000719200000| Untracked |  0
| 119|0x0000000719400000, 0x0000000719400000, 0x0000000719600000|  0%| F|  |TAMS 0x0000000719400000| PB 0x0000000719400000| Untracked |  0
| 120|0x0000000719600000, 0x0000000719770ad8, 0x0000000719800000| 72%| E|  |TAMS 0x0000000719600000| PB 0x0000000719600000| Complete |  0
| 121|0x0000000719800000, 0x0000000719a00000, 0x0000000719a00000|100%| E|CS|TAMS 0x0000000719800000| PB 0x0000000719800000| Complete |  0
| 122|0x0000000719a00000, 0x0000000719c00000, 0x0000000719c00000|100%| E|CS|TAMS 0x0000000719a00000| PB 0x0000000719a00000| Complete |  0

Card table byte_map: [0x00000278f8760000,0x00000278f8f10000] _byte_map_base: 0x00000278f4f0d000

Marking Bits: (CMBitMap*) 0x00000278ef77f970
 Bits: [0x00000278f8f10000, 0x00000278fcc78000)

Polling page: 0x00000278ed6a0000

Metaspace:

Usage:
  Non-class:      2.68 MB used.
      Class:    313.43 KB used.
       Both:      2.99 MB used.

Virtual space:
  Non-class space:       64.00 MB reserved,       2.75 MB (  4%) committed,  1 nodes.
      Class space:        1.00 GB reserved,     384.00 KB ( <1%) committed,  1 nodes.
             Both:        1.06 GB reserved,       3.12 MB ( <1%) committed. 

Chunk freelists:
   Non-Class:  11.91 MB
       Class:  15.57 MB
        Both:  27.48 MB

MaxMetaspaceSize: unlimited
CompressedClassSpaceSize: 1.00 GB
Initial GC threshold: 21.00 MB
Current GC threshold: 21.00 MB
CDS: on
 - commit_granule_bytes: 65536.
 - commit_granule_words: 8192.
 - virtual_space_node_default_size: 8388608.
 - enlarge_chunks_in_place: 1.
 - use_allocation_guard: 0.


Internal statistics:

num_allocs_failed_limit: 0.
num_arena_births: 90.
num_arena_deaths: 0.
num_vsnodes_births: 2.
num_vsnodes_deaths: 0.
num_space_committed: 50.
num_space_uncommitted: 0.
num_chunks_returned_to_freelist: 0.
num_chunks_taken_from_freelist: 110.
num_chunk_merges: 0.
num_chunk_splits: 65.
num_chunks_enlarged: 23.
num_inconsistent_stats: 0.

CodeHeap 'non-profiled nmethods': size=120000Kb used=138Kb max_used=138Kb free=119861Kb
 bounds [0x0000027887ad0000, 0x0000027887d40000, 0x000002788f000000]
CodeHeap 'profiled nmethods': size=120000Kb used=547Kb max_used=547Kb free=119452Kb
 bounds [0x0000027880000000, 0x0000027880270000, 0x0000027887530000]
CodeHeap 'non-nmethods': size=5760Kb used=1395Kb max_used=1403Kb free=4364Kb
 bounds [0x0000027887530000, 0x00000278877a0000, 0x0000027887ad0000]
 total_blobs=907 nmethods=417 adapters=395
 compilation: enabled
              stopped_count=0, restarted_count=0
 full_count=0

Compilation events (20 events):
Event: 0.150 Thread 0x00000278ff8f8750  407       3       java.lang.invoke.MemberName::getName (25 bytes)
Event: 0.150 Thread 0x00000278ff8f8750 nmethod 407 0x0000027880080b10 code [0x0000027880080ce0, 0x0000027880081048]
Event: 0.150 Thread 0x00000278ff8f8750  408       3       java.lang.Class::getName (18 bytes)
Event: 0.150 Thread 0x00000278ff8f8750 nmethod 408 0x0000027880081110 code [0x00000278800812c0, 0x0000027880081450]
Event: 0.150 Thread 0x00000278ff8f8750  406       3       java.util.HashSet::contains (9 bytes)
Event: 0.150 Thread 0x00000278ff8f8750 nmethod 406 0x0000027880081510 code [0x00000278800816c0, 0x0000027880081938]
Event: 0.150 Thread 0x00000278ff8f8750  409       3       jdk.internal.org.objectweb.asm.Type::getArgumentsAndReturnSizes (140 bytes)
Event: 0.152 Thread 0x00000278ff8f8750 nmethod 409 0x0000027880081a10 code [0x0000027880081dc0, 0x0000027880083948]
Event: 0.162 Thread 0x00000278ff8f8750  411       3       java.lang.invoke.MemberName::checkForTypeAlias (180 bytes)
Event: 0.163 Thread 0x00000278ff8f8750 nmethod 411 0x0000027880084410 code [0x0000027880084860, 0x0000027880086410]
Event: 0.163 Thread 0x00000278ff8f8750  412       3       java.lang.StringLatin1::lastIndexOf (40 bytes)
Event: 0.163 Thread 0x00000278ff8f8750 nmethod 412 0x0000027880086c90 code [0x0000027880086e60, 0x0000027880087258]
Event: 0.207 Thread 0x00000278ff8f8750  414       3       java.lang.invoke.MethodType::basicType (8 bytes)
Event: 0.207 Thread 0x00000278ff8f8750 nmethod 414 0x0000027880087390 code [0x0000027880087520, 0x0000027880087658]
Event: 0.207 Thread 0x00000278ff8f7ca0  415       4       java.lang.String::length (11 bytes)
Event: 0.207 Thread 0x00000278ff8f8750  416       3       java.lang.invoke.MethodHandle::<init> (37 bytes)
Event: 0.208 Thread 0x00000278ff8f8750 nmethod 416 0x0000027880087710 code [0x0000027880087920, 0x0000027880087ea8]
Event: 0.208 Thread 0x00000278ff8f8750  417       3       java.lang.invoke.LambdaForm::prepare (108 bytes)
Event: 0.208 Thread 0x00000278ff8f7ca0 nmethod 415 0x0000027887af2710 code [0x0000027887af2880, 0x0000027887af2930]
Event: 0.208 Thread 0x00000278ff8f8750 nmethod 417 0x0000027880088110 code [0x0000027880088360, 0x0000027880088b38]

GC Heap History (0 events):
No events

Dll operation events (7 events):
Event: 0.009 Loaded shared library C:\Program Files\Java\jdk-22\bin\java.dll
Event: 0.033 Loaded shared library C:\Program Files\Java\jdk-22\bin\jsvml.dll
Event: 0.057 Loaded shared library C:\Program Files\Java\jdk-22\bin\net.dll
Event: 0.059 Loaded shared library C:\Program Files\Java\jdk-22\bin\nio.dll
Event: 0.074 Loaded shared library C:\Program Files\Java\jdk-22\bin\zip.dll
Event: 0.085 Loaded shared library C:\Program Files\Java\jdk-22\bin\jimage.dll
Event: 0.097 Loaded shared library C:\Program Files\Java\jdk-22\bin\awt.dll

Deoptimization events (0 events):
No events

Classes loaded (20 events):
Event: 0.211 Loading class sun/swing/SwingAccessor done
Event: 0.211 Loading class javax/swing/KeyStroke
Event: 0.211 Loading class javax/swing/KeyStroke done
Event: 0.211 Loading class javax/swing/KeyStroke$1
Event: 0.211 Loading class sun/swing/SwingAccessor$KeyStrokeAccessor
Event: 0.211 Loading class sun/swing/SwingAccessor$KeyStrokeAccessor done
Event: 0.211 Loading class javax/swing/KeyStroke$1 done
Event: 0.211 Loading class sun/awt/windows/WKeyboardFocusManagerPeer
Event: 0.211 Loading class sun/awt/KeyboardFocusManagerPeerImpl
Event: 0.211 Loading class java/awt/peer/KeyboardFocusManagerPeer
Event: 0.211 Loading class java/awt/peer/KeyboardFocusManagerPeer done
Event: 0.211 Loading class sun/awt/KeyboardFocusManagerPeerImpl done
Event: 0.211 Loading class sun/awt/windows/WKeyboardFocusManagerPeer done
Event: 0.212 Loading class javax/swing/JComponent$1
Event: 0.212 Loading class sun/swing/SwingAccessor$JComponentAccessor
Event: 0.212 Loading class sun/swing/SwingAccessor$JComponentAccessor done
Event: 0.212 Loading class javax/swing/JComponent$1 done
Event: 0.212 Loading class javax/swing/JComponent$2
Event: 0.212 Loading class javax/swing/JComponent$2 done
Event: 0.212 Loading class javax/swing/SwingUtilities

Classes unloaded (0 events):
No events

Classes redefined (0 events):
No events

Internal exceptions (6 events):
Event: 0.060 Thread 0x00000278ed4fd7c0 Exception <a 'sun/nio/fs/WindowsException'{0x00000007198a85f8}> (0x00000007198a85f8) 
thrown [s\open\src\hotspot\share\prims\jni.cpp, line 520]
Event: 0.061 Thread 0x00000278ed4fd7c0 Exception <a 'sun/nio/fs/WindowsException'{0x00000007198aab20}> (0x00000007198aab20) 
thrown [s\open\src\hotspot\share\prims\jni.cpp, line 520]
Event: 0.061 Thread 0x00000278ed4fd7c0 Exception <a 'sun/nio/fs/WindowsException'{0x00000007198ab628}> (0x00000007198ab628) 
thrown [s\open\src\hotspot\share\prims\jni.cpp, line 520]
Event: 0.089 Thread 0x00000278ed4fd7c0 Exception <a 'java/lang/ClassNotFoundException'{0x0000000719976f50}: sun/awt/resources/spi/awtProvider> (0x0000000719976f50) 
thrown [s\open\src\hotspot\share\classfile\systemDictionary.cpp, line 313]
Event: 0.106 Thread 0x00000278ed4fd7c0 Exception <a 'java/io/FileNotFoundException'{0x00000007199caaf8}> (0x00000007199caaf8) 
thrown [s\open\src\hotspot\share\prims\jni.cpp, line 520]
Event: 0.111 Thread 0x00000278ed4fd7c0 Exception <a 'java/io/FileNotFoundException'{0x00000007199f8f30}> (0x00000007199f8f30) 
thrown [s\open\src\hotspot\share\prims\jni.cpp, line 520]

ZGC Phase Switch (0 events):
No events

VM Operations (4 events):
Event: 0.062 Executing VM operation: HandshakeAllThreads (Deoptimize)
Event: 0.062 Executing VM operation: HandshakeAllThreads (Deoptimize) done
Event: 0.117 Executing VM operation: HandshakeAllThreads (Deoptimize)
Event: 0.117 Executing VM operation: HandshakeAllThreads (Deoptimize) done

Events (15 events):
Event: 0.020 Thread 0x00000278ed4fd7c0 Thread added: 0x00000278ed4fd7c0
Event: 0.031 Thread 0x00000278ff8d9150 Thread added: 0x00000278ff8d9150
Event: 0.031 Thread 0x00000278ff8d9e70 Thread added: 0x00000278ff8d9e70
Event: 0.031 Thread 0x00000278ff8de460 Thread added: 0x00000278ff8de460
Event: 0.031 Thread 0x00000278ff8e12c0 Thread added: 0x00000278ff8e12c0
Event: 0.032 Thread 0x00000278ff8e1d20 Thread added: 0x00000278ff8e1d20
Event: 0.032 Thread 0x00000278ff8e28b0 Thread added: 0x00000278ff8e28b0
Event: 0.032 Thread 0x00000278ff8f7ca0 Thread added: 0x00000278ff8f7ca0
Event: 0.032 Thread 0x00000278ff8f8750 Thread added: 0x00000278ff8f8750
Event: 0.049 Thread 0x00000278ff91e890 Thread added: 0x00000278ff91e890
Event: 0.070 Thread 0x00000278d42e35c0 Thread added: 0x00000278d42e35c0
Event: 0.076 Thread 0x00000278d431e080 Thread added: 0x00000278d431e080
Event: 0.149 Thread 0x00000278d4444cb0 Thread added: 0x00000278d4444cb0
Event: 0.150 Thread 0x00000278d4448c10 Thread added: 0x00000278d4448c10
Event: 0.151 Thread 0x00000278d44509a0 Thread added: 0x00000278d44509a0


Dynamic libraries:
0x00007ff710f90000 - 0x00007ff710fa0000 	C:\Program Files\Java\jdk-22\bin\java.exe
0x00007ffedd0d0000 - 0x00007ffedd2e7000 	C:\windows\SYSTEM32\ntdll.dll
0x00007ffedb930000 - 0x00007ffedb9f4000 	C:\windows\System32\KERNEL32.DLL
0x00007ffeda910000 - 0x00007ffedacc9000 	C:\windows\System32\KERNELBASE.dll
0x00007ffeda610000 - 0x00007ffeda721000 	C:\windows\System32\ucrtbase.dll
0x00007ffeb4bf0000 - 0x00007ffeb4c0b000 	C:\Program Files\Java\jdk-22\bin\VCRUNTIME140.dll
0x00007ffec5430000 - 0x00007ffec5447000 	C:\Program Files\Java\jdk-22\bin\jli.dll
0x00007ffedc5e0000 - 0x00007ffedc692000 	C:\windows\System32\ADVAPI32.dll
0x00007ffedaf20000 - 0x00007ffedafc7000 	C:\windows\System32\msvcrt.dll
0x00007ffedc140000 - 0x00007ffedc1e7000 	C:\windows\System32\sechost.dll
0x00007ffeda3d0000 - 0x00007ffeda3f8000 	C:\windows\System32\bcrypt.dll
0x00007ffedb5a0000 - 0x00007ffedb6b4000 	C:\windows\System32\RPCRT4.dll
0x00007ffedc1f0000 - 0x00007ffedc39e000 	C:\windows\System32\USER32.dll
0x00007ffeda520000 - 0x00007ffeda546000 	C:\windows\System32\win32u.dll
0x00007ffebe8c0000 - 0x00007ffebeb52000 	C:\windows\WinSxS\amd64_microsoft.windows.common-controls_6595b64144ccf1df_6.0.22621.4391_none_2715d37f73803e96\COMCTL32.dll
0x00007ffedaef0000 - 0x00007ffedaf19000 	C:\windows\System32\GDI32.dll
0x00007ffedacd0000 - 0x00007ffedadeb000 	C:\windows\System32\gdi32full.dll
0x00007ffeda400000 - 0x00007ffeda49a000 	C:\windows\System32\msvcp_win.dll
0x00007ffed2c70000 - 0x00007ffed2c7a000 	C:\windows\SYSTEM32\VERSION.dll
0x00007ffedadf0000 - 0x00007ffedae21000 	C:\windows\System32\IMM32.DLL
0x00007ffec3500000 - 0x00007ffec350c000 	C:\Program Files\Java\jdk-22\bin\vcruntime140_1.dll
0x00007ffe8f8c0000 - 0x00007ffe8f94e000 	C:\Program Files\Java\jdk-22\bin\msvcp140.dll
0x00007ffe8fd50000 - 0x00007ffe90a97000 	C:\Program Files\Java\jdk-22\bin\server\jvm.dll
0x00007ffedb8b0000 - 0x00007ffedb921000 	C:\windows\System32\WS2_32.dll
0x00007ffed9c50000 - 0x00007ffed9c9d000 	C:\windows\SYSTEM32\POWRPROF.dll
0x00007ffed56e0000 - 0x00007ffed5714000 	C:\windows\SYSTEM32\WINMM.dll
0x00007ffed9c30000 - 0x00007ffed9c43000 	C:\windows\SYSTEM32\UMPDC.dll
0x00007ffed9410000 - 0x00007ffed9428000 	C:\windows\SYSTEM32\kernel.appcore.dll
0x00007ffec24c0000 - 0x00007ffec24ca000 	C:\Program Files\Java\jdk-22\bin\jimage.dll
0x00007ffed7d60000 - 0x00007ffed7f92000 	C:\windows\SYSTEM32\DBGHELP.DLL
0x00007ffedbd90000 - 0x00007ffedc11f000 	C:\windows\System32\combase.dll
0x00007ffedbcb0000 - 0x00007ffedbd87000 	C:\windows\System32\OLEAUT32.dll
0x00007ffecfd40000 - 0x00007ffecfd72000 	C:\windows\SYSTEM32\dbgcore.DLL
0x00007ffeda4a0000 - 0x00007ffeda51b000 	C:\windows\System32\bcryptPrimitives.dll
0x00007ffead610000 - 0x00007ffead62e000 	C:\Program Files\Java\jdk-22\bin\java.dll
0x00007ffedc790000 - 0x00007ffedd006000 	C:\windows\System32\SHELL32.dll
0x00007ffedba00000 - 0x00007ffedbba5000 	C:\windows\System32\ole32.dll
0x00007ffed8310000 - 0x00007ffed8c13000 	C:\windows\SYSTEM32\windows.storage.dll
0x00007ffed81d0000 - 0x00007ffed830f000 	C:\windows\SYSTEM32\wintypes.dll
0x00007ffedbbb0000 - 0x00007ffedbca9000 	C:\windows\System32\SHCORE.dll
0x00007ffedae90000 - 0x00007ffedaeee000 	C:\windows\System32\shlwapi.dll
0x00007ffeda300000 - 0x00007ffeda32b000 	C:\windows\SYSTEM32\profapi.dll
0x00007ffe91440000 - 0x00007ffe91517000 	C:\Program Files\Java\jdk-22\bin\jsvml.dll
0x00007ffec2320000 - 0x00007ffec2330000 	C:\Program Files\Java\jdk-22\bin\net.dll
0x00007ffed9900000 - 0x00007ffed9969000 	C:\windows\system32\mswsock.dll
0x00007ffea5140000 - 0x00007ffea5156000 	C:\Program Files\Java\jdk-22\bin\nio.dll
0x00007ffea3830000 - 0x00007ffea3847000 	C:\Program Files\Java\jdk-22\bin\zip.dll
0x00007ffe8f950000 - 0x00007ffe8fade000 	C:\Program Files\Java\jdk-22\bin\awt.dll
0x00007ffed4e00000 - 0x00007ffed4e97000 	C:\windows\SYSTEM32\apphelp.dll
0x00007ffed77f0000 - 0x00007ffed781b000 	C:\windows\system32\DWMAPI.DLL
0x00007ffed7530000 - 0x00007ffed75e1000 	C:\windows\system32\uxtheme.dll
0x00007ffe8f7c0000 - 0x00007ffe8f8c0000 	C:\windows\system32\opengl32.dll
0x00007ffe9e520000 - 0x00007ffe9e54d000 	C:\windows\SYSTEM32\GLU32.dll
0x00007ffed7680000 - 0x00007ffed76b7000 	C:\windows\SYSTEM32\dxcore.dll
0x00007ffedc460000 - 0x00007ffedc5c0000 	C:\windows\System32\MSCTF.dll
0x00007ffe9cd30000 - 0x00007ffe9ced8000 	C:\windows\system32\d3d9.dll
0x00007ffed05c0000 - 0x00007ffed077b000 	C:\windows\System32\DriverStore\FileRepository\u0387389.inf_amd64_995be970e30b8c79\B385477\aticfx64.dll
0x00007ffec6ac0000 - 0x00007ffec6af4000 	C:\windows\System32\DriverStore\FileRepository\u0387389.inf_amd64_995be970e30b8c79\B385477\atiu9p64.dll
0x00007ffe647b0000 - 0x00007ffe65505000 	C:\windows\System32\DriverStore\FileRepository\u0387389.inf_amd64_995be970e30b8c79\B385477\atiumd64.dll
0x00007ffecda80000 - 0x00007ffecdab5000 	C:\windows\SYSTEM32\amdihk64.dll
0x00007ffed2f60000 - 0x00007ffed2fa9000 	C:\windows\SYSTEM32\directxdatabasehelper.dll

dbghelp: loaded successfully - version: 4.0.5 - missing functions: none
symbol engine: initialized successfully - sym options: 0x614 - pdb path: .;C:\Program Files\Java\jdk-22\bin;C:\windows\SYSTEM32;C:\windows\WinSxS\amd64_microsoft.windows.common-controls_6595b64144ccf1df_6.0.22621.4391_none_2715d37f73803e96;C:\Program Files\Java\jdk-22\bin\server;C:\windows\System32\DriverStore\FileRepository\u0387389.inf_amd64_995be970e30b8c79\B385477

VM Arguments:
jvm_args: -Dfile.encoding=UTF-8 --module-path=C:\Users\dhond\Documents\NetBeansProjects\Bank management system\build\classes 
java_command: bank.management.system.Signup3
java_class_path (initial): C:\Users\dhond\Downloads\jcalendar-tz-1.3.3-4.jar;C:\Users\dhond\Downloads\mysql-connector-java-8.0.28.jar;C:\Users\dhond\Documents\NetBeansProjects\Bank management system\build\classes
Launcher Type: SUN_STANDARD

[Global flags]
     intx CICompilerCount                          = 4                                         {product} {ergonomic}
     uint ConcGCThreads                            = 3                                         {product} {ergonomic}
     uint G1ConcRefinementThreads                  = 10                                        {product} {ergonomic}
   size_t G1HeapRegionSize                         = 2097152                                   {product} {ergonomic}
   size_t InitialHeapSize                          = 257949696                                 {product} {ergonomic}
   size_t MarkStackSize                            = 4194304                                   {product} {ergonomic}
   size_t MaxHeapSize                              = 4120903680                                {product} {ergonomic}
   size_t MaxNewSize                               = 2472542208                                {product} {ergonomic}
   size_t MinHeapDeltaBytes                        = 2097152                                   {product} {ergonomic}
   size_t MinHeapSize                              = 8388608                                   {product} {ergonomic}
    uintx NonNMethodCodeHeapSize                   = 5839372                                {pd product} {ergonomic}
    uintx NonProfiledCodeHeapSize                  = 122909434                              {pd product} {ergonomic}
    uintx ProfiledCodeHeapSize                     = 122909434                              {pd product} {ergonomic}
    uintx ReservedCodeCacheSize                    = 251658240                              {pd product} {ergonomic}
     bool SegmentedCodeCache                       = true                                      {product} {ergonomic}
   size_t SoftMaxHeapSize                          = 4120903680                             {manageable} {ergonomic}
     bool UseCompressedOops                        = true                           {product lp64_product} {ergonomic}
     bool UseG1GC                                  = true                                      {product} {ergonomic}
     bool UseLargePagesIndividualAllocation        = false                                  {pd product} {ergonomic}

Logging:
Log output configuration:
 #0: stdout all=warning uptime,level,tags foldmultilines=false
 #1: stderr all=off uptime,level,tags foldmultilines=false

Environment Variables:
PATH=C:\Program Files\Common Files\Oracle\Java\javapath;C:\Python312\Scripts\;C:\Python312\;C:\Program Files\Microsoft MPI\Bin\;C:\windows\system32;C:\windows;C:\windows\System32\Wbem;C:\windows\System32\WindowsPowerShell\v1.0\;C:\windows\System32\OpenSSH\;C:\Program Files\Azure Data Studio\bin;C:\Program Files\MySQL\MySQL Server 8.0\bin;C:\Program Files\nodejs\;C:\ProgramData\chocolatey\bin;C:\Program Files\Java\jdk-22\bin;C:\Program Files\MySQL\MySQL Shell 8.0\bin\;C:\Users\dhond\AppData\Local\Programs\Python\Python312\Scripts\;C:\Users\dhond\AppData\Local\Programs\Python\Python312\;C:\Program Files\Python312;C:\Users\dhond\AppData\Local\Programs\Microsoft VS Code\bin;C:\Program Files\Java\jdk-17\bin;
USERNAME=dhond
OS=Windows_NT
PROCESSOR_IDENTIFIER=AMD64 Family 25 Model 80 Stepping 0, AuthenticAMD
TMP=C:\Users\dhond\AppData\Local\Temp
TEMP=C:\Users\dhond\AppData\Local\Temp




Periodic native trim disabled

---------------  S Y S T E M  ---------------

OS:
 Windows 11 , 64 bit Build 22621 (10.0.22621.4391)
OS uptime: 13 days 19:34 hours

CPU: total 12 (initial active 12) (12 cores per cpu, 2 threads per core) family 25 model 80 stepping 0 microcode 0x0, cx8, cmov, fxsr, ht, mmx, 3dnowpref, sse, sse2, sse3, ssse3, sse4a, sse4.1, sse4.2, popcnt, lzcnt, tsc, tscinvbit, avx, avx2, aes, erms, clmul, bmi1, bmi2, adx, sha, fma, vzeroupper, clflush, clflushopt, rdtscp, rdpid, fsrm, f16c, pku, cet_ss
Processor Information for processor 0
  Max Mhz: 2301, Current Mhz: 2010, Mhz Limit: 2301
Processor Information for processor 1
  Max Mhz: 2301, Current Mhz: 2301, Mhz Limit: 2301
Processor Information for processor 2
  Max Mhz: 2301, Current Mhz: 2010, Mhz Limit: 2301
Processor Information for processor 3
  Max Mhz: 2301, Current Mhz: 2301, Mhz Limit: 2301
Processor Information for processor 4
  Max Mhz: 2301, Current Mhz: 2010, Mhz Limit: 2301
Processor Information for processor 5
  Max Mhz: 2301, Current Mhz: 2010, Mhz Limit: 2301
Processor Information for processor 6
  Max Mhz: 2301, Current Mhz: 2010, Mhz Limit: 2301
Processor Information for processor 7
  Max Mhz: 2301, Current Mhz: 2010, Mhz Limit: 2301
Processor Information for processor 8
  Max Mhz: 2301, Current Mhz: 2010, Mhz Limit: 2301
Processor Information for processor 9
  Max Mhz: 2301, Current Mhz: 2010, Mhz Limit: 2301
Processor Information for processor 10
  Max Mhz: 2301, Current Mhz: 2010, Mhz Limit: 2301
Processor Information for processor 11
  Max Mhz: 2301, Current Mhz: 2010, Mhz Limit: 2301

Memory: 4k page, system-wide physical 15712M (6019M free)
TotalPageFile size 48275M (AvailPageFile size 2M)
current process WorkingSet (physical memory assigned to process): 50M, peak: 50M
current process commit charge ("private bytes"): 340M, peak: 348M

vm_info: Java HotSpot(TM) 64-Bit Server VM (22.0.1+8-16) for windows-amd64 JRE (22.0.1+8-16), built on 2024-03-12T10:33:16Z by "mach5one" with MS VC++ 17.6 (VS2022)

END.
